<html>
<body>
<pre>
<h1>µVision Build Log</h1>
<h2>Tool Versions:</h2>
IDE-Version: ¦ÌVision V5.14.1
Copyright (C) 2015 ARM Ltd and ARM Germany GmbH. All rights reserved.
License Information: Cortex-M3, Centre South, LIC=HN0AE-5DMD3-01WP1-CWNZT-CLL2P-28CZY
 
Tool Versions:
Toolchain:       MDK-ARM Standard  Version: 5.39.0.0
Toolchain Path:  D:\ARM\ARMCC\Bin
C Compiler:      Armcc.exe V5.06 update 7 (build 960)
Assembler:       Armasm.exe V5.06 update 7 (build 960)
Linker/Locator:  ArmLink.exe V5.06 update 7 (build 960)
Library Manager: ArmAr.exe V5.06 update 7 (build 960)
Hex Converter:   FromElf.exe V5.06 update 7 (build 960)
CPU DLL:         SARMCM3.DLL V5.39.0.0
Dialog DLL:      DCM.DLL V1.17.5.0
Target DLL:      CMSIS_AGDI.dll V1.33.16.0
Dialog DLL:      TCM.DLL V1.56.4.0
 
<h2>Project:</h2>
D:\Microcontrollers_and_Embedded_Systems\CourseDesign_DigitNN\keil_touch_digit_nn\Project\RVMDK£¨uv5£©\BH-F103.uvprojx
Project File Date:  06/07/2026

<h2>Output:</h2>
*** Using Compiler 'V5.06 update 7 (build 960)', folder: 'D:\ARM\ARMCC\Bin'
Build target 'DigitNN_Touch'
assembling startup_stm32f10x_hd.s...
compiling system_stm32f10x.c...
compiling misc.c...
compiling stm32f10x_adc.c...
compiling stm32f10x_bkp.c...
compiling stm32f10x_can.c...
compiling stm32f10x_cec.c...
compiling stm32f10x_crc.c...
compiling stm32f10x_dac.c...
compiling stm32f10x_dbgmcu.c...
compiling stm32f10x_dma.c...
compiling stm32f10x_exti.c...
compiling stm32f10x_flash.c...
compiling stm32f10x_fsmc.c...
compiling stm32f10x_gpio.c...
compiling stm32f10x_i2c.c...
compiling stm32f10x_iwdg.c...
compiling stm32f10x_pwr.c...
compiling stm32f10x_rcc.c...
compiling stm32f10x_rtc.c...
compiling stm32f10x_sdio.c...
compiling stm32f10x_spi.c...
compiling stm32f10x_tim.c...
compiling stm32f10x_usart.c...
compiling stm32f10x_wwdg.c...
compiling main.c...
compiling stm32f10x_it.c...
compiling bsp_usart.c...
compiling bsp_led.c...
compiling bsp_spi_flash.c...
compiling bsp_ili9341_lcd.c...
compiling bsp_xpt2046_lcd.c...
compiling fonts.c...
compiling palette.c...
compiling digit_recognition_app.c...
compiling fnn.c...
compiling cnn.c...
compiling image_preprocess.c...
compiling perceptron.c...
compiling recognizer.c...
compiling FNN_Data.c...
compiling CNN_Data.c...
compiling PerceptronData.c...
linking...
Program Size: Code=20306 RO-data=79054 RW-data=292 ZI-data=13300  
FromELF: creating hex file...
"..\..\Output\DigitNN_Touch.axf" - 0 Error(s), 0 Warning(s).

<h2>Collection of Component include folders:</h2>
  D:\Microcontrollers_and_Embedded_Systems\CourseDesign_DigitNN\keil_touch_digit_nn\Project\RVMDK£¨uv5£©\RTE
  D:\ARM\PACK\Keil\STM32F1xx_DFP\2.4.1\Device\Include

<h2>Collection of Component Files used:</h2>
</pre>
</body>
</html>
