main.c:104:13:Show_GPIO_Init	40	static
main.c:142:13:Show_ADC_Init	16	static
main.c:173:13:Show_UART_Init	24	static
main.c:187:13:LCD_PulseEnable	8	static
main.c:195:13:LCD_Write4	16	static
main.c:204:13:LCD_Command	16	static
main.c:212:13:LCD_Data	16	static
main.c:220:13:LCD_Init	8	static
main.c:238:13:LCD_Clear	8	static
main.c:244:13:LCD_SetCursor	16	static
main.c:253:13:LCD_Print	16	static
main.c:261:13:Show_RenderStep	8	static
main.c:274:13:Show_UART_WriteChar	16	static
main.c:281:13:Show_UART_WriteString	16	static
main.c:289:16:Show_UART_ReadByte	16	static
main.c:299:17:Show_ReadContrastAdc	16	static
main.c:319:13:Show_UpdateContrastLine	16	static
main.c:351:13:Show_HandleCommand	16	static
main.c:363:13:Show_SendStatus	8	static
main.c:379:5:main	16	static
main.c:449:6:SystemClock_Config	72	static
main.c:488:6:Error_Handler	4	static,ignoring_inline_asm
