2026-05-30 21:49:12,648 [INFO] Activator:170 - 


2026-05-30 21:49:12,658 [INFO] Activator:171 - !SESSION log4j initialized
2026-05-30 21:49:16,295 [INFO] McuFinderGlobals:40 - Set McuFinder mode to 2 (CubeIDE integrated)
2026-05-30 21:49:17,305 [INFO] ApplicationProperties:181 - Using Application install path: D:\STM32CubeIDE_1.5.0\STM32CubeIDE\plugins\com.st.stm32cube.common.mx_6.1.0.202011121557
2026-05-30 21:49:17,316 [INFO] DbMcusXml:71 - Set database path to: D:\STM32CubeIDE_1.5.0\STM32CubeIDE\plugins\com.st.stm32cube.common.mx_6.1.0.202011121557\\db\/mcu/
2026-05-30 21:49:17,321 [INFO] DbBoardsPdsc:57 - Set plugin database path to: D:\STM32CubeIDE_1.5.0\STM32CubeIDE\plugins\com.st.stm32cube.common.mx_6.1.0.202011121557\\db\/plugins/boardmanager/
2026-05-30 21:49:17,321 [INFO] DbMcus:259 - Set plugin images path to: D:\STM32CubeIDE_1.5.0\STM32CubeIDE\plugins\com.st.stm32cube.common.mx_6.1.0.202011121557\\db\/plugins/mcufinder/images/
2026-05-30 21:49:17,321 [INFO] DbBoards:265 - Set plugin images path to: D:\STM32CubeIDE_1.5.0\STM32CubeIDE\plugins\com.st.stm32cube.common.mx_6.1.0.202011121557\\db\/plugins/mcufinder/images/
2026-05-30 21:49:17,321 [INFO] DbExamples:329 - Set plugin images path to: D:\STM32CubeIDE_1.5.0\STM32CubeIDE\plugins\com.st.stm32cube.common.mx_6.1.0.202011121557\\db\/plugins/mcufinder/images/
2026-05-30 21:49:17,333 [INFO] DbMcusDocs:112 - Set database path to: C:\Users\34886\.stmcufinder\plugins\mcufinder//mcu/
2026-05-30 21:49:17,336 [INFO] DbMcusJson:63 - Set database path to: C:\Users\34886\.stmcufinder\plugins\mcufinder//mcu/
2026-05-30 21:49:17,336 [INFO] DbBoardsDocs:112 - Set database path to: C:\Users\34886\.stmcufinder\plugins\mcufinder//mcu/
2026-05-30 21:49:17,336 [INFO] DbBoardsJson:56 - Set database path to: C:\Users\34886\.stmcufinder\plugins\mcufinder//mcu/
2026-05-30 21:49:17,342 [INFO] CrossReferenceDbSqlite:196 - Set database path to: C:\Users\34886\.stmcufinder\plugins\mcufinder//mcu/cs/
2026-05-30 21:49:17,345 [INFO] DbExamplesSqlite:699 - Set database path to: C:\Users\34886\.stmcufinder\plugins\mcufinder//mcu/
2026-05-30 21:49:17,452 [INFO] RulesReader:52 - Compatibility file has been processed (228 Rules)
2026-05-30 21:49:17,535 [INFO] MicroXplorer:565 - Detected Java Version = 1.8.0_272
2026-05-30 21:49:17,535 [INFO] DbMcusXml:71 - Set database path to: D:\STM32CubeIDE_1.5.0\STM32CubeIDE\plugins\com.st.stm32cube.common.mx_6.1.0.202011121557\\db\/mcu/
2026-05-30 21:49:17,535 [INFO] DbBoardsPdsc:57 - Set plugin database path to: D:\STM32CubeIDE_1.5.0\STM32CubeIDE\plugins\com.st.stm32cube.common.mx_6.1.0.202011121557\\db\/plugins/boardmanager/
2026-05-30 21:49:17,540 [INFO] DbMcus:259 - Set plugin images path to: D:\STM32CubeIDE_1.5.0\STM32CubeIDE\plugins\com.st.stm32cube.common.mx_6.1.0.202011121557\\db\/plugins/mcufinder/images/
2026-05-30 21:49:17,540 [INFO] DbBoards:265 - Set plugin images path to: D:\STM32CubeIDE_1.5.0\STM32CubeIDE\plugins\com.st.stm32cube.common.mx_6.1.0.202011121557\\db\/plugins/mcufinder/images/
2026-05-30 21:49:17,540 [INFO] DbExamples:329 - Set plugin images path to: D:\STM32CubeIDE_1.5.0\STM32CubeIDE\plugins\com.st.stm32cube.common.mx_6.1.0.202011121557\\db\/plugins/mcufinder/images/
2026-05-30 21:49:17,540 [WARN] DbFile:36 - Overriding database path with different value: C:\Users\34886\.stmcufinder\plugins\mcufinder/ => C:\Users\34886\.stmcufinder\plugins\mcufinder
2026-05-30 21:49:17,540 [INFO] DbMcusDocs:112 - Set database path to: C:\Users\34886\.stmcufinder\plugins\mcufinder//mcu/
2026-05-30 21:49:17,540 [WARN] DbFile:36 - Overriding database path with different value: C:\Users\34886\.stmcufinder\plugins\mcufinder/ => C:\Users\34886\.stmcufinder\plugins\mcufinder
2026-05-30 21:49:17,540 [INFO] DbMcusJson:63 - Set database path to: C:\Users\34886\.stmcufinder\plugins\mcufinder//mcu/
2026-05-30 21:49:17,541 [WARN] DbFile:36 - Overriding database path with different value: C:\Users\34886\.stmcufinder\plugins\mcufinder/ => C:\Users\34886\.stmcufinder\plugins\mcufinder
2026-05-30 21:49:17,541 [INFO] DbBoardsDocs:112 - Set database path to: C:\Users\34886\.stmcufinder\plugins\mcufinder//mcu/
2026-05-30 21:49:17,541 [WARN] DbFile:36 - Overriding database path with different value: C:\Users\34886\.stmcufinder\plugins\mcufinder/ => C:\Users\34886\.stmcufinder\plugins\mcufinder
2026-05-30 21:49:17,541 [INFO] DbBoardsJson:56 - Set database path to: C:\Users\34886\.stmcufinder\plugins\mcufinder//mcu/
2026-05-30 21:49:17,541 [WARN] DbFile:36 - Overriding database path with different value: C:\Users\34886\.stmcufinder\plugins\mcufinder/ => C:\Users\34886\.stmcufinder\plugins\mcufinder
2026-05-30 21:49:17,541 [WARN] DbFile:36 - Overriding database path with different value: C:\Users\34886\.stmcufinder\plugins\mcufinder/ => C:\Users\34886\.stmcufinder\plugins\mcufinder
2026-05-30 21:49:17,542 [INFO] CrossReferenceDbSqlite:196 - Set database path to: C:\Users\34886\.stmcufinder\plugins\mcufinder//mcu/cs/
2026-05-30 21:49:17,543 [WARN] DbFile:36 - Overriding database path with different value: C:\Users\34886\.stmcufinder\plugins\mcufinder/ => C:\Users\34886\.stmcufinder\plugins\mcufinder
2026-05-30 21:49:17,543 [INFO] DbExamplesSqlite:699 - Set database path to: C:\Users\34886\.stmcufinder\plugins\mcufinder//mcu/
2026-05-30 21:49:17,598 [INFO] MainPanel:190 - HeapMemory: 268435456
2026-05-30 21:49:17,661 [INFO] DbMcusXml:71 - Set database path to: D:\STM32CubeIDE_1.5.0\STM32CubeIDE\plugins\com.st.stm32cube.common.mx_6.1.0.202011121557\\db\/mcu/
2026-05-30 21:49:17,661 [INFO] DbBoardsPdsc:57 - Set plugin database path to: D:\STM32CubeIDE_1.5.0\STM32CubeIDE\plugins\com.st.stm32cube.common.mx_6.1.0.202011121557\\db\/plugins/boardmanager/
2026-05-30 21:49:17,661 [INFO] DbMcus:259 - Set plugin images path to: D:\STM32CubeIDE_1.5.0\STM32CubeIDE\plugins\com.st.stm32cube.common.mx_6.1.0.202011121557\\db\/plugins/mcufinder/images/
2026-05-30 21:49:17,661 [INFO] DbBoards:265 - Set plugin images path to: D:\STM32CubeIDE_1.5.0\STM32CubeIDE\plugins\com.st.stm32cube.common.mx_6.1.0.202011121557\\db\/plugins/mcufinder/images/
2026-05-30 21:49:17,661 [INFO] DbExamples:329 - Set plugin images path to: D:\STM32CubeIDE_1.5.0\STM32CubeIDE\plugins\com.st.stm32cube.common.mx_6.1.0.202011121557\\db\/plugins/mcufinder/images/
2026-05-30 21:49:17,661 [WARN] DbFile:36 - Overriding database path with different value: C:\Users\34886\.stmcufinder\plugins\mcufinder/ => C:\Users\34886\.stmcufinder\plugins\mcufinder
2026-05-30 21:49:17,661 [INFO] DbMcusDocs:112 - Set database path to: C:\Users\34886\.stmcufinder\plugins\mcufinder//mcu/
2026-05-30 21:49:17,661 [WARN] DbFile:36 - Overriding database path with different value: C:\Users\34886\.stmcufinder\plugins\mcufinder/ => C:\Users\34886\.stmcufinder\plugins\mcufinder
2026-05-30 21:49:17,661 [INFO] DbMcusJson:63 - Set database path to: C:\Users\34886\.stmcufinder\plugins\mcufinder//mcu/
2026-05-30 21:49:17,661 [WARN] DbFile:36 - Overriding database path with different value: C:\Users\34886\.stmcufinder\plugins\mcufinder/ => C:\Users\34886\.stmcufinder\plugins\mcufinder
2026-05-30 21:49:17,661 [INFO] DbBoardsDocs:112 - Set database path to: C:\Users\34886\.stmcufinder\plugins\mcufinder//mcu/
2026-05-30 21:49:17,666 [WARN] DbFile:36 - Overriding database path with different value: C:\Users\34886\.stmcufinder\plugins\mcufinder/ => C:\Users\34886\.stmcufinder\plugins\mcufinder
2026-05-30 21:49:17,666 [INFO] DbBoardsJson:56 - Set database path to: C:\Users\34886\.stmcufinder\plugins\mcufinder//mcu/
2026-05-30 21:49:17,666 [WARN] DbFile:36 - Overriding database path with different value: C:\Users\34886\.stmcufinder\plugins\mcufinder/ => C:\Users\34886\.stmcufinder\plugins\mcufinder
2026-05-30 21:49:17,667 [WARN] DbFile:36 - Overriding database path with different value: C:\Users\34886\.stmcufinder\plugins\mcufinder/ => C:\Users\34886\.stmcufinder\plugins\mcufinder
2026-05-30 21:49:17,669 [INFO] CrossReferenceDbSqlite:196 - Set database path to: C:\Users\34886\.stmcufinder\plugins\mcufinder//mcu/cs/
2026-05-30 21:49:17,669 [WARN] DbFile:36 - Overriding database path with different value: C:\Users\34886\.stmcufinder\plugins\mcufinder/ => C:\Users\34886\.stmcufinder\plugins\mcufinder
2026-05-30 21:49:17,669 [INFO] DbExamplesSqlite:699 - Set database path to: C:\Users\34886\.stmcufinder\plugins\mcufinder//mcu/
2026-05-30 21:49:17,686 [INFO] ApplicationProperties:181 - Using Application install path: D:\STM32CubeIDE_1.5.0\STM32CubeIDE\plugins\com.st.stm32cube.common.mx_6.1.0.202011121557
2026-05-30 21:49:17,686 [INFO] PluginManage:178 - Search for loadable plugins [exclusion list=, ]
2026-05-30 21:49:17,689 [INFO] PluginManage:292 - Check plugin analytics
2026-05-30 21:49:21,896 [ERROR] LogOutputStream:74 - [STDERR_REDIRECT] [Fatal Error] :1:1: Premature end of file.
2026-05-30 21:49:21,898 [ERROR] LogOutputStream:74 - [STDERR_REDIRECT] 
2026-05-30 21:49:22,138 [ERROR] LogOutputStream:74 - [STDERR_REDIRECT] [Fatal Error] :1:1: Premature end of file.
2026-05-30 21:49:22,140 [ERROR] LogOutputStream:74 - [STDERR_REDIRECT] 
2026-05-30 21:49:22,388 [ERROR] LogOutputStream:74 - [STDERR_REDIRECT] [Fatal Error] :1:1: Premature end of file.
2026-05-30 21:49:22,388 [ERROR] LogOutputStream:74 - [STDERR_REDIRECT] 
2026-05-30 21:49:22,397 [INFO] AnalyticsPlugin:225 - Accepted Software Licenses: 
2026-05-30 21:49:22,397 [INFO] AnalyticsPlugin:227 - Accepted CMSIS Pack Licenses: 
2026-05-30 21:49:22,397 [INFO] AnalyticsPlugin:229 - Accepted Firmware Licenses: 
2026-05-30 21:49:22,399 [INFO] PluginManage:342 - Loaded plugin analytics (category:tool,tabindex:-1)
2026-05-30 21:49:22,399 [INFO] PluginManage:292 - Check plugin clock
2026-05-30 21:49:22,408 [INFO] PluginManage:342 - Loaded plugin clock (category:base,tabindex:2)
2026-05-30 21:49:22,408 [INFO] PluginManage:292 - Check plugin ddr
2026-05-30 21:49:22,411 [INFO] PluginManage:342 - Loaded plugin ddr (category:tool,tabindex:6)
2026-05-30 21:49:22,411 [INFO] PluginManage:292 - Check plugin filemanager
2026-05-30 21:49:22,504 [INFO] PluginManage:342 - Loaded plugin filemanager (category:base,tabindex:10)
2026-05-30 21:49:22,504 [INFO] PluginManage:292 - Check plugin ipmanager
2026-05-30 21:49:22,513 [INFO] PluginManage:342 - Loaded plugin ipmanager (category:base,tabindex:5)
2026-05-30 21:49:22,513 [INFO] PluginManage:292 - Check plugin pinoutandconfiguration
2026-05-30 21:49:22,523 [INFO] PluginManage:342 - Loaded plugin pinoutandconfiguration (category:base,tabindex:1)
2026-05-30 21:49:22,523 [INFO] PluginManage:292 - Check plugin pinoutconfig
2026-05-30 21:49:22,545 [INFO] PluginManage:342 - Loaded plugin pinoutconfig (category:base,tabindex:0)
2026-05-30 21:49:22,545 [INFO] PluginManage:292 - Check plugin power
2026-05-30 21:49:22,555 [INFO] PluginManage:342 - Loaded plugin power (category:power,tabindex:4)
2026-05-30 21:49:22,555 [INFO] PluginManage:292 - Check plugin projectmanager
2026-05-30 21:49:22,567 [INFO] PluginManage:342 - Loaded plugin projectmanager (category:projectmanager,tabindex:3)
2026-05-30 21:49:22,571 [INFO] PluginManage:292 - Check plugin thirdparty
2026-05-30 21:49:22,667 [INFO] PluginManage:342 - Loaded plugin thirdparty (category:base,tabindex:-1)
2026-05-30 21:49:22,667 [INFO] PluginManage:292 - Check plugin tools
2026-05-30 21:49:22,669 [WARN] IntegrityCheckThread:59 - waiting for thirdparty lock release [integrity check]
2026-05-30 21:49:22,669 [INFO] IntegrityCheckThread:61 - entering critical section [integrity check]
2026-05-30 21:49:22,669 [INFO] ThirdPartyUpdaterWithRetryManager:56 - Updater plugin not ready yet. [1/15]
2026-05-30 21:49:22,670 [INFO] PluginManage:342 - Loaded plugin tools (category:base,tabindex:7)
2026-05-30 21:49:22,672 [INFO] PluginManage:292 - Check plugin tutovideos
2026-05-30 21:49:22,694 [ERROR] LogOutputStream:74 - [STDERR_REDIRECT] [Fatal Error] :1:1: Premature end of file.
2026-05-30 21:49:22,694 [ERROR] LogOutputStream:74 - [STDERR_REDIRECT] 
2026-05-30 21:49:22,870 [INFO] PluginManage:342 - Loaded plugin tutovideos (category:base,tabindex:-1)
2026-05-30 21:49:22,870 [INFO] PluginManage:292 - Check plugin updater
2026-05-30 21:49:22,880 [INFO] PluginManage:342 - Loaded plugin updater (category:base,tabindex:12)
2026-05-30 21:49:22,880 [INFO] PluginManage:265 - PluginManage : Loaded plugins [13]
2026-05-30 21:49:23,009 [ERROR] LogOutputStream:74 - [STDERR_REDIRECT] [Fatal Error] :1:1: Premature end of file.
2026-05-30 21:49:23,010 [ERROR] LogOutputStream:74 - [STDERR_REDIRECT] 
2026-05-30 21:49:23,156 [INFO] PinOutPanel:1434 - setPackage(No Configuration,No Configuration)
2026-05-30 21:49:23,300 [INFO] IPUIPlugin:64 - create IPUIPlugin
2026-05-30 21:49:23,300 [INFO] PluginManager:203 - loadIPPluginJar : add adc
2026-05-30 21:49:23,305 [ERROR] LogOutputStream:74 - [STDERR_REDIRECT] [Fatal Error] :1:1: Premature end of file.
2026-05-30 21:49:23,307 [INFO] IPUIPlugin:64 - create IPUIPlugin
2026-05-30 21:49:23,307 [INFO] PluginManager:203 - loadIPPluginJar : add aes
2026-05-30 21:49:23,307 [ERROR] LogOutputStream:74 - [STDERR_REDIRECT] 
2026-05-30 21:49:23,317 [INFO] IPUIPlugin:64 - create IPUIPlugin
2026-05-30 21:49:23,318 [INFO] PluginManager:203 - loadIPPluginJar : add can
2026-05-30 21:49:23,320 [INFO] IPUIPlugin:64 - create IPUIPlugin
2026-05-30 21:49:23,320 [INFO] PluginManager:203 - loadIPPluginJar : add comp
2026-05-30 21:49:23,321 [INFO] IPUIPlugin:64 - create IPUIPlugin
2026-05-30 21:49:23,321 [INFO] PluginManager:203 - loadIPPluginJar : add cryp
2026-05-30 21:49:23,321 [INFO] IPUIPlugin:64 - create IPUIPlugin
2026-05-30 21:49:23,321 [INFO] PluginManager:203 - loadIPPluginJar : add dfsdm
2026-05-30 21:49:23,325 [INFO] IPUIPlugin:64 - create IPUIPlugin
2026-05-30 21:49:23,325 [INFO] PluginManager:203 - loadIPPluginJar : add dma
2026-05-30 21:49:23,330 [INFO] IPUIPlugin:64 - create IPUIPlugin
2026-05-30 21:49:23,330 [INFO] PluginManager:203 - loadIPPluginJar : add fatfs
2026-05-30 21:49:23,332 [INFO] IPUIPlugin:64 - create IPUIPlugin
2026-05-30 21:49:23,332 [INFO] PluginManager:203 - loadIPPluginJar : add fmc
2026-05-30 21:49:23,335 [INFO] IPUIPlugin:64 - create IPUIPlugin
2026-05-30 21:49:23,335 [INFO] PluginManager:203 - loadIPPluginJar : add freertos
2026-05-30 21:49:23,335 [INFO] IPUIPlugin:64 - create IPUIPlugin
2026-05-30 21:49:23,335 [INFO] PluginManager:203 - loadIPPluginJar : add genericplugin
2026-05-30 21:49:23,340 [INFO] IPUIPlugin:64 - create IPUIPlugin
2026-05-30 21:49:23,340 [INFO] PluginManager:203 - loadIPPluginJar : add gfxmmu
2026-05-30 21:49:23,340 [INFO] IPUIPlugin:64 - create IPUIPlugin
2026-05-30 21:49:23,340 [INFO] PluginManager:203 - loadIPPluginJar : add gic
2026-05-30 21:49:23,355 [INFO] IPUIPlugin:64 - create IPUIPlugin
2026-05-30 21:49:23,357 [INFO] PluginManager:203 - loadIPPluginJar : add gpio
2026-05-30 21:49:23,368 [INFO] IPUIPlugin:64 - create IPUIPlugin
2026-05-30 21:49:23,368 [INFO] PluginManager:203 - loadIPPluginJar : add gtzc
2026-05-30 21:49:23,378 [INFO] IPUIPlugin:64 - create IPUIPlugin
2026-05-30 21:49:23,383 [INFO] PluginManager:203 - loadIPPluginJar : add hash
2026-05-30 21:49:23,397 [INFO] IPUIPlugin:64 - create IPUIPlugin
2026-05-30 21:49:23,397 [INFO] PluginManager:203 - loadIPPluginJar : add i2c
2026-05-30 21:49:23,399 [INFO] IPUIPlugin:64 - create IPUIPlugin
2026-05-30 21:49:23,399 [INFO] PluginManager:203 - loadIPPluginJar : add i2s
2026-05-30 21:49:23,404 [INFO] IPUIPlugin:64 - create IPUIPlugin
2026-05-30 21:49:23,404 [INFO] PluginManager:203 - loadIPPluginJar : add ipddr
2026-05-30 21:49:23,415 [INFO] IPUIPlugin:64 - create IPUIPlugin
2026-05-30 21:49:23,415 [INFO] PluginManager:203 - loadIPPluginJar : add lorawan
2026-05-30 21:49:23,425 [INFO] IPUIPlugin:64 - create IPUIPlugin
2026-05-30 21:49:23,425 [INFO] PluginManager:203 - loadIPPluginJar : add ltdc
2026-05-30 21:49:23,435 [INFO] IPUIPlugin:64 - create IPUIPlugin
2026-05-30 21:49:23,435 [INFO] PluginManager:203 - loadIPPluginJar : add mdma
2026-05-30 21:49:23,448 [INFO] IPUIPlugin:64 - create IPUIPlugin
2026-05-30 21:49:23,450 [INFO] PluginManager:203 - loadIPPluginJar : add nvic
2026-05-30 21:49:23,462 [INFO] IPUIPlugin:64 - create IPUIPlugin
2026-05-30 21:49:23,463 [INFO] PluginManager:203 - loadIPPluginJar : add opamp
2026-05-30 21:49:23,478 [INFO] IPUIPlugin:64 - create IPUIPlugin
2026-05-30 21:49:23,478 [INFO] PluginManager:203 - loadIPPluginJar : add openamp
2026-05-30 21:49:23,481 [INFO] IPUIPlugin:64 - create IPUIPlugin
2026-05-30 21:49:23,481 [INFO] PluginManager:203 - loadIPPluginJar : add pdm2pcm
2026-05-30 21:49:23,483 [INFO] IPUIPlugin:64 - create IPUIPlugin
2026-05-30 21:49:23,487 [INFO] PluginManager:203 - loadIPPluginJar : add plateformsettings
2026-05-30 21:49:23,489 [INFO] IPUIPlugin:64 - create IPUIPlugin
2026-05-30 21:49:23,489 [INFO] PluginManager:203 - loadIPPluginJar : add quadspi
2026-05-30 21:49:23,494 [INFO] IPUIPlugin:64 - create IPUIPlugin
2026-05-30 21:49:23,494 [INFO] PluginManager:203 - loadIPPluginJar : add resmgrutility
2026-05-30 21:49:23,496 [INFO] IPUIPlugin:64 - create IPUIPlugin
2026-05-30 21:49:23,496 [INFO] PluginManager:203 - loadIPPluginJar : add sai
2026-05-30 21:49:23,506 [INFO] IPUIPlugin:64 - create IPUIPlugin
2026-05-30 21:49:23,506 [INFO] PluginManager:203 - loadIPPluginJar : add spi
2026-05-30 21:49:23,510 [INFO] IPUIPlugin:64 - create IPUIPlugin
2026-05-30 21:49:23,510 [INFO] PluginManager:203 - loadIPPluginJar : add stm32_wpan
2026-05-30 21:49:23,510 [INFO] IPUIPlugin:64 - create IPUIPlugin
2026-05-30 21:49:23,510 [INFO] PluginManager:203 - loadIPPluginJar : add tim
2026-05-30 21:49:23,514 [INFO] IPUIPlugin:64 - create IPUIPlugin
2026-05-30 21:49:23,514 [INFO] PluginManager:203 - loadIPPluginJar : add touchsensing
2026-05-30 21:49:23,515 [INFO] IPUIPlugin:64 - create IPUIPlugin
2026-05-30 21:49:23,515 [INFO] PluginManager:203 - loadIPPluginJar : add tracer_emb
2026-05-30 21:49:23,525 [INFO] IPUIPlugin:64 - create IPUIPlugin
2026-05-30 21:49:23,525 [INFO] PluginManager:203 - loadIPPluginJar : add ts
2026-05-30 21:49:23,527 [INFO] IPUIPlugin:64 - create IPUIPlugin
2026-05-30 21:49:23,527 [INFO] PluginManager:203 - loadIPPluginJar : add tsc
2026-05-30 21:49:23,538 [INFO] IPUIPlugin:64 - create IPUIPlugin
2026-05-30 21:49:23,538 [INFO] PluginManager:203 - loadIPPluginJar : add ucpd
2026-05-30 21:49:23,548 [INFO] IPUIPlugin:64 - create IPUIPlugin
2026-05-30 21:49:23,548 [INFO] PluginManager:203 - loadIPPluginJar : add usart
2026-05-30 21:49:23,962 [FATAL] Updater:284 - Updater called before beeing initialized
2026-05-30 21:49:24,094 [FATAL] Updater:284 - Updater called before beeing initialized
2026-05-30 21:49:24,129 [WARN] DetailPanel:347 - Failed to get advertising image, set to default
2026-05-30 21:49:24,136 [FATAL] Updater:284 - Updater called before beeing initialized
2026-05-30 21:49:24,136 [WARN] DetailPanel:347 - Failed to get advertising image, set to default
2026-05-30 21:49:24,178 [FATAL] Updater:284 - Updater called before beeing initialized
2026-05-30 21:49:24,178 [WARN] ThirdParty:783 - waiting for thirdparty lock release [close project]
2026-05-30 21:49:25,672 [INFO] ThirdPartyUpdaterWithRetryManager:56 - Updater plugin not ready yet. [2/15]
2026-05-30 21:49:28,676 [FATAL] Updater:284 - Updater called before beeing initialized
2026-05-30 21:49:28,678 [ERROR] AbstractThirdPartyUpdaterManager:153 - java.lang.Integer cannot be cast to java.util.List
2026-05-30 21:49:28,678 [INFO] ThirdParty:887 - Integrity check success = false
2026-05-30 21:49:28,679 [INFO] IntegrityCheckThread:75 - exiting critical section [integrity check]
2026-05-30 21:49:28,679 [INFO] IntegrityCheckThread:78 - End integrity checks thread
2026-05-30 21:49:28,679 [INFO] ThirdParty:785 - entering critical section [close project]
2026-05-30 21:49:28,682 [INFO] ThirdParty:796 - exiting critical section [close project]
2026-05-30 21:49:28,687 [INFO] PinOutPanel:1434 - setPackage(No Configuration,No Configuration)
2026-05-30 21:49:28,690 [FATAL] Updater:284 - Updater called before beeing initialized
2026-05-30 21:49:28,704 [ERROR] Updater:1065 - MainUpdater not yet initialized. External WinMGr cannot be set.
2026-05-30 21:49:28,709 [INFO] Updater:1002 - Updater Version found : 6.1.0
2026-05-30 21:49:28,735 [INFO] ApplicationProperties:181 - Using Application install path: D:\STM32CubeIDE_1.5.0\STM32CubeIDE\plugins\com.st.stm32cube.common.mx_6.1.0.202011121557
2026-05-30 21:49:32,797 [INFO] MainUpdater:2644 - connection check result : 10
2026-05-30 21:49:32,799 [INFO] MainUpdater:249 - Updater Check For Update Now.
2026-05-30 21:49:32,799 [INFO] MicroXplorer:415 - Change Database Version : DB.6.0.10
2026-05-30 21:49:33,224 [INFO] CheckServerUpdateThread:102 - End of CheckServer Thread
2026-05-30 21:49:33,240 [INFO] MainUpdater:2644 - connection check result : 10
2026-05-30 21:49:34,418 [INFO] CrossSelectorPresenter:1330 - Cross Selector saved comparison directory: C:\Users\34886\.stmcufinder\plugins\mcufinder\mcu\cs_comparisons_mx
2026-05-30 21:49:34,423 [INFO] MultiScanPanel:198 - Auto-refresh data requested => check proxy status ongoing
2026-05-30 21:49:34,423 [INFO] FinderPluginLoader:87 - Searching for filters in installed packs
2026-05-30 21:49:34,423 [INFO] DbMcusXml:97 - Load MCU database from D:\STM32CubeIDE_1.5.0\STM32CubeIDE\plugins\com.st.stm32cube.common.mx_6.1.0.202011121557\\db\/mcu/families.xml
2026-05-30 21:49:34,982 [INFO] DbMcusJson:92 - JSON generation date=Tue Nov 16 10:17:54 CST 2021 (1637079474)
2026-05-30 21:49:35,501 [INFO] DbMcus:176 - Found 1835 MCUs (1796 are supported by CubeMX, 1920 are visible in CubeMX)
2026-05-30 21:49:35,503 [INFO] ApiDb:238 - Load user favorites file C:\Users\34886/.stm32cubeide/favorites.mcus.txt: 1 item(s)
2026-05-30 21:49:35,503 [INFO] ApiDb:242 - User favorites MCUs=[STM32F103C8Tx]
2026-05-30 21:49:35,503 [INFO] DbMcus:188 - Set 1 / 1 favorites MCUs
2026-05-30 21:49:35,827 [WARN] DetailPanel:347 - Failed to get advertising image, set to default
2026-05-30 21:49:36,067 [INFO] McuFilterPanel:245 - Update 1 favorites MCUs
2026-05-30 21:49:36,180 [INFO] DbBoardsPdsc:91 - Found 24 items
2026-05-30 21:49:36,199 [INFO] DbBoardsPdsc:91 - Found 9 items
2026-05-30 21:49:36,226 [INFO] DbBoardsPdsc:91 - Found 32 items
2026-05-30 21:49:36,245 [INFO] DbBoardsPdsc:91 - Found 1 items
2026-05-30 21:49:36,250 [INFO] DbBoardsPdsc:91 - Found 45 items
2026-05-30 21:49:36,255 [INFO] DbBoardsPdsc:91 - Found 41 items
2026-05-30 21:49:36,257 [INFO] DbBoardsPdsc:91 - Found 2 items
2026-05-30 21:49:36,257 [INFO] DbBoardsPdsc:91 - Found 4 items
2026-05-30 21:49:36,261 [WARN] DbBoardsPdsc:255 - Board STM32H7B3I-DK: unknown feature type=Audio, name=, username=Audio stereo codec with Headphone Amp (CS42L51-CNZ), n=1
2026-05-30 21:49:36,261 [WARN] DbBoardsPdsc:255 - Board STM32H735G-DK: unknown feature type=Audio, name=, username=Audio stereo codec with Headphone Amp (WM8994ECS/R), n=1
2026-05-30 21:49:36,264 [WARN] DbBoardsPdsc:255 - Board STM32H7B3I-EVAL: unknown feature type=Audio, name=, username=Multi-Channel Audio Codec (CS42L51-CNZ), n=1
2026-05-30 21:49:36,264 [WARN] DbBoardsPdsc:255 - Board STM32H7B3I-EVAL: unknown feature type=Meter, name=, username=Power-metering and Temperature-monitoring with sigma-delta modulators, n=1
2026-05-30 21:49:36,264 [WARN] DbBoardsPdsc:255 - Board STM32H7B3I-EVAL: unknown feature type=Motor, name=, username=Motor Control, n=1
2026-05-30 21:49:36,312 [INFO] DbBoardsJson:85 - JSON generation date=Tue Nov 16 10:17:54 CST 2021 (1637079474)
2026-05-30 21:49:36,317 [INFO] DbBoards:118 - Found 168 boards (155 are supported by CubeMX)
2026-05-30 21:49:36,321 [INFO] DbBoardsDocs:145 - JSON generation date=Tue Nov 16 10:17:54 CST 2021 (1637079474)
2026-05-30 21:49:36,324 [INFO] DbBoardsDocs:81 - Found 209 boards documents
2026-05-30 21:49:36,324 [WARN] DbBoards:128 - board B-L475E-IOT01A2 has no document id list !
2026-05-30 21:49:36,324 [WARN] DbBoards:128 - board NUCLEO-H743ZI has no document id list !
2026-05-30 21:49:36,324 [WARN] DbBoards:128 - board NUCLEO-WL55JC1 has no document id list !
2026-05-30 21:49:36,324 [WARN] DbBoards:128 - board NUCLEO-WL55JC2 has no document id list !
2026-05-30 21:49:36,326 [WARN] DbBoards:128 - board P-NUCLEO-WB55-Nucleo has no document id list !
2026-05-30 21:49:36,326 [WARN] DbBoards:128 - board P-NUCLEO-WB55-USBDongle has no document id list !
2026-05-30 21:49:36,326 [WARN] DbBoards:128 - board STEVAL-BFA001V1B has no document id list !
2026-05-30 21:49:36,326 [WARN] DbBoards:128 - board STEVAL-BFA001V2B has no document id list !
2026-05-30 21:49:36,326 [WARN] DbBoards:128 - board STEVAL-IDP005V1 has no document id list !
2026-05-30 21:49:36,326 [WARN] DbBoards:128 - board STEVAL-IDP005V2 has no document id list !
2026-05-30 21:49:36,326 [WARN] DbBoards:128 - board STEVAL-MKSBOX1V1 has no document id list !
2026-05-30 21:49:36,326 [WARN] DbBoards:128 - board STEVAL-STWINKT1 has no document id list !
2026-05-30 21:49:36,326 [WARN] DbBoards:128 - board STEVAL-STWINKT1B has no document id list !
2026-05-30 21:49:36,327 [WARN] DbBoards:128 - board STM32439I-EVAL2 has no document id list !
2026-05-30 21:49:36,327 [WARN] DbBoards:128 - board STM32F401C-DISCO has no document id list !
2026-05-30 21:49:36,327 [WARN] DbBoards:128 - board STM32F769I-DISC1 has no document id list !
2026-05-30 21:49:36,327 [WARN] DbBoards:128 - board STM32G474E-EVAL1 has no document id list !
2026-05-30 21:49:36,327 [WARN] DbBoards:128 - board STM32H743I-EVAL2 has no document id list !
2026-05-30 21:49:36,327 [WARN] DbBoards:128 - board STM32H747I-DISC1 has no document id list !
2026-05-30 21:49:36,327 [WARN] DbBoards:128 - board STM32H753I-EVAL2 has no document id list !
2026-05-30 21:49:36,327 [WARN] DbBoards:128 - board STM32L-DISCOVERY has no document id list !
2026-05-30 21:49:36,436 [ERROR] DbBoards:190 - Image file not found for board B-U585I-IOT02A: D:\STM32CubeIDE_1.5.0\STM32CubeIDE\plugins\com.st.stm32cube.common.mx_6.1.0.202011121557\\db\/plugins/mcufinder/images/boards/B-U585I-IOT02A_small.jpg
2026-05-30 21:49:36,494 [ERROR] DbBoards:190 - Image file not found for board NUCLEO-F413ZH: D:\STM32CubeIDE_1.5.0\STM32CubeIDE\plugins\com.st.stm32cube.common.mx_6.1.0.202011121557\\db\/plugins/mcufinder/images/boards/nucleo-f413zh_small.jpg
2026-05-30 21:49:36,580 [ERROR] DbBoards:190 - Image file not found for board NUCLEO-L552ZE-Q: D:\STM32CubeIDE_1.5.0\STM32CubeIDE\plugins\com.st.stm32cube.common.mx_6.1.0.202011121557\\db\/plugins/mcufinder/images/boards/nucleo_l552ze_q_small.jpg
2026-05-30 21:49:36,580 [ERROR] DbBoards:190 - Image file not found for board NUCLEO-U575ZI-Q: D:\STM32CubeIDE_1.5.0\STM32CubeIDE\plugins\com.st.stm32cube.common.mx_6.1.0.202011121557\\db\/plugins/mcufinder/images/boards/nucleo-u575zi-q_small.jpg
2026-05-30 21:49:36,580 [ERROR] DbBoards:190 - Image file not found for board NUCLEO-WB15CC: D:\STM32CubeIDE_1.5.0\STM32CubeIDE\plugins\com.st.stm32cube.common.mx_6.1.0.202011121557\\db\/plugins/mcufinder/images/boards/nucleo-wb15cc_small.jpg
2026-05-30 21:49:36,580 [ERROR] DbBoards:190 - Image file not found for board NUCLEO-WB55RG: D:\STM32CubeIDE_1.5.0\STM32CubeIDE\plugins\com.st.stm32cube.common.mx_6.1.0.202011121557\\db\/plugins/mcufinder/images/boards/nucleo-wb55rg_small.jpg
2026-05-30 21:49:36,580 [ERROR] DbBoards:190 - Image file not found for board NUCLEO-WL55JC: D:\STM32CubeIDE_1.5.0\STM32CubeIDE\plugins\com.st.stm32cube.common.mx_6.1.0.202011121557\\db\/plugins/mcufinder/images/boards/nucleo-wl55jc-small.jpg
2026-05-30 21:49:36,724 [ERROR] DbBoards:190 - Image file not found for board STEVAL-STWINKT1B: D:\STM32CubeIDE_1.5.0\STM32CubeIDE\plugins\com.st.stm32cube.common.mx_6.1.0.202011121557\\db\/plugins/mcufinder/images/boards/steval-stwinkt1b_small.jpg
2026-05-30 21:49:37,024 [ERROR] DbBoards:190 - Image file not found for board STM32H7B3I-EVAL: D:\STM32CubeIDE_1.5.0\STM32CubeIDE\plugins\com.st.stm32cube.common.mx_6.1.0.202011121557\\db\/plugins/mcufinder/images/boards/stm32h7b3ieval_small.jpg
2026-05-30 21:49:37,165 [ERROR] DbBoards:190 - Image file not found for board STM32U575I-EV: D:\STM32CubeIDE_1.5.0\STM32CubeIDE\plugins\com.st.stm32cube.common.mx_6.1.0.202011121557\\db\/plugins/mcufinder/images/boards/stm32u575i-ev_small.jpg
2026-05-30 21:49:37,189 [ERROR] DbBoards:190 - Image file not found for board STM32WB5MM-DK: D:\STM32CubeIDE_1.5.0\STM32CubeIDE\plugins\com.st.stm32cube.common.mx_6.1.0.202011121557\\db\/plugins/mcufinder/images/boards/STM32WB5MM-DK_small.jpg
2026-05-30 21:49:37,189 [INFO] ApiDb:238 - Load user favorites file C:\Users\34886/.stm32cubeide/favorites.boards.txt: 0 item(s)
2026-05-30 21:49:37,189 [INFO] ApiDb:242 - User favorites Boards=[]
2026-05-30 21:49:37,189 [INFO] DbBoards:207 - Set 0 / 0 favorites Boards
2026-05-30 21:50:05,972 [INFO] DbMcusDocs:145 - JSON generation date=Tue Nov 16 10:17:54 CST 2021 (1637079474)
2026-05-30 21:50:06,047 [INFO] DbMcusDocs:81 - Found 682 MCUs documents
2026-05-30 21:50:49,652 [INFO] RetryExec:97 - I/O exception (java.net.SocketException) caught when processing request to {}->http://sw-center.st.com:80: Connection reset
2026-05-30 21:50:49,657 [INFO] RetryExec:113 - Retrying request to {}->http://sw-center.st.com:80
2026-05-30 21:52:54,374 [INFO] McuResultTable:777 - Mark MCU STM32F103VETx as favorite
2026-05-30 21:53:20,860 [INFO] MainUpdater:2644 - connection check result : 10
2026-05-30 21:53:20,860 [INFO] MainUpdater:2644 - connection check result : 10
2026-05-30 21:53:21,070 [INFO] MicroXplorer:385 - Change Database Path : 
2026-05-30 21:53:21,073 [INFO] MicroXplorer:415 - Change Database Version : DB.6.0.10
2026-05-30 21:53:21,073 [WARN] ThirdParty:783 - waiting for thirdparty lock release [close project]
2026-05-30 21:53:21,073 [INFO] ThirdParty:785 - entering critical section [close project]
2026-05-30 21:53:21,073 [INFO] ThirdParty:796 - exiting critical section [close project]
2026-05-30 21:53:21,082 [INFO] PinOutPanel:1434 - setPackage(No Configuration,No Configuration)
2026-05-30 21:53:21,086 [INFO] UtilMem:74 - Begin LoadConfig() Used Memory: 871797976 Bytes (986710016)
2026-05-30 21:53:21,088 [INFO] MicroXplorer:385 - Change Database Path : 
2026-05-30 21:53:21,088 [INFO] MicroXplorer:415 - Change Database Version : DB.6.0.10
2026-05-30 21:53:21,088 [INFO] OpenFileManager:274 - Change cursor
2026-05-30 21:53:21,090 [WARN] ThirdParty:204 - Use empty third party IP manager
2026-05-30 21:53:21,113 [WARN] IntegrityCheckThread:59 - waiting for thirdparty lock release [integrity check]
2026-05-30 21:53:21,113 [INFO] IntegrityCheckThread:61 - entering critical section [integrity check]
2026-05-30 21:53:21,348 [ERROR] Engine:500 - C:\Users\34886\.stm32cubemx\thirdparties\pdsc\STMicroelectronics.FP-SNS-MOTENVWB1.1.4.0.pdsc: PDSC version is not supported
2026-05-30 21:53:21,358 [ERROR] Engine:500 - C:\Users\34886\.stm32cubemx\thirdparties\pdsc\STMicroelectronics.X-CUBE-SMBUS.2.1.0.pdsc: PDSC version is not supported
2026-05-30 21:53:21,376 [ERROR] Engine:500 - C:\Users\34886\.stm32cubemx\thirdparties\pdsc\STMicroelectronics.FP-SNS-MOTENV1.5.1.0.pdsc: PDSC version is not supported
2026-05-30 21:53:21,381 [ERROR] Engine:500 - C:\Users\34886\.stm32cubemx\thirdparties\pdsc\WES.I-CUBE-Cesium.1.4.0.pdsc: PDSC version is not supported
2026-05-30 21:53:21,414 [ERROR] Engine:500 - C:\Users\34886\.stm32cubemx\thirdparties\pdsc\STMicroelectronics.X-CUBE-DISPLAY.3.0.0.pdsc: PDSC version is not supported
2026-05-30 21:53:21,449 [ERROR] Engine:500 - C:\Users\34886\.stm32cubemx\thirdparties\pdsc\STMicroelectronics.FP-SNS-MOTENVWB1.1.5.0.pdsc: PDSC version is not supported
2026-05-30 21:53:21,463 [ERROR] Engine:500 - C:\Users\34886\.stm32cubemx\thirdparties\pdsc\STMicroelectronics.X-CUBE-ST60.1.1.0.pdsc: PDSC version is not supported
2026-05-30 21:53:21,465 [ERROR] Engine:500 - C:\Users\34886\.stm32cubemx\thirdparties\pdsc\emotas.I-CUBE-CANOPEN.1.3.0.pdsc: PDSC version is not supported
2026-05-30 21:53:21,474 [ERROR] Engine:500 - C:\Users\34886\.stm32cubemx\thirdparties\pdsc\STMicroelectronics.FP-SNS-STBOX1.2.1.0.pdsc: PDSC version is not supported
2026-05-30 21:53:21,476 [ERROR] Engine:500 - C:\Users\34886\.stm32cubemx\thirdparties\pdsc\STMicroelectronics.FP-SNS-SMARTAG2.1.2.0.pdsc: PDSC version is not supported
2026-05-30 21:53:21,479 [ERROR] Engine:500 - C:\Users\34886\.stm32cubemx\thirdparties\pdsc\STMicroelectronics.FP-SNS-FLIGHT1.5.1.0.pdsc: PDSC version is not supported
2026-05-30 21:53:21,486 [INFO] LogOutputStream:76 - [STDOUT_REDIRECT] 1 : Invalid condition id : UX_CORESTACK_Condition cause : null
2026-05-30 21:53:21,488 [INFO] LogOutputStream:76 - [STDOUT_REDIRECT] 1 : Invalid condition id : UX_CORESTACK_Condition cause : null
2026-05-30 21:53:21,488 [INFO] LogOutputStream:76 - [STDOUT_REDIRECT] 1 : Invalid condition id : UX_CORESTACK_Condition cause : null
2026-05-30 21:53:21,489 [INFO] LogOutputStream:76 - [STDOUT_REDIRECT] 1 : Invalid condition id : UX_CORESTACK_Condition cause : null
2026-05-30 21:53:21,489 [INFO] LogOutputStream:76 - [STDOUT_REDIRECT] 1 : Invalid condition id : UX_CORESTACK_Condition cause : null
2026-05-30 21:53:21,526 [ERROR] Engine:500 - C:\Users\34886\.stm32cubemx\thirdparties\pdsc\Avnet-IOTCONNECT.X-CUBE-iotc-st67-sdk.1.0.0.pdsc: PDSC version is not supported
2026-05-30 21:53:21,532 [ERROR] Engine:500 - C:\Users\34886\.stm32cubemx\thirdparties\pdsc\Infineon.AIROC-Wi-Fi-Bluetooth-STM32.1.8.0.pdsc: PDSC version is not supported
2026-05-30 21:53:21,550 [ERROR] Engine:500 - C:\Users\34886\.stm32cubemx\thirdparties\pdsc\STMicroelectronics.X-CUBE-FREERTOS.1.4.0.pdsc: PDSC version is not supported
2026-05-30 21:53:21,558 [ERROR] Engine:500 - C:\Users\34886\.stm32cubemx\thirdparties\pdsc\Cesanta.I-CUBE-Mongoose.7.20.0.pdsc: PDSC version is not supported
2026-05-30 21:53:21,561 [ERROR] Engine:500 - C:\Users\34886\.stm32cubemx\thirdparties\pdsc\STMicroelectronics.X-CUBE-ST67W61.1.1.0.pdsc: PDSC version is not supported
2026-05-30 21:53:21,562 [ERROR] Engine:500 - C:\Users\34886\.stm32cubemx\thirdparties\pdsc\STMicroelectronics.FP-SNS-STAIOTCFT.1.1.0.pdsc: PDSC version is not supported
2026-05-30 21:53:21,795 [ERROR] Engine:500 - C:\Users\34886\.stm32cubemx\thirdparties\pdsc\EmbeddedOffice.I-CUBE-FS-RTOS.1.0.1.pdsc: PDSC version is not supported
2026-05-30 21:53:21,808 [ERROR] Engine:500 - C:\Users\34886\.stm32cubemx\thirdparties\pdsc\STMicroelectronics.X-CUBE-TCPP.4.2.0.pdsc: PDSC version is not supported
2026-05-30 21:53:21,808 [ERROR] Engine:500 - C:\Users\34886\.stm32cubemx\thirdparties\pdsc\RealThread.X-CUBE-RT-Thread_Nano.4.1.1.pdsc: PDSC version is not supported
2026-05-30 21:53:21,816 [ERROR] Engine:500 - C:\Users\34886\.stm32cubemx\thirdparties\pdsc\STMicroelectronics.X-CUBE-FREERTOS.1.5.0.pdsc: PDSC version is not supported
2026-05-30 21:53:21,819 [ERROR] Engine:500 - C:\Users\34886\.stm32cubemx\thirdparties\pdsc\ITTIA_DB.I-CUBE-ITTIADB.8.9.0.pdsc: PDSC version is not supported
2026-05-30 21:53:22,220 [ERROR] Engine:500 - C:\Users\34886\.stm32cubemx\thirdparties\pdsc\STMicroelectronics.X-CUBE-IPS.3.2.0.pdsc: PDSC version is not supported
2026-05-30 21:53:22,222 [ERROR] Engine:500 - C:\Users\34886\.stm32cubemx\thirdparties\pdsc\STMicroelectronics.eDS-WB_DPC_TT-BIDIR.2.1.1.pdsc: PDSC version is not supported
2026-05-30 21:53:22,273 [ERROR] Engine:500 - C:\Users\34886\.stm32cubemx\thirdparties\pdsc\STMicroelectronics.eDS-WB_DPC_VIENNA.1.2.0.pdsc: PDSC version is not supported
2026-05-30 21:53:22,277 [ERROR] Engine:500 - C:\Users\34886\.stm32cubemx\thirdparties\pdsc\STMicroelectronics.eDS-WB_DPC_3PH2L-BIDIR.1.1.1.pdsc: PDSC version is not supported
2026-05-30 21:53:22,287 [ERROR] Engine:500 - C:\Users\34886\.stm32cubemx\thirdparties\pdsc\STMicroelectronics.X-CUBE-ST67W61.1.3.0.pdsc: PDSC version is not supported
2026-05-30 21:53:22,297 [ERROR] Engine:500 - C:\Users\34886\.stm32cubemx\thirdparties\pdsc\STMicroelectronics.FP-SNS-STAIOTCFT.1.0.0.pdsc: PDSC version is not supported
2026-05-30 21:53:22,300 [ERROR] Engine:500 - C:\Users\34886\.stm32cubemx\thirdparties\pdsc\STMicroelectronics.X-CUBE-DPower.1.3.0.pdsc: PDSC version is not supported
2026-05-30 21:53:22,317 [WARN] ConditionMgr:437 - getConditionDescription Invalid condition id : LAN8742 Phy interface Condition cause : null
2026-05-30 21:53:22,319 [WARN] ConditionMgr:1040 - genDependencies : Invalid condition id : LAN8742 Phy interface Condition cause : null
2026-05-30 21:53:22,320 [WARN] ConditionMgr:1040 - genDependencies : Invalid condition id : LAN8742 Phy interface Condition cause : null
2026-05-30 21:53:22,320 [WARN] ConditionMgr:1040 - genDependencies : Invalid condition id : LAN8742 Phy interface Condition cause : null
2026-05-30 21:53:22,340 [ERROR] Engine:500 - C:\Users\34886\.stm32cubemx\thirdparties\pdsc\STMicroelectronics.X-CUBE-BLEMGR.4.1.0.pdsc: PDSC version is not supported
2026-05-30 21:53:22,353 [WARN] ConditionMgr:437 - getConditionDescription Invalid condition id : UX DEVICE CLASS RTOS Condition cause : null
2026-05-30 21:53:22,353 [WARN] ConditionMgr:437 - getConditionDescription Invalid condition id : UX DEVICE CLASS RTOS Condition cause : null
2026-05-30 21:53:22,358 [WARN] ConditionMgr:1040 - genDependencies : Invalid condition id : UX DEVICE CLASS RTOS Condition cause : null
2026-05-30 21:53:22,358 [WARN] ConditionMgr:1040 - genDependencies : Invalid condition id : UX DEVICE CLASS RTOS Condition cause : null
2026-05-30 21:53:22,358 [WARN] ConditionMgr:1040 - genDependencies : Invalid condition id : UX DEVICE CLASS RTOS Condition cause : null
2026-05-30 21:53:22,358 [WARN] ConditionMgr:1040 - genDependencies : Invalid condition id : UX DEVICE CLASS RTOS Condition cause : null
2026-05-30 21:53:22,358 [WARN] ConditionMgr:1040 - genDependencies : Invalid condition id : UX DEVICE CLASS RTOS Condition cause : null
2026-05-30 21:53:22,361 [ERROR] Engine:500 - C:\Users\34886\.stm32cubemx\thirdparties\pdsc\quantropi.X-CUBE-qispace-sdk-base.2.1.0.pdsc: PDSC version is not supported
2026-05-30 21:53:22,449 [ERROR] Engine:500 - C:\Users\34886\.stm32cubemx\thirdparties\pdsc\STMicroelectronics.X-CUBE-ALS.1.0.2.pdsc: PDSC version is not supported
2026-05-30 21:53:22,462 [ERROR] Engine:500 - C:\Users\34886\.stm32cubemx\thirdparties\pdsc\STMicroelectronics.X-CUBE-TOF1.3.4.3.pdsc: PDSC version is not supported
2026-05-30 21:53:22,464 [INFO] ThirdParty:887 - Integrity check success = true
2026-05-30 21:53:22,464 [INFO] IntegrityCheckThread:75 - exiting critical section [integrity check]
2026-05-30 21:53:22,464 [INFO] IntegrityCheckThread:78 - End integrity checks thread
2026-05-30 21:53:24,103 [INFO] ImportTextPane:162 - (OptionalMessage_ERROR) Unable to find key (Mcu.ThirdPartyNb) in loaded IOC file
2026-05-30 21:53:24,103 [INFO] ImportTextPane:162 - (OptionalMessage_ERROR) Unable to find key (Mcu.PinsNb) in loaded IOC file
2026-05-30 21:53:24,103 [INFO] ImportTextPane:162 - (OptionalMessage_ERROR) Unable to find key (Mcu.IPNb) in loaded IOC file
2026-05-30 21:53:24,172 [WARN] ApiManager:294 - Cannot register API 'Board Extension:PM33A1' from pack STMicroelectronics.X-CUBE-PM33A1.1.0.0: no header file found
2026-05-30 21:53:24,177 [WARN] ApiManager:294 - Cannot register API 'Board Extension:NFC09A1' from pack STMicroelectronics.X-CUBE-NFC9.1.0.0: no header file found
2026-05-30 21:53:24,179 [WARN] ApiManager:294 - Cannot register API 'Wireless:BlueNRG-MS' from pack STMicroelectronics.X-CUBE-BLE1.7.1.0: no header file found
2026-05-30 21:53:24,180 [WARN] ApiManager:294 - Cannot register API 'Board Extension:EEPRMA2' from pack STMicroelectronics.X-CUBE-EEPRMA1.5.2.0: no header file found
2026-05-30 21:53:24,180 [WARN] ApiManager:294 - Cannot register API 'Board Extension:PGEEZ1' from pack STMicroelectronics.X-CUBE-EEPRMA1.5.2.0: no header file found
2026-05-30 21:53:24,180 [WARN] ApiManager:294 - Cannot register API 'Board Extension:EEICA1' from pack STMicroelectronics.X-CUBE-EEPRMA1.5.2.0: no header file found
2026-05-30 21:53:24,180 [WARN] ApiManager:294 - Cannot register API 'Board Part:M24' from pack STMicroelectronics.X-CUBE-EEPRMA1.5.2.0: no header file found
2026-05-30 21:53:24,180 [WARN] ApiManager:294 - Cannot register API 'Board Part:M95' from pack STMicroelectronics.X-CUBE-EEPRMA1.5.2.0: no header file found
2026-05-30 21:53:24,182 [WARN] ApiManager:294 - Cannot register API 'Board Part:M95P32' from pack STMicroelectronics.X-CUBE-EEPRMA1.5.2.0: no header file found
2026-05-30 21:53:24,182 [WARN] ApiManager:294 - Cannot register API 'Board Part:M24256E-F' from pack STMicroelectronics.X-CUBE-EEPRMA1.5.2.0: no header file found
2026-05-30 21:53:24,182 [WARN] ApiManager:294 - Cannot register API 'Board Part:M24M01E-F' from pack STMicroelectronics.X-CUBE-EEPRMA1.5.2.0: no header file found
2026-05-30 21:53:24,182 [WARN] ApiManager:294 - Cannot register API 'PGEEZ1:SPI' from pack STMicroelectronics.X-CUBE-EEPRMA1.5.2.0: no header file found
2026-05-30 21:53:24,182 [WARN] ApiManager:294 - Cannot register API 'PGEEZ1:QDSPI' from pack STMicroelectronics.X-CUBE-EEPRMA1.5.2.0: no header file found
2026-05-30 21:53:24,185 [WARN] ApiManager:294 - Cannot register API 'Board Extension:NFC12A1' from pack STMicroelectronics.X-CUBE-NFC12.1.0.0: no header file found
2026-05-30 21:53:24,193 [WARN] ApiManager:294 - Cannot register API 'Board Extension:NFC06A1' from pack STMicroelectronics.X-CUBE-NFC6.3.1.0: no header file found
2026-05-30 21:53:24,193 [WARN] ApiManager:294 - Cannot register API 'Board Extension:NFC08A1' from pack STMicroelectronics.X-CUBE-NFC6.3.1.0: no header file found
2026-05-30 21:53:24,231 [WARN] ApiManager:294 - Cannot register API 'Board Extension:IKS02A1' from pack STMicroelectronics.X-CUBE-MEMS1.12.0.0: no header file found
2026-05-30 21:53:24,231 [WARN] ApiManager:294 - Cannot register API 'Board Extension:IKS4A1' from pack STMicroelectronics.X-CUBE-MEMS1.12.0.0: no header file found
2026-05-30 21:53:24,231 [WARN] ApiManager:294 - Cannot register API 'Board Extension:IKS5A1' from pack STMicroelectronics.X-CUBE-MEMS1.12.0.0: no header file found
2026-05-30 21:53:24,240 [WARN] ApiManager:294 - Cannot register API 'Board Extension:SAFEA1' from pack STMicroelectronics.X-CUBE-STSE01.2.0.0: no header file found
2026-05-30 21:53:24,241 [WARN] ApiManager:294 - Cannot register API 'Board Extension:ESE01A1' from pack STMicroelectronics.X-CUBE-STSE01.2.0.0: no header file found
2026-05-30 21:53:24,241 [WARN] ApiManager:294 - Cannot register API 'Board Extension:ESE02A1' from pack STMicroelectronics.X-CUBE-STSE01.2.0.0: no header file found
2026-05-30 21:53:24,241 [WARN] ApiManager:294 - Cannot register API 'Board Part:STSAFEA110' from pack STMicroelectronics.X-CUBE-STSE01.2.0.0: no header file found
2026-05-30 21:53:24,241 [WARN] ApiManager:294 - Cannot register API 'Board Part:STSAFEA120' from pack STMicroelectronics.X-CUBE-STSE01.2.0.0: no header file found
2026-05-30 21:53:24,241 [WARN] ApiManager:294 - Cannot register API 'Board Part:STSAFEL010' from pack STMicroelectronics.X-CUBE-STSE01.2.0.0: no header file found
2026-05-30 21:53:24,241 [WARN] ApiManager:294 - Cannot register API 'Security:STM32_Cryptographic' from pack STMicroelectronics.X-CUBE-STSE01.2.0.0: no header file found
2026-05-30 21:53:24,241 [WARN] ApiManager:294 - Cannot register API 'Security:STSELib' from pack STMicroelectronics.X-CUBE-STSE01.2.0.0: no header file found
2026-05-30 21:53:24,243 [INFO] RtosManager:464 - Registered RTOS mode: class=CMSIS, group=RTOS, mode=CMSIS_V1, owner=FREERTOS
2026-05-30 21:53:24,243 [INFO] RtosManager:464 - Registered RTOS mode: class=CMSIS, group=RTOS2, mode=CMSIS_V2, owner=FREERTOS
2026-05-30 21:53:24,243 [INFO] RtosManager:464 - Registered RTOS mode: class=RTOS, group=Core, mode=CMSIS_V1, owner=FREERTOS
2026-05-30 21:53:24,243 [INFO] RtosManager:464 - Registered RTOS mode: class=RTOS, group=Core, mode=CMSIS_V2, owner=FREERTOS
2026-05-30 21:53:24,243 [WARN] ModelIntegratedComponent:182 - Missing modes for component STMicroelectronics:FreeRTOS:0.0.1:STMicroelectronics:RTOS:FreeRTOS:Core:::10.2.0:
2026-05-30 21:53:24,243 [WARN] ApiManager:294 - Cannot register API 'Board Extension:NFC04A1' from pack STMicroelectronics.X-CUBE-NFC4.3.0.0: no header file found
2026-05-30 21:53:24,248 [WARN] ApiManager:294 - Cannot register API 'Board Extension:S2868A1' from pack STMicroelectronics.X-CUBE-SUBG2.5.0.0: no header file found
2026-05-30 21:53:24,248 [WARN] ApiManager:294 - Cannot register API 'Board Extension:S2868A2' from pack STMicroelectronics.X-CUBE-SUBG2.5.0.0: no header file found
2026-05-30 21:53:24,248 [WARN] ApiManager:294 - Cannot register API 'Board Extension:S2915A1' from pack STMicroelectronics.X-CUBE-SUBG2.5.0.0: no header file found
2026-05-30 21:53:24,249 [WARN] ApiManager:294 - Cannot register API 'Wireless:STM32WB05N' from pack STMicroelectronics.X-CUBE-WB05N.2.0.0: no header file found
2026-05-30 21:53:24,252 [WARN] ApiManager:294 - Cannot register API 'Board Extension:NFC07A1' from pack STMicroelectronics.X-CUBE-NFC7.2.0.0: no header file found
2026-05-30 21:53:24,252 [WARN] ApiManager:294 - Cannot register API 'Board Extension:GNSS1A1' from pack STMicroelectronics.X-CUBE-GNSS1.7.1.1: no header file found
2026-05-30 21:53:24,252 [WARN] ApiManager:294 - Cannot register API 'Board Support:Custom' from pack STMicroelectronics.X-CUBE-GNSS1.7.1.1: no header file found
2026-05-30 21:53:24,252 [WARN] ApiManager:294 - Cannot register API 'Data Exchange:lib_gnss' from pack STMicroelectronics.X-CUBE-GNSS1.7.1.1: no header file found
2026-05-30 21:53:24,254 [WARN] ApiManager:294 - Cannot register API 'Board Extension:NFC10A1' from pack STMicroelectronics.X-CUBE-NFC10.1.0.0: no header file found
2026-05-30 21:53:24,255 [WARN] ModelIntegratedComponent:51 - No mode defined for component null
2026-05-30 21:53:24,255 [WARN] ModelIntegratedComponent:51 - No mode defined for component null
2026-05-30 21:53:24,255 [WARN] ModelIntegratedComponent:51 - No mode defined for component null
2026-05-30 21:53:24,255 [WARN] ModelIntegratedComponent:51 - No mode defined for component null
2026-05-30 21:53:24,255 [WARN] ModelIntegratedComponent:51 - No mode defined for component null
2026-05-30 21:53:24,255 [WARN] ModelIntegratedComponent:51 - No mode defined for component null
2026-05-30 21:53:24,255 [WARN] ModelIntegratedComponent:51 - No mode defined for component null
2026-05-30 21:53:24,255 [WARN] ModelIntegratedComponent:51 - No mode defined for component null
2026-05-30 21:53:24,255 [WARN] ModelIntegratedComponent:51 - No mode defined for component null
2026-05-30 21:53:24,255 [WARN] ModelIntegratedComponent:51 - No mode defined for component null
2026-05-30 21:53:24,255 [WARN] ModelIntegratedComponent:51 - No mode defined for component null
2026-05-30 21:53:24,255 [WARN] ModelIntegratedComponent:51 - No mode defined for component null
2026-05-30 21:53:24,255 [WARN] ModelIntegratedComponent:51 - No mode defined for component null
2026-05-30 21:53:24,257 [WARN] ModelIntegratedComponent:51 - No mode defined for component null
2026-05-30 21:53:24,257 [WARN] ModelIntegratedComponent:51 - No mode defined for component null
2026-05-30 21:53:24,257 [WARN] ModelIntegratedComponent:51 - No mode defined for component null
2026-05-30 21:53:24,257 [WARN] ModelIntegratedComponent:51 - No mode defined for component null
2026-05-30 21:53:24,257 [WARN] ModelIntegratedComponent:51 - No mode defined for component null
2026-05-30 21:53:24,257 [WARN] ModelIntegratedComponent:51 - No mode defined for component null
2026-05-30 21:53:24,257 [WARN] ModelIntegratedComponent:51 - No mode defined for component null
2026-05-30 21:53:24,257 [WARN] ModelIntegratedComponent:51 - No mode defined for component null
2026-05-30 21:53:24,257 [WARN] ModelIntegratedComponent:51 - No mode defined for component null
2026-05-30 21:53:24,257 [WARN] ModelIntegratedComponent:51 - No mode defined for component null
2026-05-30 21:53:24,257 [WARN] ModelIntegratedComponent:51 - No mode defined for component null
2026-05-30 21:53:24,257 [WARN] ModelIntegratedComponent:51 - No mode defined for component null
2026-05-30 21:53:24,257 [WARN] ModelIntegratedComponent:51 - No mode defined for component null
2026-05-30 21:53:24,257 [WARN] ModelIntegratedComponent:51 - No mode defined for component null
2026-05-30 21:53:24,257 [WARN] ModelIntegratedComponent:51 - No mode defined for component null
2026-05-30 21:53:24,257 [WARN] ModelIntegratedComponent:51 - No mode defined for component null
2026-05-30 21:53:24,257 [WARN] ModelIntegratedComponent:51 - No mode defined for component null
2026-05-30 21:53:24,257 [WARN] ModelIntegratedComponent:51 - No mode defined for component null
2026-05-30 21:53:24,257 [WARN] ModelIntegratedComponent:51 - No mode defined for component null
2026-05-30 21:53:24,257 [WARN] ModelIntegratedComponent:51 - No mode defined for component null
2026-05-30 21:53:24,257 [WARN] ModelIntegratedComponent:51 - No mode defined for component null
2026-05-30 21:53:24,259 [WARN] ModelIntegratedComponent:51 - No mode defined for component null
2026-05-30 21:53:24,259 [WARN] ModelIntegratedComponent:51 - No mode defined for component null
2026-05-30 21:53:24,259 [WARN] ModelIntegratedComponent:51 - No mode defined for component null
2026-05-30 21:53:24,259 [WARN] ModelIntegratedComponent:51 - No mode defined for component null
2026-05-30 21:53:24,259 [WARN] ApiManager:294 - Cannot register API 'Board Extension:GNSS1A1' from pack STMicroelectronics.X-CUBE-GNSS1.7.1.0: no header file found
2026-05-30 21:53:24,259 [WARN] ApiManager:294 - Cannot register API 'Board Support:Custom' from pack STMicroelectronics.X-CUBE-GNSS1.7.1.0: no header file found
2026-05-30 21:53:24,259 [WARN] ApiManager:294 - Cannot register API 'Data Exchange:lib_gnss' from pack STMicroelectronics.X-CUBE-GNSS1.7.1.0: no header file found
2026-05-30 21:53:24,261 [WARN] ApiManager:294 - Cannot register API 'Board Extension:SAFEA1' from pack STMicroelectronics.X-CUBE-STSE01.1.0.0: no header file found
2026-05-30 21:53:24,261 [WARN] ApiManager:294 - Cannot register API 'Board Extension:ESE01A1' from pack STMicroelectronics.X-CUBE-STSE01.1.0.0: no header file found
2026-05-30 21:53:24,261 [WARN] ApiManager:294 - Cannot register API 'Board Part:STSAFEA110' from pack STMicroelectronics.X-CUBE-STSE01.1.0.0: no header file found
2026-05-30 21:53:24,262 [WARN] ApiManager:294 - Cannot register API 'Board Part:STSAFEA120' from pack STMicroelectronics.X-CUBE-STSE01.1.0.0: no header file found
2026-05-30 21:53:24,262 [WARN] ApiManager:294 - Cannot register API 'Security:STM32_Cryptographic' from pack STMicroelectronics.X-CUBE-STSE01.1.0.0: no header file found
2026-05-30 21:53:24,262 [WARN] ApiManager:294 - Cannot register API 'Security:STSELib' from pack STMicroelectronics.X-CUBE-STSE01.1.0.0: no header file found
2026-05-30 21:53:24,262 [WARN] ApiManager:294 - Cannot register API 'Board Extension:NFC06A1' from pack STMicroelectronics.X-CUBE-NFC6.3.2.0: no header file found
2026-05-30 21:53:24,262 [WARN] ApiManager:294 - Cannot register API 'Board Extension:NFC08A1' from pack STMicroelectronics.X-CUBE-NFC6.3.2.0: no header file found
2026-05-30 21:53:24,314 [WARN] ApiManager:294 - Cannot register API 'Board Extension:IKS02A1' from pack STMicroelectronics.X-CUBE-MEMS1.12.1.0: no header file found
2026-05-30 21:53:24,314 [WARN] ApiManager:294 - Cannot register API 'Board Extension:IKS4A1' from pack STMicroelectronics.X-CUBE-MEMS1.12.1.0: no header file found
2026-05-30 21:53:24,314 [WARN] ApiManager:294 - Cannot register API 'Board Extension:IKS5A1' from pack STMicroelectronics.X-CUBE-MEMS1.12.1.0: no header file found
2026-05-30 21:53:24,326 [WARN] ApiManager:294 - Cannot register API 'Board Extension:S2868A1' from pack STMicroelectronics.X-CUBE-SFXS2LP1.4.0.0: no header file found
2026-05-30 21:53:24,326 [WARN] ApiManager:294 - Cannot register API 'Board Extension:S2868A2' from pack STMicroelectronics.X-CUBE-SFXS2LP1.4.0.0: no header file found
2026-05-30 21:53:24,326 [WARN] ApiManager:294 - Cannot register API 'Board Extension:S2915A1' from pack STMicroelectronics.X-CUBE-SFXS2LP1.4.0.0: no header file found
2026-05-30 21:53:24,327 [WARN] ApiManager:294 - Cannot register API 'Wireless:BlueNRG-2' from pack STMicroelectronics.X-CUBE-BLE2.3.3.0: no header file found
2026-05-30 21:53:24,327 [WARN] ApiManager:294 - Cannot register API 'Wireless:STM32WB05N' from pack STMicroelectronics.X-CUBE-WB05N.2.1.0: no header file found
2026-05-30 21:53:26,341 [INFO] UtilMem:74 - End LoadConfig() Used Memory: 896545872 Bytes (1071644672)
2026-05-30 21:53:26,351 [WARN] ThirdParty:749 - waiting for thirdparty lock release [change project]
2026-05-30 21:53:26,351 [INFO] ThirdParty:751 - entering critical section [change project]
2026-05-30 21:53:26,351 [INFO] ThirdParty:939 - CMSIS Pack Vendor :STMicroelectronics X-CUBE-AZRTOS-H7 3.5.0
2026-05-30 21:53:26,351 [INFO] ThirdParty:939 - CMSIS Pack Vendor :STMicroelectronics X-CUBE-PM33A1 1.0.0
2026-05-30 21:53:26,351 [INFO] ThirdParty:939 - CMSIS Pack Vendor :STMicroelectronics X-CUBE-NFC9 1.0.0
2026-05-30 21:53:26,351 [INFO] ThirdParty:939 - CMSIS Pack Vendor :STMicroelectronics USB_HOST 2.0.0
2026-05-30 21:53:26,351 [INFO] ThirdParty:939 - CMSIS Pack Vendor :STMicroelectronics X-CUBE-AZRTOS-F4 1.1.0
2026-05-30 21:53:26,351 [INFO] ThirdParty:939 - CMSIS Pack Vendor :STMicroelectronics FP-ATR-ASTRA1 2.0.2
2026-05-30 21:53:26,351 [INFO] ThirdParty:939 - CMSIS Pack Vendor :wolfSSL I-CUBE-wolfSSL 5.8.2
2026-05-30 21:53:26,351 [INFO] ThirdParty:939 - CMSIS Pack Vendor :STMicroelectronics X-CUBE-BLE1 7.1.0
2026-05-30 21:53:26,351 [INFO] ThirdParty:939 - CMSIS Pack Vendor :wolfSSL I-CUBE-wolfMQTT 1.19.2
2026-05-30 21:53:26,351 [INFO] ThirdParty:939 - CMSIS Pack Vendor :STMicroelectronics USB_DEVICE 3.0.0
2026-05-30 21:53:26,351 [INFO] ThirdParty:939 - CMSIS Pack Vendor :STMicroelectronics X-CUBE-ISPU 2.1.0
2026-05-30 21:53:26,351 [INFO] ThirdParty:939 - CMSIS Pack Vendor :STMicroelectronics X-CUBE-EEPRMA1 5.2.0
2026-05-30 21:53:26,351 [INFO] ThirdParty:939 - CMSIS Pack Vendor :STMicroelectronics X-CUBE-AZRTOS-WB 2.0.0
2026-05-30 21:53:26,351 [INFO] ThirdParty:939 - CMSIS Pack Vendor :STMicroelectronics X-CUBE-NFC12 1.0.0
2026-05-30 21:53:26,351 [INFO] ThirdParty:939 - CMSIS Pack Vendor :STMicroelectronics X-CUBE-AZRTOS-F7 1.1.0
2026-05-30 21:53:26,351 [INFO] ThirdParty:939 - CMSIS Pack Vendor :STMicroelectronics X-CUBE-AZRTOS-L5 2.0.0
2026-05-30 21:53:26,351 [INFO] ThirdParty:939 - CMSIS Pack Vendor :STMicroelectronics USB_DEVICE 2.0.0
2026-05-30 21:53:26,351 [INFO] ThirdParty:939 - CMSIS Pack Vendor :STMicroelectronics X-CUBE-NFC6 3.1.0
2026-05-30 21:53:26,351 [INFO] ThirdParty:939 - CMSIS Pack Vendor :STMicroelectronics X-CUBE-MEMS1 12.0.0
2026-05-30 21:53:26,351 [INFO] ThirdParty:939 - CMSIS Pack Vendor :STMicroelectronics X-CUBE-STSE01 2.0.0
2026-05-30 21:53:26,351 [INFO] ThirdParty:939 - CMSIS Pack Vendor :STMicroelectronics X-CUBE-ALGOBUILD 1.5.0
2026-05-30 21:53:26,351 [INFO] ThirdParty:939 - CMSIS Pack Vendor :STMicroelectronics FreeRTOS 0.0.1
2026-05-30 21:53:26,351 [INFO] ThirdParty:939 - CMSIS Pack Vendor :STMicroelectronics X-CUBE-AZRTOS-G0 1.1.0
2026-05-30 21:53:26,351 [INFO] ThirdParty:939 - CMSIS Pack Vendor :STMicroelectronics X-CUBE-NFC4 3.0.0
2026-05-30 21:53:26,351 [INFO] ThirdParty:939 - CMSIS Pack Vendor :STMicroelectronics X-CUBE-SUBG2 5.0.0
2026-05-30 21:53:26,351 [INFO] ThirdParty:939 - CMSIS Pack Vendor :STMicroelectronics lwIP 2.0.3
2026-05-30 21:53:26,351 [INFO] ThirdParty:939 - CMSIS Pack Vendor :STMicroelectronics USB_HOST 1.0.0
2026-05-30 21:53:26,351 [INFO] ThirdParty:939 - CMSIS Pack Vendor :STMicroelectronics X-CUBE-AZRTOS-G4 2.0.0
2026-05-30 21:53:26,351 [INFO] ThirdParty:939 - CMSIS Pack Vendor :STMicroelectronics X-CUBE-WB05N 2.0.0
2026-05-30 21:53:26,351 [INFO] ThirdParty:939 - CMSIS Pack Vendor :STMicroelectronics PDM2PCM 3.1.0
2026-05-30 21:53:26,351 [INFO] ThirdParty:939 - CMSIS Pack Vendor :STMicroelectronics PDM2PCM 3.3.0
2026-05-30 21:53:26,351 [INFO] ThirdParty:939 - CMSIS Pack Vendor :wolfSSL I-CUBE-wolfTPM 3.8.0
2026-05-30 21:53:26,351 [INFO] ThirdParty:939 - CMSIS Pack Vendor :STMicroelectronics X-CUBE-AZRTOS-H7 3.4.0
2026-05-30 21:53:26,351 [INFO] ThirdParty:939 - CMSIS Pack Vendor :wolfSSL I-CUBE-wolfSSH 1.4.20
2026-05-30 21:53:26,351 [INFO] ThirdParty:939 - CMSIS Pack Vendor :STMicroelectronics X-CUBE-NFC7 2.0.0
2026-05-30 21:53:26,351 [INFO] ThirdParty:939 - CMSIS Pack Vendor :STMicroelectronics X-CUBE-GNSS1 7.1.1
2026-05-30 21:53:26,351 [INFO] ThirdParty:939 - CMSIS Pack Vendor :STMicroelectronics FP-ATR-SIGFOX1 3.2.0
2026-05-30 21:53:26,351 [INFO] ThirdParty:939 - CMSIS Pack Vendor :STMicroelectronics X-CUBE-NFC10 1.0.0
2026-05-30 21:53:26,351 [INFO] ThirdParty:939 - CMSIS Pack Vendor :STMicroelectronics HAL Drivers 0.0.0
2026-05-30 21:53:26,354 [INFO] ThirdParty:939 - CMSIS Pack Vendor :STMicroelectronics MBEDTLS 2.16.2
2026-05-30 21:53:26,354 [INFO] ThirdParty:939 - CMSIS Pack Vendor :STMicroelectronics MBEDTLS 2.14.1
2026-05-30 21:53:26,354 [INFO] ThirdParty:939 - CMSIS Pack Vendor :STMicroelectronics X-CUBE-GNSS1 7.1.0
2026-05-30 21:53:26,354 [INFO] ThirdParty:939 - CMSIS Pack Vendor :STMicroelectronics X-CUBE-TOUCHGFX 4.26.0
2026-05-30 21:53:26,354 [INFO] ThirdParty:939 - CMSIS Pack Vendor :STMicroelectronics X-CUBE-STSE01 1.0.0
2026-05-30 21:53:26,354 [INFO] ThirdParty:939 - CMSIS Pack Vendor :STMicroelectronics X-CUBE-TOUCHGFX 4.26.1
2026-05-30 21:53:26,354 [INFO] ThirdParty:939 - CMSIS Pack Vendor :STMicroelectronics X-CUBE-NFC6 3.2.0
2026-05-30 21:53:26,354 [INFO] ThirdParty:939 - CMSIS Pack Vendor :STMicroelectronics X-CUBE-AI 10.2.0
2026-05-30 21:53:26,354 [INFO] ThirdParty:939 - CMSIS Pack Vendor :STMicroelectronics X-CUBE-MEMS1 12.1.0
2026-05-30 21:53:26,354 [INFO] ThirdParty:939 - CMSIS Pack Vendor :STMicroelectronics X-CUBE-AZRTOS-WL 2.0.0
2026-05-30 21:53:26,354 [INFO] ThirdParty:939 - CMSIS Pack Vendor :SEGGER I-CUBE-embOS 1.3.1
2026-05-30 21:53:26,354 [INFO] ThirdParty:939 - CMSIS Pack Vendor :STMicroelectronics X-CUBE-ALGOBUILD 1.4.0
2026-05-30 21:53:26,354 [INFO] ThirdParty:939 - CMSIS Pack Vendor :STMicroelectronics USB_DEVICE 1.0.0
2026-05-30 21:53:26,354 [INFO] ThirdParty:939 - CMSIS Pack Vendor :STMicroelectronics X-CUBE-AZRTOS-H7RS 1.2.0
2026-05-30 21:53:26,354 [INFO] ThirdParty:939 - CMSIS Pack Vendor :STMicroelectronics X-CUBE-AZRTOS-L4 2.0.0
2026-05-30 21:53:26,354 [INFO] ThirdParty:939 - CMSIS Pack Vendor :STMicroelectronics lwIP 2.1.2
2026-05-30 21:53:26,354 [INFO] ThirdParty:939 - CMSIS Pack Vendor :STMicroelectronics X-CUBE-SFXS2LP1 4.0.0
2026-05-30 21:53:26,354 [INFO] ThirdParty:939 - CMSIS Pack Vendor :STMicroelectronics X-CUBE-BLE2 3.3.0
2026-05-30 21:53:26,354 [INFO] ThirdParty:939 - CMSIS Pack Vendor :STMicroelectronics PDM2PCM 3.2.0
2026-05-30 21:53:26,354 [INFO] ThirdParty:939 - CMSIS Pack Vendor :STMicroelectronics X-CUBE-WB05N 2.1.0
2026-05-30 21:53:26,354 [INFO] ThirdParty:757 - exiting critical section [change project]
2026-05-30 21:53:26,544 [INFO] PinOutPanel:1434 - setPackage(No Configuration,No Configuration)
2026-05-30 21:53:26,544 [INFO] PinOutPanel:1434 - setPackage(STM32F103VETx,LQFP100)
2026-05-30 21:53:26,982 [INFO] UtilMem:74 - Before build in PCC Used Memory: 820877024 Bytes (1073741824)
2026-05-30 21:53:27,474 [INFO] SharedServices:72 - Folder for power plug-in: C:/Users/34886/.stm32cubemx/plugins/power
2026-05-30 21:53:27,518 [INFO] SharedServices:72 - Folder for power plug-in: C:/Users/34886/.stm32cubemx/plugins/power
2026-05-30 21:53:27,552 [INFO] SharedServices:72 - Folder for power plug-in: C:/Users/34886/.stm32cubemx/plugins/power
2026-05-30 21:53:27,556 [INFO] SharedServices:72 - Folder for power plug-in: C:/Users/34886/.stm32cubemx/plugins/power
2026-05-30 21:53:27,709 [INFO] UtilMem:74 - After build in PCC Used Memory: 814457792 Bytes (1073741824)
2026-05-30 21:53:27,728 [INFO] IPUIPlugin:64 - create IPUIPlugin
2026-05-30 21:53:27,729 [INFO] IPUIPlugin:64 - create IPUIPlugin
2026-05-30 21:53:27,729 [INFO] IPUIPlugin:64 - create IPUIPlugin
2026-05-30 21:53:27,729 [INFO] IPUIPlugin:64 - create IPUIPlugin
2026-05-30 21:53:27,729 [INFO] IPUIPlugin:64 - create IPUIPlugin
2026-05-30 21:53:27,729 [INFO] IPUIPlugin:64 - create IPUIPlugin
2026-05-30 21:53:27,729 [INFO] IPUIPlugin:64 - create IPUIPlugin
2026-05-30 21:53:27,729 [INFO] IPUIPlugin:64 - create IPUIPlugin
2026-05-30 21:53:27,729 [INFO] IPUIPlugin:64 - create IPUIPlugin
2026-05-30 21:53:27,729 [INFO] IPUIPlugin:64 - create IPUIPlugin
2026-05-30 21:53:27,729 [INFO] IPUIPlugin:64 - create IPUIPlugin
2026-05-30 21:53:27,729 [INFO] IPUIPlugin:64 - create IPUIPlugin
2026-05-30 21:53:27,729 [INFO] IPUIPlugin:64 - create IPUIPlugin
2026-05-30 21:53:27,729 [INFO] IPUIPlugin:64 - create IPUIPlugin
2026-05-30 21:53:27,729 [INFO] IPUIPlugin:64 - create IPUIPlugin
2026-05-30 21:53:27,729 [INFO] IPUIPlugin:64 - create IPUIPlugin
2026-05-30 21:53:27,729 [INFO] IPUIPlugin:64 - create IPUIPlugin
2026-05-30 21:53:27,731 [INFO] IPUIPlugin:64 - create IPUIPlugin
2026-05-30 21:53:27,731 [INFO] IPUIPlugin:64 - create IPUIPlugin
2026-05-30 21:53:27,731 [INFO] IPUIPlugin:64 - create IPUIPlugin
2026-05-30 21:53:27,731 [INFO] IPUIPlugin:64 - create IPUIPlugin
2026-05-30 21:53:27,731 [INFO] IPUIPlugin:64 - create IPUIPlugin
2026-05-30 21:53:27,731 [INFO] IPUIPlugin:64 - create IPUIPlugin
2026-05-30 21:53:27,731 [INFO] IPUIPlugin:64 - create IPUIPlugin
2026-05-30 21:53:27,731 [INFO] IPUIPlugin:64 - create IPUIPlugin
2026-05-30 21:53:27,731 [INFO] IPUIPlugin:64 - create IPUIPlugin
2026-05-30 21:53:27,733 [INFO] IPUIPlugin:64 - create IPUIPlugin
2026-05-30 21:53:27,733 [INFO] IPUIPlugin:64 - create IPUIPlugin
2026-05-30 21:53:27,734 [INFO] IPUIPlugin:64 - create IPUIPlugin
2026-05-30 21:53:27,734 [INFO] IPUIPlugin:64 - create IPUIPlugin
2026-05-30 21:53:27,734 [INFO] IPUIPlugin:64 - create IPUIPlugin
2026-05-30 21:53:27,734 [INFO] IPUIPlugin:64 - create IPUIPlugin
2026-05-30 21:53:27,734 [INFO] IPUIPlugin:64 - create IPUIPlugin
2026-05-30 21:53:27,734 [INFO] IPUIPlugin:64 - create IPUIPlugin
2026-05-30 21:53:27,735 [INFO] IPUIPlugin:64 - create IPUIPlugin
2026-05-30 21:53:27,735 [INFO] IPUIPlugin:64 - create IPUIPlugin
2026-05-30 21:53:27,735 [INFO] IPUIPlugin:64 - create IPUIPlugin
2026-05-30 21:53:27,735 [INFO] IPUIPlugin:64 - create IPUIPlugin
2026-05-30 21:53:27,735 [INFO] IPUIPlugin:64 - create IPUIPlugin
2026-05-30 21:53:27,735 [INFO] IPUIPlugin:64 - create IPUIPlugin
2026-05-30 21:53:27,768 [INFO] LogOutputStream:76 - [STDOUT_REDIRECT] toolchainItems.length=====1
2026-05-30 21:53:27,864 [INFO] OpenFileManager:294 - Restore cursor
2026-05-30 21:53:28,109 [INFO] UtilMem:74 - End SaveConfig() Used Memory: 892576712 Bytes (1073741824)
2026-05-30 21:53:28,155 [INFO] UtilMem:74 - End SaveConfig() Used Memory: 902011848 Bytes (1073741824)
2026-05-30 21:53:28,192 [ERROR] LogOutputStream:74 - [STDERR_REDIRECT] [Fatal Error] :1:1: Premature end of file.
2026-05-30 21:53:28,193 [ERROR] LogOutputStream:74 - [STDERR_REDIRECT] 
2026-05-30 21:53:28,223 [ERROR] LogOutputStream:74 - [STDERR_REDIRECT] [Fatal Error] :1:1: Premature end of file.
2026-05-30 21:53:28,223 [ERROR] LogOutputStream:74 - [STDERR_REDIRECT] 
2026-05-30 21:53:28,246 [ERROR] LogOutputStream:74 - [STDERR_REDIRECT] [Fatal Error] :1:1: Premature end of file.
2026-05-30 21:53:28,248 [ERROR] LogOutputStream:74 - [STDERR_REDIRECT] 
2026-05-30 21:53:28,555 [INFO] BlockDiagram:2735 - set Specific Code input for plugin: NVIC
2026-05-30 21:53:28,557 [INFO] BlockDiagram:2735 - set Specific Code input for plugin: SYS
2026-05-30 21:53:28,557 [INFO] BlockDiagram:2735 - set Specific Code input for plugin: RCC
2026-05-30 21:53:28,559 [INFO] CodeGenerator:639 - code generatio: config db path: D:\STM32CubeIDE_1.5.0\STM32CubeIDE\plugins\com.st.stm32cube.common.mx_6.1.0.202011121557\\db\
2026-05-30 21:53:28,872 [INFO] CodeEngine:229 - oldGeneratedFile, D:\Microcontrollers_and_Embedded_Systems\CourseDesign_DigitNN\cube_workspace\DigitNN_STM32F103VE\MXTmpFiles\license.tmp_save
2026-05-30 21:53:29,221 [INFO] CodeEngine:247 - Generated code: D:\Microcontrollers_and_Embedded_Systems\CourseDesign_DigitNN\cube_workspace\DigitNN_STM32F103VE\MXTmpFiles\license.tmp
2026-05-30 21:53:29,555 [INFO] CodeEngine:229 - oldGeneratedFile, D:\Microcontrollers_and_Embedded_Systems\CourseDesign_DigitNN\cube_workspace\DigitNN_STM32F103VE\Core\Src\stm32f1xx_it.c_save
2026-05-30 21:53:29,730 [INFO] CodeEngine:247 - Generated code: D:\Microcontrollers_and_Embedded_Systems\CourseDesign_DigitNN\cube_workspace\DigitNN_STM32F103VE\Core\Src\stm32f1xx_it.c
2026-05-30 21:53:29,731 [INFO] CodeEngine:229 - oldGeneratedFile, D:\Microcontrollers_and_Embedded_Systems\CourseDesign_DigitNN\cube_workspace\DigitNN_STM32F103VE\Core\Inc\stm32f1xx_it.h_save
2026-05-30 21:53:29,779 [INFO] CodeEngine:247 - Generated code: D:\Microcontrollers_and_Embedded_Systems\CourseDesign_DigitNN\cube_workspace\DigitNN_STM32F103VE\Core\Inc\stm32f1xx_it.h
2026-05-30 21:53:29,787 [INFO] CodeEngine:229 - oldGeneratedFile, D:\Microcontrollers_and_Embedded_Systems\CourseDesign_DigitNN\cube_workspace\DigitNN_STM32F103VE\Core\Src\stm32f1xx_hal_msp.c_save
2026-05-30 21:53:29,882 [INFO] CodeEngine:247 - Generated code: D:\Microcontrollers_and_Embedded_Systems\CourseDesign_DigitNN\cube_workspace\DigitNN_STM32F103VE\Core\Src\stm32f1xx_hal_msp.c
2026-05-30 21:53:29,886 [INFO] CodeEngine:229 - oldGeneratedFile, D:\Microcontrollers_and_Embedded_Systems\CourseDesign_DigitNN\cube_workspace\DigitNN_STM32F103VE\MXTmpFiles\system.tmp_save
2026-05-30 21:53:29,942 [INFO] CodeEngine:247 - Generated code: D:\Microcontrollers_and_Embedded_Systems\CourseDesign_DigitNN\cube_workspace\DigitNN_STM32F103VE\MXTmpFiles\system.tmp
2026-05-30 21:53:29,960 [INFO] CodeEngine:229 - oldGeneratedFile, D:\Microcontrollers_and_Embedded_Systems\CourseDesign_DigitNN\cube_workspace\DigitNN_STM32F103VE\Core\Inc\stm32f1xx_hal_conf.h_save
2026-05-30 21:53:30,009 [INFO] CodeEngine:247 - Generated code: D:\Microcontrollers_and_Embedded_Systems\CourseDesign_DigitNN\cube_workspace\DigitNN_STM32F103VE\Core\Inc\stm32f1xx_hal_conf.h
2026-05-30 21:53:30,049 [INFO] CodeEngine:229 - oldGeneratedFile, D:\Microcontrollers_and_Embedded_Systems\CourseDesign_DigitNN\cube_workspace\DigitNN_STM32F103VE\Core\Inc\main.h_save
2026-05-30 21:53:30,113 [INFO] CodeEngine:247 - Generated code: D:\Microcontrollers_and_Embedded_Systems\CourseDesign_DigitNN\cube_workspace\DigitNN_STM32F103VE\Core\Inc\main.h
2026-05-30 21:53:30,120 [INFO] CodeEngine:229 - oldGeneratedFile, D:\Microcontrollers_and_Embedded_Systems\CourseDesign_DigitNN\cube_workspace\DigitNN_STM32F103VE\Core\Src\main.c_save
2026-05-30 21:53:30,191 [INFO] CodeEngine:247 - Generated code: D:\Microcontrollers_and_Embedded_Systems\CourseDesign_DigitNN\cube_workspace\DigitNN_STM32F103VE\Core\Src\main.c
2026-05-30 21:53:30,762 [INFO] ProjectBuilder:2328 - Time for Copy HAL[1] : 100mS.
2026-05-30 21:53:30,775 [INFO] ProjectBuilder:3259 - Project Generator version: 3.11.0-B13
2026-05-30 21:53:31,047 [INFO] ConfigFileManager:1238 - The Die is : DIE414
2026-05-30 21:53:31,062 [INFO] ApiDbMcu:456 - Load IP Config File for FATFS
2026-05-30 21:53:31,067 [INFO] ApiDbMcu:456 - Load IP Config File for FREERTOS
2026-05-30 21:53:31,072 [INFO] ApiDbMcu:456 - Load IP Config File for USB_DEVICE
2026-05-30 21:53:36,490 [INFO] ProjectBuilder:3425 - Time for Generating toolchain IDE Files: 5715mS.
2026-05-30 21:53:36,490 [INFO] ProjectBuilder:2207 - Time for Copy CMSIS : 0mS.
2026-05-30 21:53:36,492 [INFO] ProjectBuilder:2207 - Time for Copy CMSIS : 0mS.
2026-05-30 21:53:36,972 [ERROR] LogOutputStream:74 - [STDERR_REDIRECT] [Fatal Error] :1:1: Premature end of file.
2026-05-30 21:53:36,972 [ERROR] LogOutputStream:74 - [STDERR_REDIRECT] 
2026-05-30 21:53:36,998 [ERROR] LogOutputStream:74 - [STDERR_REDIRECT] [Fatal Error] :1:1: Premature end of file.
2026-05-30 21:53:37,000 [ERROR] LogOutputStream:74 - [STDERR_REDIRECT] 
2026-05-30 21:53:37,025 [ERROR] LogOutputStream:74 - [STDERR_REDIRECT] [Fatal Error] :1:1: Premature end of file.
2026-05-30 21:53:37,025 [ERROR] LogOutputStream:74 - [STDERR_REDIRECT] 
2026-05-30 21:53:37,050 [INFO] ApiDb:263 - Save user favorites file C:\Users\34886/.stm32cubeide/favorites.mcus.txt: 2 item(s)
2026-05-30 21:53:37,050 [INFO] ApiDb:267 - User favorites MCUs=[STM32F103C8Tx, STM32F103VETx]
2026-05-30 21:53:37,050 [ERROR] LogOutputStream:74 - [STDERR_REDIRECT] [Fatal Error] :1:1: Premature end of file.
2026-05-30 21:53:37,052 [ERROR] LogOutputStream:74 - [STDERR_REDIRECT] 
2026-05-30 21:53:38,376 [ERROR] LogOutputStream:74 - [STDERR_REDIRECT] [Fatal Error] :1:1: Premature end of file.
2026-05-30 21:53:38,377 [ERROR] LogOutputStream:74 - [STDERR_REDIRECT] 
2026-05-30 21:53:38,393 [ERROR] LogOutputStream:74 - [STDERR_REDIRECT] [Fatal Error] :1:1: Premature end of file.
2026-05-30 21:53:38,395 [ERROR] LogOutputStream:74 - [STDERR_REDIRECT] 
2026-05-30 22:07:48,658 [ERROR] LogOutputStream:74 - [STDERR_REDIRECT] [Fatal Error] :1:1: Premature end of file.
2026-05-30 22:07:48,659 [ERROR] LogOutputStream:74 - [STDERR_REDIRECT] 
2026-05-30 22:07:48,674 [ERROR] LogOutputStream:74 - [STDERR_REDIRECT] [Fatal Error] :1:1: Premature end of file.
2026-05-30 22:07:48,674 [ERROR] LogOutputStream:74 - [STDERR_REDIRECT] 
2026-05-30 22:07:48,695 [ERROR] LogOutputStream:74 - [STDERR_REDIRECT] [Fatal Error] :1:1: Premature end of file.
2026-05-30 22:07:48,695 [ERROR] LogOutputStream:74 - [STDERR_REDIRECT] 
2026-05-30 22:09:07,809 [INFO] UtilMem:74 - End SaveConfig() Used Memory: 798378912 Bytes (1073741824)
2026-05-30 22:09:07,966 [ERROR] LogOutputStream:74 - [STDERR_REDIRECT] [Fatal Error] :1:1: Premature end of file.
2026-05-30 22:09:07,966 [ERROR] LogOutputStream:74 - [STDERR_REDIRECT] 
2026-05-30 22:09:08,000 [ERROR] LogOutputStream:74 - [STDERR_REDIRECT] [Fatal Error] :1:1: Premature end of file.
2026-05-30 22:09:08,000 [ERROR] LogOutputStream:74 - [STDERR_REDIRECT] 
2026-05-30 22:09:08,024 [ERROR] LogOutputStream:74 - [STDERR_REDIRECT] [Fatal Error] :1:1: Premature end of file.
2026-05-30 22:09:08,025 [ERROR] LogOutputStream:74 - [STDERR_REDIRECT] 
2026-05-30 22:09:09,530 [INFO] UtilMem:74 - End SaveConfig() Used Memory: 809639184 Bytes (1073741824)
2026-05-30 22:09:12,001 [INFO] UtilMem:74 - End SaveConfig() Used Memory: 776457560 Bytes (1073741824)
2026-05-30 22:09:12,081 [ERROR] LogOutputStream:74 - [STDERR_REDIRECT] [Fatal Error] :1:1: Premature end of file.
2026-05-30 22:09:12,081 [ERROR] LogOutputStream:74 - [STDERR_REDIRECT] 
2026-05-30 22:09:12,106 [ERROR] LogOutputStream:74 - [STDERR_REDIRECT] [Fatal Error] :1:1: Premature end of file.
2026-05-30 22:09:12,107 [ERROR] LogOutputStream:74 - [STDERR_REDIRECT] 
2026-05-30 22:09:12,128 [ERROR] LogOutputStream:74 - [STDERR_REDIRECT] [Fatal Error] :1:1: Premature end of file.
2026-05-30 22:09:12,128 [ERROR] LogOutputStream:74 - [STDERR_REDIRECT] 
2026-05-30 22:09:12,141 [INFO] BlockDiagram:2735 - set Specific Code input for plugin: NVIC
2026-05-30 22:09:12,141 [INFO] BlockDiagram:2735 - set Specific Code input for plugin: SYS
2026-05-30 22:09:12,141 [INFO] BlockDiagram:2735 - set Specific Code input for plugin: GPIO
2026-05-30 22:09:12,142 [INFO] BlockDiagram:2735 - set Specific Code input for plugin: RCC
2026-05-30 22:09:12,142 [INFO] CodeGenerator:639 - code generatio: config db path: D:\STM32CubeIDE_1.5.0\STM32CubeIDE\plugins\com.st.stm32cube.common.mx_6.1.0.202011121557\\db\
2026-05-30 22:09:12,315 [INFO] CodeEngine:229 - oldGeneratedFile, D:\Microcontrollers_and_Embedded_Systems\CourseDesign_DigitNN\cube_workspace\DigitNN_STM32F103VE\MXTmpFiles\license.tmp_save
2026-05-30 22:09:12,400 [INFO] CodeEngine:247 - Generated code: D:\Microcontrollers_and_Embedded_Systems\CourseDesign_DigitNN\cube_workspace\DigitNN_STM32F103VE\MXTmpFiles\license.tmp
2026-05-30 22:09:12,418 [INFO] CodeEngine:229 - oldGeneratedFile, D:\Microcontrollers_and_Embedded_Systems\CourseDesign_DigitNN\cube_workspace\DigitNN_STM32F103VE\MXTmpFiles\gpio.tmp_save
2026-05-30 22:09:12,456 [INFO] CodeEngine:247 - Generated code: D:\Microcontrollers_and_Embedded_Systems\CourseDesign_DigitNN\cube_workspace\DigitNN_STM32F103VE\MXTmpFiles\gpio.tmp
2026-05-30 22:09:12,467 [INFO] CodeEngine:229 - oldGeneratedFile, D:\Microcontrollers_and_Embedded_Systems\CourseDesign_DigitNN\cube_workspace\DigitNN_STM32F103VE\Core\Src\stm32f1xx_it.c_save
2026-05-30 22:09:12,517 [INFO] CodeEngine:247 - Generated code: D:\Microcontrollers_and_Embedded_Systems\CourseDesign_DigitNN\cube_workspace\DigitNN_STM32F103VE\Core\Src\stm32f1xx_it.c
2026-05-30 22:09:12,522 [INFO] CodeEngine:229 - oldGeneratedFile, D:\Microcontrollers_and_Embedded_Systems\CourseDesign_DigitNN\cube_workspace\DigitNN_STM32F103VE\Core\Inc\stm32f1xx_it.h_save
2026-05-30 22:09:12,550 [INFO] CodeEngine:247 - Generated code: D:\Microcontrollers_and_Embedded_Systems\CourseDesign_DigitNN\cube_workspace\DigitNN_STM32F103VE\Core\Inc\stm32f1xx_it.h
2026-05-30 22:09:12,556 [INFO] CodeEngine:229 - oldGeneratedFile, D:\Microcontrollers_and_Embedded_Systems\CourseDesign_DigitNN\cube_workspace\DigitNN_STM32F103VE\Core\Src\stm32f1xx_hal_msp.c_save
2026-05-30 22:09:12,594 [INFO] CodeEngine:247 - Generated code: D:\Microcontrollers_and_Embedded_Systems\CourseDesign_DigitNN\cube_workspace\DigitNN_STM32F103VE\Core\Src\stm32f1xx_hal_msp.c
2026-05-30 22:09:12,596 [INFO] CodeEngine:229 - oldGeneratedFile, D:\Microcontrollers_and_Embedded_Systems\CourseDesign_DigitNN\cube_workspace\DigitNN_STM32F103VE\MXTmpFiles\system.tmp_save
2026-05-30 22:09:12,618 [INFO] CodeEngine:247 - Generated code: D:\Microcontrollers_and_Embedded_Systems\CourseDesign_DigitNN\cube_workspace\DigitNN_STM32F103VE\MXTmpFiles\system.tmp
2026-05-30 22:09:12,622 [INFO] CodeEngine:229 - oldGeneratedFile, D:\Microcontrollers_and_Embedded_Systems\CourseDesign_DigitNN\cube_workspace\DigitNN_STM32F103VE\Core\Inc\stm32f1xx_hal_conf.h_save
2026-05-30 22:09:12,674 [INFO] CodeEngine:247 - Generated code: D:\Microcontrollers_and_Embedded_Systems\CourseDesign_DigitNN\cube_workspace\DigitNN_STM32F103VE\Core\Inc\stm32f1xx_hal_conf.h
2026-05-30 22:09:12,685 [INFO] CodeEngine:229 - oldGeneratedFile, D:\Microcontrollers_and_Embedded_Systems\CourseDesign_DigitNN\cube_workspace\DigitNN_STM32F103VE\Core\Inc\main.h_save
2026-05-30 22:09:12,714 [INFO] CodeEngine:247 - Generated code: D:\Microcontrollers_and_Embedded_Systems\CourseDesign_DigitNN\cube_workspace\DigitNN_STM32F103VE\Core\Inc\main.h
2026-05-30 22:09:12,717 [INFO] CodeEngine:229 - oldGeneratedFile, D:\Microcontrollers_and_Embedded_Systems\CourseDesign_DigitNN\cube_workspace\DigitNN_STM32F103VE\Core\Src\main.c_save
2026-05-30 22:09:12,769 [INFO] CodeEngine:247 - Generated code: D:\Microcontrollers_and_Embedded_Systems\CourseDesign_DigitNN\cube_workspace\DigitNN_STM32F103VE\Core\Src\main.c
2026-05-30 22:09:13,136 [INFO] ProjectBuilder:2328 - Time for Copy HAL[1] : 109mS.
2026-05-30 22:09:13,139 [INFO] ProjectBuilder:3259 - Project Generator version: 3.11.0-B13
2026-05-30 22:09:13,320 [INFO] ConfigFileManager:1238 - The Die is : DIE414
2026-05-30 22:09:14,843 [INFO] ProjectBuilder:3425 - Time for Generating toolchain IDE Files: 1704mS.
2026-05-30 22:09:14,848 [INFO] ProjectBuilder:2207 - Time for Copy CMSIS : 4mS.
2026-05-30 22:09:14,863 [INFO] ProjectBuilder:2207 - Time for Copy CMSIS : 0mS.
2026-05-30 22:09:39,542 [ERROR] LogOutputStream:74 - [STDERR_REDIRECT] [Fatal Error] :1:1: Premature end of file.
2026-05-30 22:09:39,544 [ERROR] LogOutputStream:74 - [STDERR_REDIRECT] 
2026-05-30 22:09:39,568 [ERROR] LogOutputStream:74 - [STDERR_REDIRECT] [Fatal Error] :1:1: Premature end of file.
2026-05-30 22:09:39,568 [ERROR] LogOutputStream:74 - [STDERR_REDIRECT] 
2026-05-30 22:09:39,586 [ERROR] LogOutputStream:74 - [STDERR_REDIRECT] [Fatal Error] :1:1: Premature end of file.
2026-05-30 22:09:39,586 [ERROR] LogOutputStream:74 - [STDERR_REDIRECT] 
2026-05-30 22:11:31,419 [INFO] UtilMem:74 - End SaveConfig() Used Memory: 762913752 Bytes (1073741824)
2026-05-30 22:11:31,511 [ERROR] LogOutputStream:74 - [STDERR_REDIRECT] [Fatal Error] :1:1: Premature end of file.
2026-05-30 22:11:31,511 [ERROR] LogOutputStream:74 - [STDERR_REDIRECT] 
2026-05-30 22:11:31,525 [ERROR] LogOutputStream:74 - [STDERR_REDIRECT] [Fatal Error] :1:1: Premature end of file.
2026-05-30 22:11:31,525 [ERROR] LogOutputStream:74 - [STDERR_REDIRECT] 
2026-05-30 22:11:31,540 [ERROR] LogOutputStream:74 - [STDERR_REDIRECT] [Fatal Error] :1:1: Premature end of file.
2026-05-30 22:11:31,540 [ERROR] LogOutputStream:74 - [STDERR_REDIRECT] 
2026-05-30 22:11:32,478 [INFO] UtilMem:74 - End SaveConfig() Used Memory: 774190672 Bytes (1073741824)
2026-05-30 22:11:33,707 [INFO] UtilMem:74 - End SaveConfig() Used Memory: 798043088 Bytes (1073741824)
2026-05-30 22:11:33,768 [ERROR] LogOutputStream:74 - [STDERR_REDIRECT] [Fatal Error] :1:1: Premature end of file.
2026-05-30 22:11:33,768 [ERROR] LogOutputStream:74 - [STDERR_REDIRECT] 
2026-05-30 22:11:33,796 [ERROR] LogOutputStream:74 - [STDERR_REDIRECT] [Fatal Error] :1:1: Premature end of file.
2026-05-30 22:11:33,797 [ERROR] LogOutputStream:74 - [STDERR_REDIRECT] 
2026-05-30 22:11:33,817 [ERROR] LogOutputStream:74 - [STDERR_REDIRECT] [Fatal Error] :1:1: Premature end of file.
2026-05-30 22:11:33,817 [ERROR] LogOutputStream:74 - [STDERR_REDIRECT] 
2026-05-30 22:11:33,843 [INFO] BlockDiagram:2735 - set Specific Code input for plugin: NVIC
2026-05-30 22:11:33,843 [INFO] BlockDiagram:2735 - set Specific Code input for plugin: USART
2026-05-30 22:11:33,843 [INFO] BlockDiagram:2735 - set Specific Code input for plugin: SYS
2026-05-30 22:11:33,844 [INFO] BlockDiagram:2735 - set Specific Code input for plugin: GPIO
2026-05-30 22:11:33,844 [INFO] BlockDiagram:2735 - set Specific Code input for plugin: RCC
2026-05-30 22:11:33,845 [INFO] CodeGenerator:639 - code generatio: config db path: D:\STM32CubeIDE_1.5.0\STM32CubeIDE\plugins\com.st.stm32cube.common.mx_6.1.0.202011121557\\db\
2026-05-30 22:11:33,974 [INFO] CodeEngine:229 - oldGeneratedFile, D:\Microcontrollers_and_Embedded_Systems\CourseDesign_DigitNN\cube_workspace\DigitNN_STM32F103VE\MXTmpFiles\license.tmp_save
2026-05-30 22:11:34,062 [INFO] CodeEngine:247 - Generated code: D:\Microcontrollers_and_Embedded_Systems\CourseDesign_DigitNN\cube_workspace\DigitNN_STM32F103VE\MXTmpFiles\license.tmp
2026-05-30 22:11:34,138 [INFO] CodeEngine:229 - oldGeneratedFile, D:\Microcontrollers_and_Embedded_Systems\CourseDesign_DigitNN\cube_workspace\DigitNN_STM32F103VE\MXTmpFiles\gpio.tmp_save
2026-05-30 22:11:34,163 [INFO] CodeEngine:247 - Generated code: D:\Microcontrollers_and_Embedded_Systems\CourseDesign_DigitNN\cube_workspace\DigitNN_STM32F103VE\MXTmpFiles\gpio.tmp
2026-05-30 22:11:34,202 [INFO] LogOutputStream:76 - [STDOUT_REDIRECT] Command line
2026-05-30 22:11:34,216 [INFO] CodeEngine:229 - oldGeneratedFile, D:\Microcontrollers_and_Embedded_Systems\CourseDesign_DigitNN\cube_workspace\DigitNN_STM32F103VE\Core\Src\stm32f1xx_it.c_save
2026-05-30 22:11:34,287 [INFO] CodeEngine:247 - Generated code: D:\Microcontrollers_and_Embedded_Systems\CourseDesign_DigitNN\cube_workspace\DigitNN_STM32F103VE\Core\Src\stm32f1xx_it.c
2026-05-30 22:11:34,292 [INFO] CodeEngine:229 - oldGeneratedFile, D:\Microcontrollers_and_Embedded_Systems\CourseDesign_DigitNN\cube_workspace\DigitNN_STM32F103VE\Core\Inc\stm32f1xx_it.h_save
2026-05-30 22:11:34,329 [INFO] CodeEngine:247 - Generated code: D:\Microcontrollers_and_Embedded_Systems\CourseDesign_DigitNN\cube_workspace\DigitNN_STM32F103VE\Core\Inc\stm32f1xx_it.h
2026-05-30 22:11:34,336 [INFO] CodeEngine:229 - oldGeneratedFile, D:\Microcontrollers_and_Embedded_Systems\CourseDesign_DigitNN\cube_workspace\DigitNN_STM32F103VE\Core\Src\stm32f1xx_hal_msp.c_save
2026-05-30 22:11:34,502 [INFO] CodeEngine:247 - Generated code: D:\Microcontrollers_and_Embedded_Systems\CourseDesign_DigitNN\cube_workspace\DigitNN_STM32F103VE\Core\Src\stm32f1xx_hal_msp.c
2026-05-30 22:11:34,507 [INFO] CodeEngine:229 - oldGeneratedFile, D:\Microcontrollers_and_Embedded_Systems\CourseDesign_DigitNN\cube_workspace\DigitNN_STM32F103VE\MXTmpFiles\system.tmp_save
2026-05-30 22:11:34,571 [INFO] CodeEngine:247 - Generated code: D:\Microcontrollers_and_Embedded_Systems\CourseDesign_DigitNN\cube_workspace\DigitNN_STM32F103VE\MXTmpFiles\system.tmp
2026-05-30 22:11:34,586 [INFO] CodeEngine:229 - oldGeneratedFile, D:\Microcontrollers_and_Embedded_Systems\CourseDesign_DigitNN\cube_workspace\DigitNN_STM32F103VE\Core\Inc\stm32f1xx_hal_conf.h_save
2026-05-30 22:11:34,683 [INFO] CodeEngine:247 - Generated code: D:\Microcontrollers_and_Embedded_Systems\CourseDesign_DigitNN\cube_workspace\DigitNN_STM32F103VE\Core\Inc\stm32f1xx_hal_conf.h
2026-05-30 22:11:34,726 [INFO] CodeEngine:229 - oldGeneratedFile, D:\Microcontrollers_and_Embedded_Systems\CourseDesign_DigitNN\cube_workspace\DigitNN_STM32F103VE\Core\Inc\main.h_save
2026-05-30 22:11:34,832 [INFO] CodeEngine:247 - Generated code: D:\Microcontrollers_and_Embedded_Systems\CourseDesign_DigitNN\cube_workspace\DigitNN_STM32F103VE\Core\Inc\main.h
2026-05-30 22:11:34,844 [INFO] CodeEngine:229 - oldGeneratedFile, D:\Microcontrollers_and_Embedded_Systems\CourseDesign_DigitNN\cube_workspace\DigitNN_STM32F103VE\Core\Src\main.c_save
2026-05-30 22:11:35,059 [INFO] CodeEngine:247 - Generated code: D:\Microcontrollers_and_Embedded_Systems\CourseDesign_DigitNN\cube_workspace\DigitNN_STM32F103VE\Core\Src\main.c
2026-05-30 22:11:35,895 [INFO] ProjectBuilder:2328 - Time for Copy HAL[1] : 206mS.
2026-05-30 22:11:35,902 [INFO] ProjectBuilder:3259 - Project Generator version: 3.11.0-B13
2026-05-30 22:11:36,414 [INFO] ConfigFileManager:1238 - The Die is : DIE414
2026-05-30 22:11:38,824 [INFO] ProjectBuilder:3425 - Time for Generating toolchain IDE Files: 2922mS.
2026-05-30 22:11:38,825 [INFO] ProjectBuilder:2207 - Time for Copy CMSIS : 0mS.
2026-05-30 22:11:38,830 [INFO] ProjectBuilder:2207 - Time for Copy CMSIS : 0mS.
2026-05-30 22:13:59,435 [ERROR] LogOutputStream:74 - [STDERR_REDIRECT] [Fatal Error] :1:1: Premature end of file.
2026-05-30 22:13:59,438 [ERROR] LogOutputStream:74 - [STDERR_REDIRECT] 
2026-05-30 22:13:59,457 [ERROR] LogOutputStream:74 - [STDERR_REDIRECT] [Fatal Error] :1:1: Premature end of file.
2026-05-30 22:13:59,457 [ERROR] LogOutputStream:74 - [STDERR_REDIRECT] 
2026-05-30 22:13:59,473 [ERROR] LogOutputStream:74 - [STDERR_REDIRECT] [Fatal Error] :1:1: Premature end of file.
2026-05-30 22:13:59,473 [ERROR] LogOutputStream:74 - [STDERR_REDIRECT] 
2026-05-30 22:51:19,108 [ERROR] LogOutputStream:74 - [STDERR_REDIRECT] [Fatal Error] :1:1: Premature end of file.
2026-05-30 22:51:19,110 [ERROR] LogOutputStream:74 - [STDERR_REDIRECT] 
2026-05-30 22:51:19,447 [ERROR] LogOutputStream:74 - [STDERR_REDIRECT] [Fatal Error] :1:1: Premature end of file.
2026-05-30 22:51:19,449 [ERROR] LogOutputStream:74 - [STDERR_REDIRECT] 
2026-05-30 22:51:19,719 [ERROR] LogOutputStream:74 - [STDERR_REDIRECT] [Fatal Error] :1:1: Premature end of file.
2026-05-30 22:51:19,719 [ERROR] LogOutputStream:74 - [STDERR_REDIRECT] 
