C51 COMPILER V9.54   EX6_DC_PWM                                                            04/27/2026 07:57:16 PAGE 1   


C51 COMPILER V9.54, COMPILATION OF MODULE EX6_DC_PWM
OBJECT MODULE PLACED IN EX6_DC_PWM.OBJ
COMPILER INVOKED BY: D:\C51\BIN\C51.exe EX6_DC_PWM.c INCDIR(D:\C51\INC,D:\C51\INC\SST)

line level    source

   1          #include "SST89x5x4.h"
   2          
   3          sbit PWM_OUT = P1^7;
   4          
   5          #define T_HIGH  60
   6          #define T_LOW   40
   7          
   8          void delay_unit(unsigned char t)
   9          {
  10   1          unsigned char i;
  11   1          unsigned int j;
  12   1      
  13   1          for (i = 0; i < t; i++)
  14   1          {
  15   2              for (j = 0; j < 150; j++)
  16   2              {
  17   3              }
  18   2          }
  19   1      }
  20          
  21          void main(void)
  22          {
  23   1          while (1)
  24   1          {
  25   2              PWM_OUT = 1;
  26   2              delay_unit(T_HIGH);
  27   2              PWM_OUT = 0;
  28   2              delay_unit(T_LOW);
  29   2          }
  30   1      }


MODULE INFORMATION:   STATIC OVERLAYABLE
   CODE SIZE        =     41    ----
   CONSTANT SIZE    =   ----    ----
   XDATA SIZE       =   ----    ----
   PDATA SIZE       =   ----    ----
   DATA SIZE        =   ----    ----
   IDATA SIZE       =   ----    ----
   BIT SIZE         =   ----    ----
END OF MODULE INFORMATION.


C51 COMPILATION COMPLETE.  0 WARNING(S),  0 ERROR(S)
