C51 COMPILER V9.54   EX6_STEPPER                                                           04/27/2026 07:56:56 PAGE 1   


C51 COMPILER V9.54, COMPILATION OF MODULE EX6_STEPPER
OBJECT MODULE PLACED IN EX6_Stepper.OBJ
COMPILER INVOKED BY: D:\C51\BIN\C51.exe EX6_Stepper.c INCDIR(D:\C51\INC,D:\C51\INC\SST)

line level    source

   1          #include "SST89x5x4.h"
   2          
   3          sbit DIR_SW = P3^2;
   4          
   5          unsigned char code step_table[8] = {
   6              0x01, 0x03, 0x02, 0x06,
   7              0x04, 0x0C, 0x08, 0x09
   8          };
   9          
  10          void delay_step(void)
  11          {
  12   1          unsigned int i;
  13   1          for (i = 0; i < 4000; i++)
  14   1          {
  15   2          }
  16   1      }
  17          
  18          void main(void)
  19          {
  20   1          signed char index = 0;
  21   1      
  22   1          P0 = 0x00;
  23   1          P3 |= 0x04;
  24   1      
  25   1          while (1)
  26   1          {
  27   2              P0 = step_table[index] & 0x0F;
  28   2              delay_step();
  29   2      
  30   2              if (DIR_SW)
  31   2              {
  32   3                  index++;
  33   3                  if (index >= 8)
  34   3                  {
  35   4                      index = 0;
  36   4                  }
  37   3              }
  38   2              else
  39   2              {
  40   3                  index--;
  41   3                  if (index < 0)
  42   3                  {
  43   4                      index = 7;
  44   4                  }
  45   3              }
  46   2          }
  47   1      }


MODULE INFORMATION:   STATIC OVERLAYABLE
   CODE SIZE        =     76    ----
   CONSTANT SIZE    =      8    ----
   XDATA SIZE       =   ----    ----
   PDATA SIZE       =   ----    ----
   DATA SIZE        =   ----    ----
C51 COMPILER V9.54   EX6_STEPPER                                                           04/27/2026 07:56:56 PAGE 2   

   IDATA SIZE       =   ----    ----
   BIT SIZE         =   ----    ----
END OF MODULE INFORMATION.


C51 COMPILATION COMPLETE.  0 WARNING(S),  0 ERROR(S)
