C51 COMPILER V9.54   EX6                                                                   05/19/2026 21:47:16 PAGE 1   


C51 COMPILER V9.54, COMPILATION OF MODULE EX6
OBJECT MODULE PLACED IN .\Objects\EX6.obj
COMPILER INVOKED BY: D:\C51\BIN\C51.EXE EX6.c OPTIMIZE(8,SPEED) BROWSE DEBUG OBJECTEXTEND PRINT(.\Listings\EX6.lst) TABS
                    -(2) OBJECT(.\Objects\EX6.obj)

line level    source

   1          #include "SST89x5x4.H"
   2          
   3          /*
   4           * Experiment 6 advanced task, stand-alone hardware version.
   5           *
   6           * Default clock assumption follows EX5.c:
   7           *   11.0592 MHz, UART mode 1, Timer1 mode 2, SMOD=1, 19200 bps.
   8           *
   9           * Hardware mapping:
  10           *   P1.7 -> DC motor PWM output
  11           *   P1.0 -> alarm LED, active high
  12           *   P1.1 -> buzzer, active high
  13           *   P2   -> one common-cathode seven-segment display segment bus
  14           *   P3.2 -> START key, active low
  15           *   P3.3 -> STOP key, active low
  16           *   P3.4 -> SPEED UP key, active low
  17           *   P3.5 -> SPEED DOWN key, active low
  18           *   P3.1/TXD, P3.0/RXD -> upper computer serial port
  19           *
  20           * Upper-computer commands:
  21           *   s/S: start
  22           *   p/P: stop
  23           *   +  : speed up
  24           *   -  : speed down
  25           *   0-4: set speed directly
  26           *   ?  : query status
  27           */
  28          
  29          sbit PWM_OUT = P1^7;
  30          sbit ALARM_LED = P1^0;
  31          sbit BUZZER = P1^1;
  32          
  33          sbit KEY_START = P3^2;
  34          sbit KEY_STOP  = P3^3;
  35          sbit KEY_UP    = P3^4;
  36          sbit KEY_DOWN  = P3^5;
  37          
  38          /* Timer0 1 ms reload for 11.0592 MHz / 12T: 65536 - 922 = 0xFC66. */
  39          #define T0_RELOAD_H 0xFC
  40          #define T0_RELOAD_L 0x66
  41          #define PWM_PERIOD 20
  42          
  43          unsigned char code seg_cc[10] = {
  44              0x3F, 0x06, 0x5B, 0x4F, 0x66,
  45              0x6D, 0x7D, 0x07, 0x7F, 0x6F
  46          };
  47          
  48          unsigned char code duty_table[5] = {0, 5, 10, 15, 20};
  49          
  50          volatile unsigned char pwm_count = 0;
  51          volatile unsigned char key_ms = 0;
  52          volatile unsigned char key_scan_due = 0;
  53          volatile bit status_due = 0;
  54          volatile unsigned int status_ms = 0;
C51 COMPILER V9.54   EX6                                                                   05/19/2026 21:47:16 PAGE 2   

  55          
  56          bit running = 0;
  57          unsigned char speed = 0;
  58          unsigned int alarm_ms = 0;
  59          
  60          void UART_Init(void)
  61          {
  62   1          TMOD &= 0x0F;
  63   1          TMOD |= 0x20;
  64   1      
  65   1          PCON |= 0x80;
  66   1          TH1 = 0xFD;
  67   1          TL1 = 0xFD;
  68   1      
  69   1          SCON = 0x50;
  70   1          TR1 = 1;
  71   1          TI = 1;
  72   1      }
  73          
  74          void UART_SendChar(unsigned char dat)
  75          {
  76   1          SBUF = dat;
  77   1          while (TI == 0)
  78   1          {
  79   2          }
  80   1          TI = 0;
  81   1      }
  82          
  83          void UART_SendString(unsigned char *str)
  84          {
  85   1          while (*str != '\0')
  86   1          {
  87   2              UART_SendChar(*str);
  88   2              str++;
  89   2          }
  90   1      }
  91          
  92          void UART_SendDigit(unsigned char dat)
  93          {
  94   1          UART_SendChar((unsigned char)('0' + dat));
  95   1      }
  96          
  97          void Timer0_Init(void)
  98          {
  99   1          TMOD &= 0xF0;
 100   1          TMOD |= 0x01;
 101   1      
 102   1          TH0 = T0_RELOAD_H;
 103   1          TL0 = T0_RELOAD_L;
 104   1      
 105   1          ET0 = 1;
 106   1          TR0 = 1;
 107   1      }
 108          
 109          void Timer0_ISR(void) interrupt 1
 110          {
 111   1          TH0 = T0_RELOAD_H;
 112   1          TL0 = T0_RELOAD_L;
 113   1      
 114   1          pwm_count++;
 115   1          if (pwm_count >= PWM_PERIOD)
 116   1          {
C51 COMPILER V9.54   EX6                                                                   05/19/2026 21:47:16 PAGE 3   

 117   2              pwm_count = 0;
 118   2          }
 119   1      
 120   1          if (running && pwm_count < duty_table[speed])
 121   1          {
 122   2              PWM_OUT = 1;
 123   2          }
 124   1          else
 125   1          {
 126   2              PWM_OUT = 0;
 127   2          }
 128   1      
 129   1          if (alarm_ms > 0)
 130   1          {
 131   2              alarm_ms--;
 132   2              ALARM_LED = 1;
 133   2              BUZZER = (alarm_ms & 0x0040) ? 1 : 0;
 134   2          }
 135   1          else
 136   1          {
 137   2              ALARM_LED = 0;
 138   2              BUZZER = 0;
 139   2          }
 140   1      
 141   1          key_ms++;
 142   1          if (key_ms >= 10)
 143   1          {
 144   2              key_ms = 0;
 145   2              key_scan_due = 1;
 146   2          }
 147   1      
 148   1          status_ms++;
 149   1          if (status_ms >= 1000)
 150   1          {
 151   2              status_ms = 0;
 152   2              status_due = 1;
 153   2          }
 154   1      }
 155          
 156          void Display_State(void)
 157          {
 158   1          if (running)
 159   1          {
 160   2              P2 = seg_cc[speed];
 161   2          }
 162   1          else
 163   1          {
 164   2              P2 = 0x40;
 165   2          }
 166   1      }
 167          
 168          void Send_Status(void)
 169          {
 170   1          UART_SendString("RUN=");
 171   1          UART_SendDigit(running ? 1 : 0);
 172   1          UART_SendString(", SPEED=");
 173   1          UART_SendDigit(speed);
 174   1          UART_SendString("\r\n");
 175   1      }
 176          
 177          void Trigger_Error(void)
 178          {
C51 COMPILER V9.54   EX6                                                                   05/19/2026 21:47:16 PAGE 4   

 179   1          alarm_ms = 2000;
 180   1          UART_SendString("error\r\n");
 181   1      }
 182          
 183          void Speed_Up(void)
 184          {
 185   1          if (speed < 4)
 186   1          {
 187   2              speed++;
 188   2          }
 189   1          else
 190   1          {
 191   2              Trigger_Error();
 192   2          }
 193   1      }
 194          
 195          void Speed_Down(void)
 196          {
 197   1          if (speed > 0)
 198   1          {
 199   2              speed--;
 200   2          }
 201   1          else
 202   1          {
 203   2              Trigger_Error();
 204   2          }
 205   1      }
 206          
 207          void Scan_Keys(void)
 208          {
 209   1          static unsigned char last_key = 0x3C;
 210   1          unsigned char now_key;
 211   1      
 212   1          now_key = P3 & 0x3C;
 213   1      
 214   1          if ((last_key & 0x04) && !(now_key & 0x04))
 215   1          {
 216   2              running = 1;
 217   2              Send_Status();
 218   2          }
 219   1          if ((last_key & 0x08) && !(now_key & 0x08))
 220   1          {
 221   2              running = 0;
 222   2              Send_Status();
 223   2          }
 224   1          if ((last_key & 0x10) && !(now_key & 0x10))
 225   1          {
 226   2              Speed_Up();
 227   2              Send_Status();
 228   2          }
 229   1          if ((last_key & 0x20) && !(now_key & 0x20))
 230   1          {
 231   2              Speed_Down();
 232   2              Send_Status();
 233   2          }
 234   1      
 235   1          last_key = now_key;
 236   1      }
 237          
 238          void Check_UART_Command(void)
 239          {
 240   1          unsigned char dat;
C51 COMPILER V9.54   EX6                                                                   05/19/2026 21:47:16 PAGE 5   

 241   1      
 242   1          if (RI == 1)
 243   1          {
 244   2              RI = 0;
 245   2              dat = SBUF;
 246   2      
 247   2              if ((dat == 's') || (dat == 'S'))
 248   2              {
 249   3                  running = 1;
 250   3                  Send_Status();
 251   3              }
 252   2              else if ((dat == 'p') || (dat == 'P'))
 253   2              {
 254   3                  running = 0;
 255   3                  Send_Status();
 256   3              }
 257   2              else if (dat == '+')
 258   2              {
 259   3                  Speed_Up();
 260   3                  Send_Status();
 261   3              }
 262   2              else if (dat == '-')
 263   2              {
 264   3                  Speed_Down();
 265   3                  Send_Status();
 266   3              }
 267   2              else if ((dat >= '0') && (dat <= '4'))
 268   2              {
 269   3                  speed = dat - '0';
 270   3                  Send_Status();
 271   3              }
 272   2              else if (dat == '?')
 273   2              {
 274   3                  Send_Status();
 275   3              }
 276   2          }
 277   1      }
 278          
 279          void main(void)
 280          {
 281   1          P1 = 0x00;
 282   1          P2 = 0x40;
 283   1          P3 |= 0x3C;
 284   1      
 285   1          UART_Init();
 286   1          Timer0_Init();
 287   1          EA = 1;
 288   1      
 289   1          UART_SendString("DC Motor Control Experiment Start\r\n");
 290   1          UART_SendString("Commands: s=start, p=stop, +=up, -=down, 0-4=set, ?=status\r\n");
 291   1          Send_Status();
 292   1      
 293   1          while (1)
 294   1          {
 295   2              Check_UART_Command();
 296   2      
 297   2              if (key_scan_due)
 298   2              {
 299   3                  key_scan_due = 0;
 300   3                  Scan_Keys();
 301   3              }
 302   2      
C51 COMPILER V9.54   EX6                                                                   05/19/2026 21:47:16 PAGE 6   

 303   2              Display_State();
 304   2      
 305   2              if (status_due)
 306   2              {
 307   3                  status_due = 0;
 308   3                  Send_Status();
 309   3              }
 310   2          }
 311   1      }


MODULE INFORMATION:   STATIC OVERLAYABLE
   CODE SIZE        =    520    ----
   CONSTANT SIZE    =    137    ----
   XDATA SIZE       =   ----    ----
   PDATA SIZE       =   ----    ----
   DATA SIZE        =      9    ----
   IDATA SIZE       =   ----    ----
   BIT SIZE         =      2    ----
END OF MODULE INFORMATION.


C51 COMPILATION COMPLETE.  0 WARNING(S),  0 ERROR(S)
