BL51 BANKED LINKER/LOCATER V6.22                                                        05/07/2026  01:27:19  PAGE 1


BL51 BANKED LINKER/LOCATER V6.22, INVOKED BY:
D:\C51\BIN\BL51.EXE .\Objects\EX6_DC_PWM.obj TO .\Objects\EX6_2 PRINT (.\Listings\EX6_2.m51) RAMSIZE (256)


MEMORY MODEL: SMALL


INPUT MODULES INCLUDED:
  .\Objects\EX6_DC_PWM.obj (EX6_DC_PWM)
  D:\C51\LIB\C51S.LIB (?C_STARTUP)


LINK MAP OF MODULE:  .\Objects\EX6_2 (EX6_DC_PWM)


            TYPE    BASE      LENGTH    RELOCATION   SEGMENT NAME
            -----------------------------------------------------

            * * * * * * *   D A T A   M E M O R Y   * * * * * * *
            REG     0000H     0008H     ABSOLUTE     "REG BANK 0"
            IDATA   0008H     0001H     UNIT         ?STACK

            * * * * * * *   C O D E   M E M O R Y   * * * * * * *
            CODE    0000H     0003H     ABSOLUTE     
            CODE    0003H     0019H     UNIT         ?PR?_DELAY_UNIT?EX6_DC_PWM
            CODE    001CH     0010H     UNIT         ?PR?MAIN?EX6_DC_PWM
            CODE    002CH     000CH     UNIT         ?C_C51STARTUP



OVERLAY MAP OF MODULE:   .\Objects\EX6_2 (EX6_DC_PWM)


SEGMENT
  +--> CALLED SEGMENT
---------------------
?C_C51STARTUP
  +--> ?PR?MAIN?EX6_DC_PWM

?PR?MAIN?EX6_DC_PWM
  +--> ?PR?_DELAY_UNIT?EX6_DC_PWM



SYMBOL TABLE OF MODULE:  .\Objects\EX6_2 (EX6_DC_PWM)

  VALUE           TYPE          NAME
  ----------------------------------

  -------         MODULE        EX6_DC_PWM
  C:0000H         SYMBOL        _ICE_DUMMY_
  D:0090H         PUBLIC        P1
  D:00B0H         PUBLIC        P3
  D:00A8H         PUBLIC        IE
  D:00B8H         PUBLIC        IP
  C:001CH         PUBLIC        main
  D:0098H         PUBLIC        SCON
  C:0003H         PUBLIC        _delay_unit
BL51 BANKED LINKER/LOCATER V6.22                                                      05/07/2026  01:27:19  PAGE 2


  D:0088H         PUBLIC        TCON
  B:0090H.7       PUBLIC        PWM_OUT
  D:00C8H         PUBLIC        T2CON
  D:00D0H         PUBLIC        PSW
  -------         PROC          _DELAY_UNIT
  D:0007H         SYMBOL        t
  -------         DO            
  D:0006H         SYMBOL        i
  D:0004H         SYMBOL        j
  -------         ENDDO         
  C:0003H         LINE#         8
  C:0003H         LINE#         9
  C:0003H         LINE#         13
  C:000AH         LINE#         14
  C:000AH         LINE#         15
  C:000DH         LINE#         16
  C:000DH         LINE#         17
  C:0018H         LINE#         18
  C:001BH         LINE#         19
  -------         ENDPROC       _DELAY_UNIT
  -------         PROC          MAIN
  C:001CH         LINE#         21
  C:001CH         LINE#         22
  C:001CH         LINE#         23
  C:001CH         LINE#         24
  C:001CH         LINE#         25
  C:001EH         LINE#         26
  C:0023H         LINE#         27
  C:0025H         LINE#         28
  C:002AH         LINE#         29
  -------         ENDPROC       MAIN
  -------         ENDMOD        EX6_DC_PWM

Program Size: data=9.0 xdata=0 code=56
LINK/LOCATE RUN COMPLETE.  0 WARNING(S),  0 ERROR(S)
