C51 COMPILER V9.54   SY522                                                                 05/22/2026 06:15:48 PAGE 1   


C51 COMPILER V9.54, COMPILATION OF MODULE SY522
OBJECT MODULE PLACED IN .\Objects\sy522.obj
COMPILER INVOKED BY: D:\C51\BIN\C51.EXE sy522.c OPTIMIZE(8,SPEED) BROWSE DEBUG OBJECTEXTEND PRINT(.\Listings\sy522.lst) 
                    -TABS(2) OBJECT(.\Objects\sy522.obj)

line level    source

   1          #include "SST89x5x4.H"
   2          
   3          /* =====================================================
   4             直流电机 PWM 调速提高题
   5          
   6             功能：
   7             1. 按键控制启动、停止、加速、减速
   8             2. 速度档位 0~4
   9             3. 0 档也有速度，不是停止
  10             4. 4 档不是满速，避免电机过快
  11             5. 数码管 COM5 显示当前速度档位
  12             6. 越界操作报警：蜂鸣器 + 报警灯 + 串口发送 error
  13             7. 上位机串口可以实时查看和控制状态
  14          
  15             串口：
  16             波特率 9600
  17             数据位 8
  18             停止位 1
  19             无校验
  20             ===================================================== */
  21          
  22          
  23          /* ================= 电机 PWM 输出 ================= */
  24          sbit MOTOR_PWM = P1^7;
  25          
  26          
  27          /* ================= 键盘 X 线：P1 口 ================= */
  28          sbit X1 = P1^0;
  29          sbit X2 = P1^1;
  30          sbit X3 = P1^2;
  31          sbit X4 = P1^3;
  32          
  33          
  34          /* ================= 键盘 Y 线：P2 口 ================= */
  35          sbit Y1 = P2^0;
  36          sbit Y2 = P2^1;
  37          sbit Y3 = P2^2;
  38          sbit Y4 = P2^3;
  39          
  40          
  41          /* ================= 数码管 COM5 ================= */
  42          sbit DIG5 = P2^4;
  43          
  44          
  45          /* ================= 报警输出 ================= */
  46          sbit ALARM_LED = P3^4;
  47          sbit BEEP      = P3^5;
  48          
  49          
  50          /* =====================================================
  51             有效电平设置
  52          
  53             如果你的实验箱显示或报警逻辑反了，
  54             优先修改这里。
C51 COMPILER V9.54   SY522                                                                 05/22/2026 06:15:48 PAGE 2   

  55             ===================================================== */
  56          
  57          /* 数码管 COM5：默认低电平选通 */
  58          #define DIGIT_ON_LEVEL     0
  59          #define DIGIT_OFF_LEVEL    1
  60          
  61          /* 蜂鸣器：无源蜂鸣器，由报警函数输出方波 */
  62          #define BEEP_ON_LEVEL      1
  63          #define BEEP_OFF_LEVEL     0
  64          
  65          /* 报警灯：默认高电平亮 */
  66          #define LED_ON_LEVEL       1
  67          #define LED_OFF_LEVEL      0
  68          
  69          
  70          /* =====================================================
  71             数码管段码
  72          
  73             当前默认：共阳极数码管，低电平点亮
  74             P0.0~P0.7 对应 a b c d e f g dp
  75          
  76             如果显示完全反了，把 DisplaySpeed() 里面：
  77             P0 = seg_code_ca[speed_level];
  78             改成：
  79             P0 = ~seg_code_ca[speed_level];
  80             ===================================================== */
  81          unsigned char code seg_code_ca[10] =
  82          {
  83              0xC0,   /* 0 */
  84              0xF9,   /* 1 */
  85              0xA4,   /* 2 */
  86              0xB0,   /* 3 */
  87              0x99,   /* 4 */
  88              0x92,   /* 5 */
  89              0x82,   /* 6 */
  90              0xF8,   /* 7 */
  91              0x80,   /* 8 */
  92              0x90    /* 9 */
  93          };
  94          
  95          
  96          /* =====================================================
  97             速度档位对应 PWM 占空比
  98          
  99             重点：
 100             speed_level = 0 时，电机也有速度
 101             speed_level = 4 时，不是 100% 满速
 102          
 103             0 -> 20%
 104             1 -> 35%
 105             2 -> 50%
 106             3 -> 65%
 107             4 -> 80%
 108             ===================================================== */
 109          unsigned char code duty_table[5] =
 110          {
 111              20,
 112              35,
 113              50,
 114              65,
 115              80
 116          };
C51 COMPILER V9.54   SY522                                                                 05/22/2026 06:15:48 PAGE 3   

 117          
 118          
 119          /* ================= 全局变量 ================= */
 120          volatile unsigned char pwm_count = 0;
 121          volatile unsigned int  send_count = 0;
 122          volatile bit send_flag = 0;
 123          
 124          bit motor_run = 0;              /* 0：停止，1：运行 */
 125          unsigned char speed_level = 0;  /* 速度档位 0~4 */
 126          
 127          bit key_lock = 0;
 128          
 129          
 130          /* =====================================================
 131             简单延时
 132             ===================================================== */
 133          void DelayMs(unsigned int ms)
 134          {
 135   1          unsigned int i;
 136   1          unsigned char j;
 137   1      
 138   1          for(i = 0; i < ms; i++)
 139   1          {
 140   2              for(j = 0; j < 120; j++)
 141   2              {
 142   3                  ;
 143   3              }
 144   2          }
 145   1      }
 146          
 147          
 148          /* =====================================================
 149             串口初始化
 150             11.0592MHz 晶振，9600bps
 151             ===================================================== */
 152          void UART_Init(void)
 153          {
 154   1          SCON = 0x50;       /* 串口方式1，允许接收 */
 155   1      
 156   1          TMOD &= 0x0F;      /* 清除 Timer1 设置 */
 157   1          TMOD |= 0x20;      /* Timer1 方式2，8位自动重装 */
 158   1      
 159   1          TH1 = 0xFD;        /* 9600bps @ 11.0592MHz */
 160   1          TL1 = 0xFD;
 161   1      
 162   1          TR1 = 1;
 163   1      
 164   1          TI = 0;
 165   1          RI = 0;
 166   1      }
 167          
 168          
 169          /* =====================================================
 170             串口发送一个字符
 171             ===================================================== */
 172          void UART_SendChar(unsigned char dat)
 173          {
 174   1          TI = 0;
 175   1          SBUF = dat;
 176   1      
 177   1          while(TI == 0)
 178   1          {
C51 COMPILER V9.54   SY522                                                                 05/22/2026 06:15:48 PAGE 4   

 179   2              ;
 180   2          }
 181   1      
 182   1          TI = 0;
 183   1      }
 184          
 185          
 186          /* =====================================================
 187             串口发送字符串
 188             ===================================================== */
 189          void UART_SendString(unsigned char *s)
 190          {
 191   1          while(*s != '\0')
 192   1          {
 193   2              UART_SendChar(*s);
 194   2              s++;
 195   2          }
 196   1      }
 197          
 198          
 199          /* =====================================================
 200             串口发送一位数字
 201             ===================================================== */
 202          void UART_SendDigit(unsigned char num)
 203          {
 204   1          UART_SendChar(num + '0');
 205   1      }
 206          
 207          
 208          /* =====================================================
 209             发送当前状态到上位机
 210             ===================================================== */
 211          void SendStatus(void)
 212          {
 213   1          UART_SendString("Motor:");
 214   1      
 215   1          if(motor_run)
 216   1          {
 217   2              UART_SendString("RUN");
 218   2          }
 219   1          else
 220   1          {
 221   2              UART_SendString("STOP");
 222   2          }
 223   1      
 224   1          UART_SendString("  Speed:");
 225   1          UART_SendDigit(speed_level);
 226   1      
 227   1          UART_SendString("  Duty:");
 228   1          UART_SendDigit(duty_table[speed_level] / 10);
 229   1          UART_SendDigit(duty_table[speed_level] % 10);
 230   1          UART_SendString("%\r\n");
 231   1      }
 232          
 233          
 234          /* =====================================================
 235             报警灯和蜂鸣器控制
 236             ===================================================== */
 237          void Alarm_Output_On(void)
 238          {
 239   1          ALARM_LED = LED_ON_LEVEL;
 240   1          BEEP = BEEP_ON_LEVEL;
C51 COMPILER V9.54   SY522                                                                 05/22/2026 06:15:48 PAGE 5   

 241   1      }
 242          
 243          
 244          void Alarm_Output_Off(void)
 245          {
 246   1          ALARM_LED = LED_OFF_LEVEL;
 247   1          BEEP = BEEP_OFF_LEVEL;
 248   1      }
 249          
 250          
 251          /* =====================================================
 252             越界报警函数
 253             ===================================================== */
 254          void Alarm_Error(void)
 255          {
 256   1          unsigned int i;
 257   1      
 258   1          UART_SendString("error\r\n");
 259   1      
 260   1          ALARM_LED = LED_ON_LEVEL;
 261   1      
 262   1          for(i = 0; i < 400; i++)
 263   1          {
 264   2              BEEP = BEEP_ON_LEVEL;
 265   2              DelayMs(1);
 266   2              BEEP = BEEP_OFF_LEVEL;
 267   2              DelayMs(1);
 268   2          }
 269   1      
 270   1          Alarm_Output_Off();
 271   1      }
 272          
 273          
 274          /* =====================================================
 275             数码管显示当前速度档位
 276             只打开 COM5
 277             ===================================================== */
 278          void DisplaySpeed(void)
 279          {
 280   1          DIG5 = DIGIT_OFF_LEVEL;
 281   1      
 282   1          /*
 283   1             当前按共阳极段码处理。
 284   1             如果你的实验箱显示反了，改成：
 285   1             P0 = ~seg_code_ca[speed_level];
 286   1          */
 287   1          P0 = ~seg_code_ca[speed_level];
 288   1      
 289   1          DIG5 = DIGIT_ON_LEVEL;
 290   1      }
 291          
 292          
 293          /* =====================================================
 294             Timer0 初始化
 295             用于产生 PWM 和定时发送状态
 296          
 297             约 100us 中断一次
 298             PWM周期 = 100 * 100us = 10ms
 299             PWM频率约 100Hz
 300             ===================================================== */
 301          void Timer0_Init(void)
 302          {
C51 COMPILER V9.54   SY522                                                                 05/22/2026 06:15:48 PAGE 6   

 303   1          TMOD &= 0xF0;      /* 清除 Timer0 设置 */
 304   1          TMOD |= 0x01;      /* Timer0 方式1 */
 305   1      
 306   1          /*
 307   1             11.0592MHz 下，100us 约 92 个机器周期
 308   1             65536 - 92 = 65444 = 0xFFA4
 309   1          */
 310   1          TH0 = 0xFF;
 311   1          TL0 = 0xA4;
 312   1      
 313   1          ET0 = 1;
 314   1          EA  = 1;
 315   1          TR0 = 1;
 316   1      }
 317          
 318          
 319          /* =====================================================
 320             Timer0 中断服务函数
 321             ===================================================== */
 322          void Timer0_ISR(void) interrupt 1
 323          {
 324   1          TH0 = 0xFF;
 325   1          TL0 = 0xA4;
 326   1      
 327   1          pwm_count++;
 328   1      
 329   1          if(pwm_count >= 100)
 330   1          {
 331   2              pwm_count = 0;
 332   2          }
 333   1      
 334   1          if(motor_run)
 335   1          {
 336   2              if(pwm_count < duty_table[speed_level])
 337   2              {
 338   3                  MOTOR_PWM = 0;
 339   3              }
 340   2              else
 341   2              {
 342   3                  MOTOR_PWM = 1;
 343   3              }
 344   2          }
 345   1          else
 346   1          {
 347   2              MOTOR_PWM = 1;
 348   2          }
 349   1      
 350   1          /*
 351   1             约 500ms 发送一次状态
 352   1             100us * 5000 = 500ms
 353   1          */
 354   1          send_count++;
 355   1      
 356   1          if(send_count >= 5000)
 357   1          {
 358   2              send_count = 0;
 359   2              send_flag = 1;
 360   2          }
 361   1      }
 362          
 363          
 364          /* =====================================================
C51 COMPILER V9.54   SY522                                                                 05/22/2026 06:15:48 PAGE 7   

 365             键盘扫描函数
 366          
 367             接线：
 368             X1 -> P1.0
 369             X2 -> P1.1
 370             X3 -> P1.2
 371             X4 -> P1.3
 372          
 373             Y1 -> P2.0
 374             Y2 -> P2.1
 375             Y3 -> P2.2
 376             Y4 -> P2.3
 377          
 378             返回值：
 379             0~15 对应 OM0~OMF
 380             0xFF 表示无按键
 381          
 382             按键编号：
 383                    X1   X2   X3   X4
 384             Y1     OM0  OM1  OM2  OM3
 385             Y2     OM4  OM5  OM6  OM7
 386             Y3     OM8  OM9  OMA  OMB
 387             Y4     OMC  OMD  OME  OMF
 388          
 389             本程序使用：
 390             OM0：启动
 391             OM1：停止
 392             OM2：减速
 393             OM3：加速
 394             ===================================================== */
 395          unsigned char KeyScan(void)
 396          {
 397   1          unsigned char key;
 398   1      
 399   1          key = 0xFF;
 400   1      
 401   1          X1 = 1;
 402   1          X2 = 1;
 403   1          X3 = 1;
 404   1          X4 = 1;
 405   1      
 406   1          /* 扫描 X1 列 */
 407   1          X1 = 0;
 408   1          X2 = 1;
 409   1          X3 = 1;
 410   1          X4 = 1;
 411   1          DelayMs(1);
 412   1      
 413   1          if(Y1 == 0) key = 0;
 414   1          if(Y2 == 0) key = 4;
 415   1          if(Y3 == 0) key = 8;
 416   1          if(Y4 == 0) key = 12;
 417   1      
 418   1          /* 扫描 X2 列 */
 419   1          X1 = 1;
 420   1          X2 = 0;
 421   1          X3 = 1;
 422   1          X4 = 1;
 423   1          DelayMs(1);
 424   1      
 425   1          if(Y1 == 0) key = 1;
 426   1          if(Y2 == 0) key = 5;
C51 COMPILER V9.54   SY522                                                                 05/22/2026 06:15:48 PAGE 8   

 427   1          if(Y3 == 0) key = 9;
 428   1          if(Y4 == 0) key = 13;
 429   1      
 430   1          /* 扫描 X3 列 */
 431   1          X1 = 1;
 432   1          X2 = 1;
 433   1          X3 = 0;
 434   1          X4 = 1;
 435   1          DelayMs(1);
 436   1      
 437   1          if(Y1 == 0) key = 2;
 438   1          if(Y2 == 0) key = 6;
 439   1          if(Y3 == 0) key = 10;
 440   1          if(Y4 == 0) key = 14;
 441   1      
 442   1          /* 扫描 X4 列 */
 443   1          X1 = 1;
 444   1          X2 = 1;
 445   1          X3 = 1;
 446   1          X4 = 0;
 447   1          DelayMs(1);
 448   1      
 449   1          if(Y1 == 0) key = 3;
 450   1          if(Y2 == 0) key = 7;
 451   1          if(Y3 == 0) key = 11;
 452   1          if(Y4 == 0) key = 15;
 453   1      
 454   1          X1 = 1;
 455   1          X2 = 1;
 456   1          X3 = 1;
 457   1          X4 = 1;
 458   1      
 459   1          return key;
 460   1      }
 461          
 462          
 463          /* =====================================================
 464             执行按键功能
 465             ===================================================== */
 466          void DoKey(unsigned char key)
 467          {
 468   1          switch(key)
 469   1          {
 470   2              case 0:     /* OM0：启动 */
 471   2                  motor_run = 1;
 472   2                  UART_SendString("Start by key\r\n");
 473   2                  SendStatus();
 474   2                  break;
 475   2      
 476   2              case 1:     /* OM1：停止 */
 477   2                  motor_run = 0;
 478   2                  MOTOR_PWM = 0;
 479   2                  UART_SendString("Stop by key\r\n");
 480   2                  SendStatus();
 481   2                  break;
 482   2      
 483   2              case 2:     /* OM2：减速 */
 484   2                  if(speed_level == 0)
 485   2                  {
 486   3                      Alarm_Error();
 487   3                  }
 488   2                  else
C51 COMPILER V9.54   SY522                                                                 05/22/2026 06:15:48 PAGE 9   

 489   2                  {
 490   3                      speed_level--;
 491   3                      UART_SendString("Speed down by key\r\n");
 492   3                      SendStatus();
 493   3                  }
 494   2                  break;
 495   2      
 496   2              case 3:     /* OM3：加速 */
 497   2                  if(speed_level == 4)
 498   2                  {
 499   3                      Alarm_Error();
 500   3                  }
 501   2                  else
 502   2                  {
 503   3                      speed_level++;
 504   3                      UART_SendString("Speed up by key\r\n");
 505   3                      SendStatus();
 506   3                  }
 507   2                  break;
 508   2      
 509   2              default:
 510   2                  break;
 511   2          }
 512   1      }
 513          
 514          
 515          /* =====================================================
 516             按键处理，带消抖和松手检测
 517             ===================================================== */
 518          void CheckKey(void)
 519          {
 520   1          unsigned char key;
 521   1      
 522   1          key = KeyScan();
 523   1      
 524   1          if(key != 0xFF)
 525   1          {
 526   2              if(key_lock == 0)
 527   2              {
 528   3                  DelayMs(20);
 529   3      
 530   3                  key = KeyScan();
 531   3      
 532   3                  if(key != 0xFF)
 533   3                  {
 534   4                      key_lock = 1;
 535   4                      DoKey(key);
 536   4                  }
 537   3              }
 538   2          }
 539   1          else
 540   1          {
 541   2              key_lock = 0;
 542   2          }
 543   1      }
 544          
 545          
 546          /* =====================================================
 547             串口命令处理
 548          
 549             上位机发送：
 550             r：启动
C51 COMPILER V9.54   SY522                                                                 05/22/2026 06:15:48 PAGE 10  

 551             t：停止
 552             +：加速
 553             -：减速
 554             0~4：直接设置速度档位
 555             s：立即发送一次状态
 556             ===================================================== */
 557          void CheckUART(void)
 558          {
 559   1          unsigned char ch;
 560   1      
 561   1          if(RI)
 562   1          {
 563   2              RI = 0;
 564   2              ch = SBUF;
 565   2      
 566   2              if(ch == 'r' || ch == 'R')
 567   2              {
 568   3                  motor_run = 1;
 569   3                  UART_SendString("Start by PC\r\n");
 570   3                  SendStatus();
 571   3              }
 572   2              else if(ch == 't' || ch == 'T')
 573   2              {
 574   3                  motor_run = 0;
 575   3                  MOTOR_PWM = 0;
 576   3                  UART_SendString("Stop by PC\r\n");
 577   3                  SendStatus();
 578   3              }
 579   2              else if(ch == '+')
 580   2              {
 581   3                  if(speed_level == 4)
 582   3                  {
 583   4                      Alarm_Error();
 584   4                  }
 585   3                  else
 586   3                  {
 587   4                      speed_level++;
 588   4                      UART_SendString("Speed up by PC\r\n");
 589   4                      SendStatus();
 590   4                  }
 591   3              }
 592   2              else if(ch == '-')
 593   2              {
 594   3                  if(speed_level == 0)
 595   3                  {
 596   4                      Alarm_Error();
 597   4                  }
 598   3                  else
 599   3                  {
 600   4                      speed_level--;
 601   4                      UART_SendString("Speed down by PC\r\n");
 602   4                      SendStatus();
 603   4                  }
 604   3              }
 605   2              else if(ch >= '0' && ch <= '4')
 606   2              {
 607   3                  speed_level = ch - '0';
 608   3                  UART_SendString("Set speed by PC\r\n");
 609   3                  SendStatus();
 610   3              }
 611   2              else if(ch == 's' || ch == 'S')
 612   2              {
C51 COMPILER V9.54   SY522                                                                 05/22/2026 06:15:48 PAGE 11  

 613   3                  SendStatus();
 614   3              }
 615   2              else
 616   2              {
 617   3                  UART_SendString("Unknown command\r\n");
 618   3              }
 619   2          }
 620   1      }
 621          
 622          
 623          /* =====================================================
 624             主函数
 625             ===================================================== */
 626          void main(void)
 627          {
 628   1          P0 = 0xFF;
 629   1          P1 = 0xFF;
 630   1          P2 = 0xFF;
 631   1          P3 = 0xFF;
 632   1      
 633   1          MOTOR_PWM = 1;
 634   1          DIG5 = DIGIT_OFF_LEVEL;
 635   1      
 636   1          Alarm_Output_Off();
 637   1      
 638   1          speed_level = 0;
 639   1          motor_run = 0;
 640   1      
 641   1          UART_Init();
 642   1          Timer0_Init();
 643   1      
 644   1          UART_SendString("\r\nDC Motor Control Experiment Start\r\n");
 645   1          UART_SendString("Key: OM0=start, OM1=stop, OM2=down, OM3=up\r\n");
 646   1          UART_SendString("PC : r=start, t=stop, +=up, -=down, 0~4=set speed, s=status\r\n");
 647   1      
 648   1          SendStatus();
 649   1      
 650   1          while(1)
 651   1          {
 652   2              DisplaySpeed();
 653   2      
 654   2              CheckKey();
 655   2      
 656   2              CheckUART();
 657   2      
 658   2              if(send_flag)
 659   2              {
 660   3                  send_flag = 0;
 661   3                  SendStatus();
 662   3              }
 663   2          }
 664   1      }


MODULE INFORMATION:   STATIC OVERLAYABLE
   CODE SIZE        =    818    ----
   CONSTANT SIZE    =    371    ----
   XDATA SIZE       =   ----    ----
   PDATA SIZE       =   ----    ----
   DATA SIZE        =      4       1
   IDATA SIZE       =   ----    ----
   BIT SIZE         =      3    ----
C51 COMPILER V9.54   SY522                                                                 05/22/2026 06:15:48 PAGE 12  

END OF MODULE INFORMATION.


C51 COMPILATION COMPLETE.  0 WARNING(S),  0 ERROR(S)
