C51 COMPILER V9.54   EX5_ADC0804_SERIAL_ADVANCED_PROTEUS                                   05/06/2026 12:03:05 PAGE 1   


C51 COMPILER V9.54, COMPILATION OF MODULE EX5_ADC0804_SERIAL_ADVANCED_PROTEUS
OBJECT MODULE PLACED IN EX5_ADC0804_Serial_Advanced_Proteus.OBJ
COMPILER INVOKED BY: D:\C51\BIN\C51.exe EX5_ADC0804_Serial_Advanced_Proteus.c INCDIR(D:\C51\INC,D:\C51\INC\SST)

line level    source

   1          #include "SST89x5x4.h"
   2          
   3          /*
   4           * Proteus-friendly ADC0804 version of experiment 5 advanced task.
   5           *
   6           * ADC0804:
   7           *   DB0-DB7 -> P0.0-P0.7
   8           *   INTR    -> P3.3
   9           *   CS      -> P3.4
  10           *   WR      -> P3.5
  11           *   RD      -> P3.6
  12           *
  13           * Serial:
  14           *   P3.1/TXD -> Virtual Terminal RXD
  15           *   P3.0/RXD -> Virtual Terminal TXD
  16           *
  17           * Display:
  18           *   P2.0-P2.7 -> seven-segment segment bus a,b,c,d,e,f,g,dp.
  19           *   P1.0-P1.2 -> digit enables for hundreds/tens/ones, active low.
  20           */
  21          
  22          sbit ADC_INTR = P3^3;
  23          sbit ADC_CS   = P3^4;
  24          sbit ADC_WR   = P3^5;
  25          sbit ADC_RD   = P3^6;
  26          
  27          unsigned char code seg_cc[10] = {
  28              0x3F, 0x06, 0x5B, 0x4F, 0x66,
  29              0x6D, 0x7D, 0x07, 0x7F, 0x6F
  30          };
  31          
  32          unsigned char data ad_value = 0;
  33          unsigned char data precision = 2;
  34          unsigned char data display_buf[3] = {0, 0, 0};
  35          
  36          void delay_short(void)
  37          {
  38   1          unsigned int i;
  39   1          for (i = 0; i < 500; i++)
  40   1          {
  41   2          }
  42   1      }
  43          
  44          void uart_init(void)
  45          {
  46   1          SCON = 0x50;
  47   1          TMOD = (TMOD & 0x0F) | 0x20;
  48   1          PCON = 0x00;
  49   1          TH1 = 0xF3;
  50   1          TL1 = 0xF3;
  51   1          TR1 = 1;
  52   1          TI = 1;
  53   1      }
  54          
  55          void uart_putc(unsigned char c)
C51 COMPILER V9.54   EX5_ADC0804_SERIAL_ADVANCED_PROTEUS                                   05/06/2026 12:03:05 PAGE 2   

  56          {
  57   1          SBUF = c;
  58   1          while (!TI)
  59   1          {
  60   2          }
  61   1          TI = 0;
  62   1      }
  63          
  64          void uart_puts(char *s)
  65          {
  66   1          while (*s)
  67   1          {
  68   2              uart_putc(*s++);
  69   2          }
  70   1      }
  71          
  72          void uart_put_uint(unsigned int v)
  73          {
  74   1          unsigned char hundreds = 0;
  75   1          unsigned char tens = 0;
  76   1      
  77   1          while (v >= 100)
  78   1          {
  79   2              v -= 100;
  80   2              hundreds++;
  81   2          }
  82   1          while (v >= 10)
  83   1          {
  84   2              v -= 10;
  85   2              tens++;
  86   2          }
  87   1      
  88   1          if (hundreds)
  89   1          {
  90   2              uart_putc((unsigned char)('0' + hundreds));
  91   2              uart_putc((unsigned char)('0' + tens));
  92   2          }
  93   1          else if (tens)
  94   1          {
  95   2              uart_putc((unsigned char)('0' + tens));
  96   2          }
  97   1          uart_putc((unsigned char)('0' + v));
  98   1      }
  99          
 100          void uart_put_voltage(unsigned char value)
 101          {
 102   1          unsigned long mv;
 103   1          unsigned int v_int;
 104   1          unsigned int v_frac;
 105   1      
 106   1          mv = ((unsigned long)value * 5000UL) / 255UL;
 107   1          v_int = (unsigned int)(mv / 1000UL);
 108   1          v_frac = (unsigned int)(mv % 1000UL);
 109   1      
 110   1          uart_put_uint(v_int);
 111   1          if (precision > 0)
 112   1          {
 113   2              uart_putc('.');
 114   2              uart_putc((unsigned char)('0' + (v_frac / 100)));
 115   2              if (precision > 1)
 116   2              {
 117   3                  uart_putc((unsigned char)('0' + ((v_frac / 10) % 10)));
C51 COMPILER V9.54   EX5_ADC0804_SERIAL_ADVANCED_PROTEUS                                   05/06/2026 12:03:05 PAGE 3   

 118   3              }
 119   2              if (precision > 2)
 120   2              {
 121   3                  uart_putc((unsigned char)('0' + (v_frac % 10)));
 122   3              }
 123   2          }
 124   1          uart_putc('V');
 125   1      }
 126          
 127          unsigned char read_adc0804(void)
 128          {
 129   1          unsigned char value;
 130   1      
 131   1          P0 = 0xFF;
 132   1          ADC_CS = 0;
 133   1          ADC_RD = 1;
 134   1      
 135   1          ADC_WR = 0;
 136   1          delay_short();
 137   1          ADC_WR = 1;
 138   1      
 139   1          while (ADC_INTR)
 140   1          {
 141   2          }
 142   1      
 143   1          ADC_RD = 0;
 144   1          delay_short();
 145   1          value = P0;
 146   1          ADC_RD = 1;
 147   1      
 148   1          return value;
 149   1      }
 150          
 151          void update_display_buf(unsigned char value)
 152          {
 153   1          display_buf[0] = value / 100;
 154   1          display_buf[1] = (value / 10) % 10;
 155   1          display_buf[2] = value % 10;
 156   1      }
 157          
 158          void display_scan_once(void)
 159          {
 160   1          P1 = 0xFE;
 161   1          P2 = seg_cc[display_buf[0]];
 162   1          delay_short();
 163   1          P1 = 0xFD;
 164   1          P2 = seg_cc[display_buf[1]];
 165   1          delay_short();
 166   1          P1 = 0xFB;
 167   1          P2 = seg_cc[display_buf[2]];
 168   1          delay_short();
 169   1          P1 = 0xFF;
 170   1      }
 171          
 172          void handle_uart_command(void)
 173          {
 174   1          unsigned char c;
 175   1      
 176   1          if (RI)
 177   1          {
 178   2              RI = 0;
 179   2              c = SBUF;
C51 COMPILER V9.54   EX5_ADC0804_SERIAL_ADVANCED_PROTEUS                                   05/06/2026 12:03:05 PAGE 4   

 180   2              if (c >= '0' && c <= '3')
 181   2              {
 182   3                  precision = c - '0';
 183   3                  uart_puts("precision=");
 184   3                  uart_put_uint(precision);
 185   3                  uart_puts("\r\n");
 186   3              }
 187   2          }
 188   1      }
 189          
 190          void send_sample(void)
 191          {
 192   1          uart_puts("ADC=");
 193   1          uart_put_uint(ad_value);
 194   1          uart_puts(", U=");
 195   1          uart_put_voltage(ad_value);
 196   1          uart_puts("\r\n");
 197   1      }
 198          
 199          void main(void)
 200          {
 201   1          unsigned int loop_count = 0;
 202   1      
 203   1          uart_init();
 204   1          P0 = 0xFF;
 205   1          P1 = 0xFF;
 206   1          P2 = 0x00;
 207   1          ADC_CS = 0;
 208   1          ADC_WR = 1;
 209   1          ADC_RD = 1;
 210   1      
 211   1          while (1)
 212   1          {
 213   2              handle_uart_command();
 214   2              ad_value = read_adc0804();
 215   2              update_display_buf(ad_value);
 216   2              display_scan_once();
 217   2      
 218   2              loop_count++;
 219   2              if (loop_count >= 80)
 220   2              {
 221   3                  loop_count = 0;
 222   3                  send_sample();
 223   3              }
 224   2          }
 225   1      }


MODULE INFORMATION:   STATIC OVERLAYABLE
   CODE SIZE        =    551    ----
   CONSTANT SIZE    =     34    ----
   XDATA SIZE       =   ----    ----
   PDATA SIZE       =   ----    ----
   DATA SIZE        =      5      11
   IDATA SIZE       =   ----    ----
   BIT SIZE         =   ----    ----
END OF MODULE INFORMATION.


C51 COMPILATION COMPLETE.  0 WARNING(S),  0 ERROR(S)
