C51 COMPILER V9.54   EX2_INT2                                                              04/13/2026 09:46:12 PAGE 1   


C51 COMPILER V9.54, COMPILATION OF MODULE EX2_INT2
OBJECT MODULE PLACED IN .\Objects\EX2_INT2.obj
COMPILER INVOKED BY: D:\C51\BIN\C51.EXE EX2_INT2.c OPTIMIZE(8,SPEED) BROWSE DEBUG OBJECTEXTEND PRINT(.\Listings\EX2_INT2
                    -.lst) TABS(2) OBJECT(.\Objects\EX2_INT2.obj)

line level    source

   1          #include "SST89x5x4.h"
   2          #include "intrins.h"
   3          
   4          void delay(void)
   5          {
   6   1          unsigned int x;
   7   1          for (x = 0; x < 0xFFFF; x++)
   8   1          {
   9   2          }
  10   1      }
  11          
  12          void int0_isr(void) interrupt 0
  13          {
  14   1          unsigned char j;
  15   1          for (j = 0; j < 4; j++)
  16   1          {
  17   2              P1 = 0xFF;
  18   2              delay();
  19   2              P1 = 0x00;
  20   2              delay();
  21   2          }
  22   1      }
  23          
  24          void int1_isr(void) interrupt 2
  25          {
  26   1          unsigned char i = 0x03, j;
  27   1          for (j = 0; j < 16; j++)
  28   1          {
  29   2              P1 = i;
  30   2              i = _crol_(i, 2);
  31   2              delay();
  32   2          }
  33   1          P1 = 0x00;
  34   1      }
  35          
  36          void main(void)
  37          {
  38   1          P1 = 0x00;
  39   1      
  40   1          IT0 = 1;
  41   1          EX0 = 1;
  42   1          IT1 = 1;
  43   1          EX1 = 1;
  44   1          EA = 1;
  45   1      
  46   1          while (1)
  47   1          {
  48   2          }
  49   1      }


MODULE INFORMATION:   STATIC OVERLAYABLE
   CODE SIZE        =    132    ----
   CONSTANT SIZE    =   ----    ----
C51 COMPILER V9.54   EX2_INT2                                                              04/13/2026 09:46:12 PAGE 2   

   XDATA SIZE       =   ----    ----
   PDATA SIZE       =   ----    ----
   DATA SIZE        =   ----    ----
   IDATA SIZE       =   ----    ----
   BIT SIZE         =   ----    ----
END OF MODULE INFORMATION.


C51 COMPILATION COMPLETE.  0 WARNING(S),  0 ERROR(S)
