C51 COMPILER V9.54   EX2_INT1                                                              04/13/2026 09:30:37 PAGE 1   


C51 COMPILER V9.54, COMPILATION OF MODULE EX2_INT1
OBJECT MODULE PLACED IN .\Objects\EX2_Int1.obj
COMPILER INVOKED BY: D:\C51\BIN\C51.EXE EX2_Int1.c OPTIMIZE(8,SPEED) BROWSE DEBUG OBJECTEXTEND PRINT(.\Listings\EX2_Int1
                    -.lst) TABS(2) OBJECT(.\Objects\EX2_Int1.obj)

line level    source

   1          #include "SST89x5x4.h"
   2          
   3          sbit Wave1 = P1^0;
   4          sbit Wave2 = P1^1;
   5          
   6          void int_timer0(void) interrupt 1
   7          {
   8   1          Wave1 = ~Wave1;
   9   1          TH0 = 0xF8;
  10   1          TL0 = 0x00;
  11   1      }
  12          
  13          void int_timer1(void) interrupt 3
  14          {
  15   1          Wave2 = ~Wave2;
  16   1          TH1 = 0xF8;
  17   1          TL1 = 0x00;
  18   1      }
  19          
  20          void main(void)
  21          {
  22   1          TH0 = 0xF8;
  23   1          TL0 = 0x00;
  24   1          TH1 = 0xF8;
  25   1          TL1 = 0x00;
  26   1      
  27   1          TMOD = 0x11;
  28   1          TCON = 0x50;
  29   1          IE = 0x8A;
  30   1      
  31   1          while (1)
  32   1          {
  33   2          }
  34   1      }


MODULE INFORMATION:   STATIC OVERLAYABLE
   CODE SIZE        =     40    ----
   CONSTANT SIZE    =   ----    ----
   XDATA SIZE       =   ----    ----
   PDATA SIZE       =   ----    ----
   DATA SIZE        =   ----    ----
   IDATA SIZE       =   ----    ----
   BIT SIZE         =   ----    ----
END OF MODULE INFORMATION.


C51 COMPILATION COMPLETE.  0 WARNING(S),  0 ERROR(S)
