BL51 BANKED LINKER/LOCATER V6.22                                                        04/17/2026  05:15:51  PAGE 1


BL51 BANKED LINKER/LOCATER V6.22, INVOKED BY:
D:\C51\BIN\BL51.EXE .\Objects\EX2_Traffic_Emergency.obj TO .\Objects\Exp2_traffic PRINT (.\Listings\Exp2_traffic.m51) RA
>> MSIZE (256)


MEMORY MODEL: SMALL


INPUT MODULES INCLUDED:
  .\Objects\EX2_Traffic_Emergency.obj (EX2_TRAFFIC_EMERGENCY)
  D:\C51\LIB\C51S.LIB (?C_STARTUP)
  D:\C51\LIB\C51S.LIB (?C_INIT)


LINK MAP OF MODULE:  .\Objects\Exp2_traffic (EX2_TRAFFIC_EMERGENCY)


            TYPE    BASE      LENGTH    RELOCATION   SEGMENT NAME
            -----------------------------------------------------

            * * * * * * *   D A T A   M E M O R Y   * * * * * * *
            REG     0000H     0008H     ABSOLUTE     "REG BANK 0"
            DATA    0008H     0006H     UNIT         ?DT?EX2_TRAFFIC_EMERGENCY
                    000EH     0012H                  *** GAP ***
            BIT     0020H.0   0000H.3   UNIT         ?BI?EX2_TRAFFIC_EMERGENCY
                    0020H.3   0000H.5                *** GAP ***
            IDATA   0021H     0001H     UNIT         ?STACK

            * * * * * * *   C O D E   M E M O R Y   * * * * * * *
            CODE    0000H     0003H     ABSOLUTE     
            CODE    0003H     0003H     ABSOLUTE     
            CODE    0006H     0004H     UNIT         ?PR?ALL_RED?EX2_TRAFFIC_EMERGENCY
                    000AH     0001H                  *** GAP ***
            CODE    000BH     0003H     ABSOLUTE     
            CODE    000EH     008CH     UNIT         ?C_C51STARTUP
            CODE    009AH     0060H     UNIT         ?PR?MAIN?EX2_TRAFFIC_EMERGENCY
            CODE    00FAH     002AH     UNIT         ?PR?TIMER0_ISR?EX2_TRAFFIC_EMERGENCY
            CODE    0124H     0027H     UNIT         ?PR?NEXT_STATE?EX2_TRAFFIC_EMERGENCY
            CODE    014BH     0022H     UNIT         ?PR?_SHOW_STATE?EX2_TRAFFIC_EMERGENCY
            CODE    016DH     0017H     UNIT         ?C_INITSEG
            CODE    0184H     0003H     UNIT         ?PR?INT0_ISR?EX2_TRAFFIC_EMERGENCY



OVERLAY MAP OF MODULE:   .\Objects\Exp2_traffic (EX2_TRAFFIC_EMERGENCY)


SEGMENT
  +--> CALLED SEGMENT
---------------------
?C_C51STARTUP
  +--> ?PR?MAIN?EX2_TRAFFIC_EMERGENCY
  +--> ?C_INITSEG

?PR?MAIN?EX2_TRAFFIC_EMERGENCY
  +--> ?PR?ALL_RED?EX2_TRAFFIC_EMERGENCY
  +--> ?PR?_SHOW_STATE?EX2_TRAFFIC_EMERGENCY
  +--> ?PR?NEXT_STATE?EX2_TRAFFIC_EMERGENCY
BL51 BANKED LINKER/LOCATER V6.22                                                      04/17/2026  05:15:51  PAGE 2





SYMBOL TABLE OF MODULE:  .\Objects\Exp2_traffic (EX2_TRAFFIC_EMERGENCY)

  VALUE           TYPE          NAME
  ----------------------------------

  -------         MODULE        EX2_TRAFFIC_EMERGENCY
  C:0000H         SYMBOL        _ICE_DUMMY_
  D:0090H         PUBLIC        P1
  D:00B0H         PUBLIC        P3
  C:00FAH         PUBLIC        timer0_isr
  B:00A8H.7       PUBLIC        EA
  D:00A8H         PUBLIC        IE
  D:00B8H         PUBLIC        IP
  D:0008H         PUBLIC        saved_state
  D:0009H         PUBLIC        state
  B:0020H.0       PUBLIC        emergency_active
  C:009AH         PUBLIC        main
  C:0184H         PUBLIC        int0_isr
  D:0098H         PUBLIC        SCON
  D:0089H         PUBLIC        TMOD
  D:0088H         PUBLIC        TCON
  C:0124H         PUBLIC        next_state
  C:014BH         PUBLIC        _show_state
  B:00A8H.1       PUBLIC        ET0
  D:008CH         PUBLIC        TH0
  B:00A8H.0       PUBLIC        EX0
  B:0088H.0       PUBLIC        IT0
  D:008AH         PUBLIC        TL0
  D:000AH         PUBLIC        remain_seconds
  D:000BH         PUBLIC        tick_50ms
  B:0088H.4       PUBLIC        TR0
  C:0006H         PUBLIC        all_red
  D:00C8H         PUBLIC        T2CON
  B:0020H.1       PUBLIC        emergency_req
  D:000DH         PUBLIC        saved_remain
  D:00D0H         PUBLIC        PSW
  B:0020H.2       PUBLIC        second_flag
  -------         PROC          _SHOW_STATE
  D:0007H         SYMBOL        s
  C:014BH         LINE#         76
  C:014BH         LINE#         77
  C:014BH         LINE#         78
  C:0159H         LINE#         79
  C:0159H         LINE#         80
  C:0159H         LINE#         81
  C:015CH         LINE#         82
  C:015DH         LINE#         83
  C:015DH         LINE#         84
  C:0160H         LINE#         85
  C:0161H         LINE#         86
  C:0161H         LINE#         87
  C:0164H         LINE#         88
  C:0165H         LINE#         89
  C:0165H         LINE#         90
BL51 BANKED LINKER/LOCATER V6.22                                                      04/17/2026  05:15:51  PAGE 3


  C:0168H         LINE#         91
  C:0169H         LINE#         92
  C:0169H         LINE#         93
  C:016CH         LINE#         94
  C:016CH         LINE#         95
  C:016CH         LINE#         96
  -------         ENDPROC       _SHOW_STATE
  -------         PROC          ALL_RED
  C:0006H         LINE#         99
  C:0006H         LINE#         100
  C:0006H         LINE#         101
  C:0009H         LINE#         102
  -------         ENDPROC       ALL_RED
  -------         PROC          NEXT_STATE
  C:0124H         LINE#         108
  C:0124H         LINE#         109
  C:0124H         LINE#         110
  C:0133H         LINE#         111
  C:0133H         LINE#         112
  C:0133H         LINE#         113
  C:0136H         LINE#         114
  C:0136H         LINE#         115
  C:0138H         LINE#         116
  C:0138H         LINE#         117
  C:013BH         LINE#         118
  C:013BH         LINE#         119
  C:013DH         LINE#         120
  C:013DH         LINE#         121
  C:0140H         LINE#         122
  C:0143H         LINE#         123
  C:0144H         LINE#         124
  C:0144H         LINE#         128
  C:0144H         LINE#         129
  C:0147H         LINE#         130
  C:014AH         LINE#         131
  C:014AH         LINE#         132
  C:014AH         LINE#         133
  -------         ENDPROC       NEXT_STATE
  -------         PROC          TIMER0_ISR
  C:00FAH         LINE#         141
  C:00FEH         LINE#         143
  C:0101H         LINE#         144
  C:0104H         LINE#         146
  C:010CH         LINE#         147
  C:0117H         LINE#         148
  C:0117H         LINE#         149
  C:011DH         LINE#         150
  C:011FH         LINE#         151
  C:011FH         LINE#         152
  -------         ENDPROC       TIMER0_ISR
  -------         PROC          INT0_ISR
  C:0184H         LINE#         159
  C:0184H         LINE#         161
  C:0186H         LINE#         162
  -------         ENDPROC       INT0_ISR
  -------         PROC          MAIN
  C:009AH         LINE#         164
BL51 BANKED LINKER/LOCATER V6.22                                                      04/17/2026  05:15:51  PAGE 4


  C:009AH         LINE#         165
  C:009AH         LINE#         167
  C:009DH         LINE#         169
  C:00A0H         LINE#         170
  C:00A3H         LINE#         173
  C:00A5H         LINE#         175
  C:00A7H         LINE#         176
  C:00A9H         LINE#         177
  C:00ABH         LINE#         179
  C:00ADH         LINE#         181
  C:00AFH         LINE#         183
  C:00AFH         LINE#         184
  C:00AFH         LINE#         189
  C:00B5H         LINE#         190
  C:00B5H         LINE#         191
  C:00B7H         LINE#         192
  C:00B9H         LINE#         194
  C:00BCH         LINE#         195
  C:00BFH         LINE#         198
  C:00C4H         LINE#         199
  C:00C6H         LINE#         201
  C:00C9H         LINE#         202
  C:00CCH         LINE#         203
  C:00CCH         LINE#         205
  C:00CFH         LINE#         206
  C:00CFH         LINE#         207
  C:00D1H         LINE#         209
  C:00D8H         LINE#         210
  C:00D8H         LINE#         211
  C:00DAH         LINE#         212
  C:00DAH         LINE#         214
  C:00DEH         LINE#         215
  C:00DEH         LINE#         216
  C:00E1H         LINE#         217
  C:00E1H         LINE#         219
  C:00E3H         LINE#         220
  C:00E6H         LINE#         221
  C:00E9H         LINE#         222
  C:00EEH         LINE#         223
  C:00F0H         LINE#         225
  C:00F0H         LINE#         227
  C:00F3H         LINE#         228
  C:00F8H         LINE#         229
  C:00F8H         LINE#         230
  C:00F8H         LINE#         231
  C:00F8H         LINE#         232
  -------         ENDPROC       MAIN
  -------         ENDMOD        EX2_TRAFFIC_EMERGENCY

Program Size: data=15.3 xdata=0 code=390
LINK/LOCATE RUN COMPLETE.  0 WARNING(S),  0 ERROR(S)
