06:22:13 **** Incremental Build of configuration Debug for project CookMirror_Close ****
make -j20 all 
arm-none-eabi-gcc "../Core/Src/main.c" -mcpu=cortex-m3 -std=gnu11 -g3 -DUSE_HAL_DRIVER -DSTM32F103x6 -DDEBUG -c -I../Core/Inc -I../Drivers/STM32F1xx_HAL_Driver/Inc -I../Drivers/STM32F1xx_HAL_Driver/Inc/Legacy -I../Drivers/CMSIS/Device/ST/STM32F1xx/Include -I../Drivers/CMSIS/Include -O0 -ffunction-sections -fdata-sections -Wall -fstack-usage -MMD -MP -MF"Core/Src/main.d" -MT"Core/Src/main.o" --specs=nano.specs -mfloat-abi=soft -mthumb -o "Core/Src/main.o"
arm-none-eabi-gcc -o "CookMirror_Close.elf" @"objects.list"   -mcpu=cortex-m3 -T"D:\Microcontrollers_and_Embedded_Systems\CookMirror\STM32CubeIDE\CookMirror_Close\STM32F103R6TX_FLASH.ld" --specs=nosys.specs -Wl,-Map="CookMirror_Close.map" -Wl,--gc-sections -static --specs=nano.specs -mfloat-abi=soft -mthumb -Wl,--start-group -lc -lm -Wl,--end-group
Finished building target: CookMirror_Close.elf
 
arm-none-eabi-objdump -h -S  CookMirror_Close.elf  > "CookMirror_Close.list"
arm-none-eabi-objcopy  -O binary  CookMirror_Close.elf  "CookMirror_Close.bin"
arm-none-eabi-size   CookMirror_Close.elf 
   text	   data	    bss	    dec	    hex	filename
   4484	     20	   1572	   6076	   17bc	CookMirror_Close.elf
Finished building: default.size.stdout
 
Finished building: CookMirror_Close.bin
 
Finished building: CookMirror_Close.list
 

06:22:16 Build Finished. 0 errors, 0 warnings. (took 2s.614ms)

