BL51 BANKED LINKER/LOCATER V6.22                                                        04/10/2026  07:13:06  PAGE 1


BL51 BANKED LINKER/LOCATER V6.22, INVOKED BY:
D:\C51\BIN\BL51.EXE .\Objects\Asm2-2.obj TO .\Objects\Asm2_2 PRINT (.\Listings\Asm2_2.m51) RAMSIZE (256)


INPUT MODULES INCLUDED:
  .\Objects\Asm2-2.obj (ASM2_2)


LINK MAP OF MODULE:  .\Objects\Asm2_2 (ASM2_2)


            TYPE    BASE      LENGTH    RELOCATION   SEGMENT NAME
            -----------------------------------------------------

            * * * * * * *   D A T A   M E M O R Y   * * * * * * *
            REG     0000H     0008H     ABSOLUTE     "REG BANK 0"

            * * * * * * *   C O D E   M E M O R Y   * * * * * * *
            CODE    0000H     012CH     ABSOLUTE     



SYMBOL TABLE OF MODULE:  .\Objects\Asm2_2 (ASM2_2)

  VALUE           TYPE          NAME
  ----------------------------------

  -------         MODULE        ASM2_2
  D:00E0H         SYMBOL        ACC
  D:00F0H         SYMBOL        B
  C:0108H         SYMBOL        LP1
  C:0111H         SYMBOL        LP2
  C:011DH         SYMBOL        LP3
  C:0100H         SYMBOL        MAIN
  C:0000H         LINE#         2
  C:0100H         LINE#         5
  C:0102H         LINE#         6
  C:0103H         LINE#         7
  C:0105H         LINE#         8
  C:0107H         LINE#         9
  C:0108H         LINE#         11
  C:0109H         LINE#         12
  C:010AH         LINE#         13
  C:010CH         LINE#         15
  C:010EH         LINE#         16
  C:010FH         LINE#         17
  C:0111H         LINE#         19
  C:0113H         LINE#         20
  C:0114H         LINE#         22
  C:0115H         LINE#         23
  C:0116H         LINE#         24
  C:0117H         LINE#         26
  C:0118H         LINE#         27
  C:0119H         LINE#         28
  C:011AH         LINE#         30
  C:011DH         LINE#         32
  C:011EH         LINE#         33
  C:011FH         LINE#         34
BL51 BANKED LINKER/LOCATER V6.22                                                      04/10/2026  07:13:06  PAGE 2


  C:0120H         LINE#         35
  C:0121H         LINE#         36
  C:0122H         LINE#         37
  C:0125H         LINE#         39
  C:0127H         LINE#         40
  C:0128H         LINE#         41
  C:012AH         LINE#         43
  -------         ENDMOD        ASM2_2

Program Size: data=8.0 xdata=0 code=300
LINK/LOCATE RUN COMPLETE.  0 WARNING(S),  0 ERROR(S)
