A51 MACRO ASSEMBLER  ASM4_2                                                               04/10/2026 02:25:57 PAGE     1


MACRO ASSEMBLER A51 V8.02c
OBJECT MODULE PLACED IN .\Objects\Asm4-2.obj
ASSEMBLER INVOKED BY: D:\C51\BIN\A51.EXE Asm4-2.asm SET(SMALL) DEBUG PRINT(.\Listings\Asm4-2.lst) OBJECT(.\Objects\Asm4-
                      2.obj) EP

LOC  OBJ            LINE     SOURCE

0000                   1             ORG     0000H
0000 020100            2             LJMP    MAIN
                       3     
0100                   4             ORG     0100H
0100 900108            5     MAIN:   MOV     DPTR, #SQR
0103 EF                6             MOV     A, R7
0104 93                7             MOVC    A, @A+DPTR
0105 FE                8             MOV     R6, A
0106 80FE              9             SJMP    $
                      10     
0108 00010409         11     SQR:    DB      00H,01H,04H,09H,16H
010C 16                      
010D 25364964         12             DB      25H,36H,49H,64H,81H
0111 81                      
                      13             END
A51 MACRO ASSEMBLER  ASM4_2                                                               04/10/2026 02:25:57 PAGE     2

SYMBOL TABLE LISTING
------ ----- -------


N A M E             T Y P E  V A L U E   ATTRIBUTES

MAIN . . . . . . .  C ADDR   0100H   A   
SQR. . . . . . . .  C ADDR   0108H   A   


REGISTER BANK(S) USED: 0 


ASSEMBLY COMPLETE.  0 WARNING(S), 0 ERROR(S)
