BL51 BANKED LINKER/LOCATER V6.22                                                        04/10/2026  02:29:00  PAGE 1


BL51 BANKED LINKER/LOCATER V6.22, INVOKED BY:
D:\C51\BIN\BL51.EXE .\Objects\DigitIO.obj TO .\Objects\DigitIO PRINT (.\Listings\DigitIO.m51) RAMSIZE (256)


MEMORY MODEL: SMALL


INPUT MODULES INCLUDED:
  .\Objects\DigitIO.obj (DIGITIO)
  D:\C51\LIB\C51S.LIB (?C_STARTUP)


LINK MAP OF MODULE:  .\Objects\DigitIO (DIGITIO)


            TYPE    BASE      LENGTH    RELOCATION   SEGMENT NAME
            -----------------------------------------------------

            * * * * * * *   D A T A   M E M O R Y   * * * * * * *
            REG     0000H     0008H     ABSOLUTE     "REG BANK 0"
            IDATA   0008H     0001H     UNIT         ?STACK

            * * * * * * *   C O D E   M E M O R Y   * * * * * * *
            CODE    0000H     0003H     ABSOLUTE     
            CODE    0003H     000DH     UNIT         ?PR?MAIN?DIGITIO
            CODE    0010H     000CH     UNIT         ?C_C51STARTUP



OVERLAY MAP OF MODULE:   .\Objects\DigitIO (DIGITIO)


SEGMENT
  +--> CALLED SEGMENT
---------------------
?C_C51STARTUP
  +--> ?PR?MAIN?DIGITIO



SYMBOL TABLE OF MODULE:  .\Objects\DigitIO (DIGITIO)

  VALUE           TYPE          NAME
  ----------------------------------

  -------         MODULE        DIGITIO
  C:0000H         SYMBOL        _ICE_DUMMY_
  D:0090H         PUBLIC        P1
  D:00B0H         PUBLIC        P3
  D:00A8H         PUBLIC        IE
  D:00B8H         PUBLIC        IP
  C:0003H         PUBLIC        main
  D:0098H         PUBLIC        SCON
  D:0088H         PUBLIC        TCON
  D:00C8H         PUBLIC        T2CON
  D:00D0H         PUBLIC        PSW
  -------         PROC          MAIN
  -------         DO            
BL51 BANKED LINKER/LOCATER V6.22                                                      04/10/2026  02:29:00  PAGE 2


  D:0007H         SYMBOL        i
  -------         ENDDO         
  C:0003H         LINE#         3
  C:0003H         LINE#         4
  C:0003H         LINE#         6
  C:0003H         LINE#         7
  C:0003H         LINE#         8
  C:0006H         LINE#         9
  C:0008H         LINE#         10
  C:000EH         LINE#         11
  -------         ENDPROC       MAIN
  -------         ENDMOD        DIGITIO

Program Size: data=9.0 xdata=0 code=28
LINK/LOCATE RUN COMPLETE.  0 WARNING(S),  0 ERROR(S)
