C51 COMPILER V9.54   EX4_DOTMATRIX_16X16_TEMPLATE                                          05/08/2026 05:10:48 PAGE 1   


C51 COMPILER V9.54, COMPILATION OF MODULE EX4_DOTMATRIX_16X16_TEMPLATE
OBJECT MODULE PLACED IN EX4_DotMatrix_16x16_Template.OBJ
COMPILER INVOKED BY: D:\C51\BIN\C51.exe EX4_DotMatrix_16x16_Template.c INCDIR(D:\C51\INC,D:\C51\INC\SST)

line level    source

   1          #include "SST89x5x4.h"
   2          #include "intrins.h"
   3          
   4          /*
   5           * 16x16 dot-matrix template for the new experiment box.
   6           * The concrete driver pins depend on the SM16206/SM5166 wiring
   7           * on the laboratory hardware. Use the pin names below as a mapping layer,
   8           * Name displayed: Jin Yi Fan.
   9           * P3.2 controls the horizontal moving direction.
  10           */
  11          
  12          sbit DIR_SW = P3^2;
  13          sbit ROW_A = P1^0;
  14          sbit ROW_B = P1^1;
  15          sbit ROW_C = P1^2;
  16          sbit ROW_D = P1^3;
  17          sbit COL_DATA = P1^4;
  18          sbit COL_CLK = P1^5;
  19          sbit COL_LAT = P1^6;
  20          sbit COL_OE = P1^7;
  21          
  22          unsigned char code name_font[][32] = {
  23              {
  24                  0x00, 0x00, 0x01, 0x80, 0x03, 0x80, 0x06, 0xC0,
  25                  0x0C, 0x70, 0x18, 0x38, 0x3F, 0xFE, 0x6F, 0xF2,
  26                  0x01, 0x80, 0x1F, 0xF8, 0x1F, 0xF8, 0x09, 0x98,
  27                  0x0D, 0xB0, 0x05, 0xB0, 0x3F, 0xFE, 0x00, 0x00
  28              },
  29              {
  30                  0x00, 0x00, 0x01, 0x80, 0x3F, 0xFE, 0x3F, 0xFE,
  31                  0x12, 0x60, 0x3A, 0x68, 0x76, 0x6C, 0x26, 0xE4,
  32                  0x1C, 0xC0, 0x09, 0x80, 0x7F, 0xFE, 0x03, 0xC0,
  33                  0x03, 0x60, 0x0E, 0x38, 0x78, 0x1E, 0x20, 0x00
  34              },
  35              {
  36                  0x18, 0x00, 0x18, 0xF8, 0x18, 0xC8, 0x7E, 0x88,
  37                  0x5A, 0xE8, 0x5A, 0xA8, 0x5A, 0xB8, 0x5A, 0xB8,
  38                  0x5A, 0xB8, 0x5A, 0x88, 0x5F, 0x88, 0x5D, 0x8A,
  39                  0x1B, 0x0E, 0x1B, 0x0E, 0x00, 0x00, 0x00, 0x00
  40              }
  41          };
  42          
  43          void delay_short(void)
  44          {
  45   1          unsigned char i;
  46   1          for (i = 0; i < 20; i++)
  47   1          {
  48   2              _nop_();
  49   2          }
  50   1      }
  51          
  52          void select_row(unsigned char row)
  53          {
  54   1          ROW_A = row & 0x01;
  55   1          ROW_B = (row >> 1) & 0x01;
C51 COMPILER V9.54   EX4_DOTMATRIX_16X16_TEMPLATE                                          05/08/2026 05:10:48 PAGE 2   

  56   1          ROW_C = (row >> 2) & 0x01;
  57   1          ROW_D = (row >> 3) & 0x01;
  58   1      }
  59          
  60          void shift_out16(unsigned int value)
  61          {
  62   1          unsigned char i;
  63   1          for (i = 0; i < 16; i++)
  64   1          {
  65   2              COL_DATA = (value & 0x8000) ? 1 : 0;
  66   2              COL_CLK = 0;
  67   2              COL_CLK = 1;
  68   2              value <<= 1;
  69   2          }
  70   1          COL_LAT = 0;
  71   1          COL_LAT = 1;
  72   1      }
  73          
  74          unsigned int rotate_left16(unsigned int value, unsigned char shift)
  75          {
  76   1          while (shift--)
  77   1          {
  78   2              value = (unsigned int)((value << 1) | ((value & 0x8000) ? 1 : 0));
  79   2          }
  80   1          return value;
  81   1      }
  82          
  83          unsigned int rotate_right16(unsigned int value, unsigned char shift)
  84          {
  85   1          while (shift--)
  86   1          {
  87   2              value = (unsigned int)((value >> 1) | ((value & 0x0001) ? 0x8000 : 0));
  88   2          }
  89   1          return value;
  90   1      }
  91          
  92          void scan_char(unsigned char char_index, unsigned char shift)
  93          {
  94   1          unsigned char row;
  95   1          unsigned int col;
  96   1      
  97   1          for (row = 0; row < 16; row++)
  98   1          {
  99   2              col = ((unsigned int)name_font[char_index][row * 2] << 8) |
 100   2                    name_font[char_index][row * 2 + 1];
 101   2              if (DIR_SW)
 102   2              {
 103   3                  col = rotate_left16(col, shift);
 104   3              }
 105   2              else
 106   2              {
 107   3                  col = rotate_right16(col, shift);
 108   3              }
 109   2      
 110   2              COL_OE = 1;
 111   2              select_row(row);
 112   2              shift_out16(col);
 113   2              COL_OE = 0;
 114   2              delay_short();
 115   2          }
 116   1      }
 117          
C51 COMPILER V9.54   EX4_DOTMATRIX_16X16_TEMPLATE                                          05/08/2026 05:10:48 PAGE 3   

 118          void main(void)
 119          {
 120   1          unsigned char char_index = 0;
 121   1          unsigned char shift = 0;
 122   1          unsigned int frame_count = 0;
 123   1      
 124   1          P1 = 0xFF;
 125   1          while (1)
 126   1          {
 127   2              scan_char(char_index, shift);
 128   2              frame_count++;
 129   2      
 130   2              if (frame_count >= 40)
 131   2              {
 132   3                  frame_count = 0;
 133   3                  shift++;
 134   3                  if (shift >= 16)
 135   3                  {
 136   4                      shift = 0;
 137   4                      if (DIR_SW)
 138   4                      {
 139   5                          char_index++;
 140   5                          if (char_index >= 3)
 141   5                          {
 142   6                              char_index = 0;
 143   6                          }
 144   5                      }
 145   4                      else
 146   4                      {
 147   5                          if (char_index == 0)
 148   5                          {
 149   6                              char_index = 2;
 150   6                          }
 151   5                          else
 152   5                          {
 153   6                              char_index--;
 154   6                          }
 155   5                      }
 156   4                  }
 157   3              }
 158   2          }
 159   1      }


MODULE INFORMATION:   STATIC OVERLAYABLE
   CODE SIZE        =    355    ----
   CONSTANT SIZE    =     96    ----
   XDATA SIZE       =   ----    ----
   PDATA SIZE       =   ----    ----
   DATA SIZE        =   ----       9
   IDATA SIZE       =   ----    ----
   BIT SIZE         =   ----    ----
END OF MODULE INFORMATION.


C51 COMPILATION COMPLETE.  0 WARNING(S),  0 ERROR(S)
