C51 COMPILER V9.54   EX4_DOTMATRIX_8X8                                                     04/27/2026 07:34:31 PAGE 1   


C51 COMPILER V9.54, COMPILATION OF MODULE EX4_DOTMATRIX_8X8
OBJECT MODULE PLACED IN EX4_DotMatrix_8x8.OBJ
COMPILER INVOKED BY: D:\C51\BIN\C51.exe EX4_DotMatrix_8x8.c INCDIR(D:\C51\INC,D:\C51\INC\SST)

line level    source

   1          #include "SST89x5x4.h"
   2          #include "intrins.h"
   3          
   4          /*
   5           * Proteus-friendly 8x8 dot matrix demo.
   6           * P1.0-P1.7: row select, active high.
   7           * P2.0-P2.7: column data, active low.
   8           * P3.2: direction switch. 1 = left, 0 = right.
   9           *
  10           * Replace digit_font[] with the student's own student-number font
  11           * when using the old 8x8 experiment box.
  12           */
  13          
  14          sbit DIR_SW = P3^2;
  15          
  16          unsigned char code digit_font[][8] = {
  17              {0x3C, 0x66, 0x6E, 0x76, 0x66, 0x66, 0x3C, 0x00}, /* 0 */
  18              {0x18, 0x38, 0x18, 0x18, 0x18, 0x18, 0x7E, 0x00}, /* 1 */
  19              {0x3C, 0x66, 0x06, 0x1C, 0x30, 0x66, 0x7E, 0x00}, /* 2 */
  20              {0x3C, 0x66, 0x06, 0x1C, 0x06, 0x66, 0x3C, 0x00}, /* 3 */
  21              {0x0C, 0x1C, 0x3C, 0x6C, 0x7E, 0x0C, 0x0C, 0x00}  /* 4 */
  22          };
  23          
  24          void delay_us(unsigned int n)
  25          {
  26   1          while (n--)
  27   1          {
  28   2              _nop_();
  29   2          }
  30   1      }
  31          
  32          void delay_frame(unsigned int n)
  33          {
  34   1          unsigned int i;
  35   1          for (i = 0; i < n; i++)
  36   1          {
  37   2              delay_us(200);
  38   2          }
  39   1      }
  40          
  41          void scan_frame(unsigned char char_index, unsigned char shift)
  42          {
  43   1          unsigned char row;
  44   1          unsigned char col_data;
  45   1      
  46   1          for (row = 0; row < 8; row++)
  47   1          {
  48   2              col_data = digit_font[char_index][row];
  49   2              if (DIR_SW)
  50   2              {
  51   3                  col_data = _crol_(col_data, shift);
  52   3              }
  53   2              else
  54   2              {
  55   3                  col_data = _cror_(col_data, shift);
C51 COMPILER V9.54   EX4_DOTMATRIX_8X8                                                     04/27/2026 07:34:31 PAGE 2   

  56   3              }
  57   2      
  58   2              P1 = (unsigned char)(1 << row);
  59   2              P2 = (unsigned char)(~col_data);
  60   2              delay_us(250);
  61   2              P1 = 0x00;
  62   2              P2 = 0xFF;
  63   2          }
  64   1      }
  65          
  66          void main(void)
  67          {
  68   1          unsigned char char_index = 0;
  69   1          unsigned char shift = 0;
  70   1          unsigned int frame_count = 0;
  71   1      
  72   1          P1 = 0x00;
  73   1          P2 = 0xFF;
  74   1          P3 |= 0x04;
  75   1      
  76   1          while (1)
  77   1          {
  78   2              scan_frame(char_index, shift);
  79   2              frame_count++;
  80   2      
  81   2              if (frame_count >= 60)
  82   2              {
  83   3                  frame_count = 0;
  84   3                  shift++;
  85   3                  if (shift >= 8)
  86   3                  {
  87   4                      shift = 0;
  88   4                      char_index++;
  89   4                      if (char_index >= 5)
  90   4                      {
  91   5                          char_index = 0;
  92   5                      }
  93   4                  }
  94   3              }
  95   2          }
  96   1      }


MODULE INFORMATION:   STATIC OVERLAYABLE
   CODE SIZE        =    204    ----
   CONSTANT SIZE    =     40    ----
   XDATA SIZE       =   ----    ----
   PDATA SIZE       =   ----    ----
   DATA SIZE        =   ----       4
   IDATA SIZE       =   ----    ----
   BIT SIZE         =   ----    ----
END OF MODULE INFORMATION.


C51 COMPILATION COMPLETE.  0 WARNING(S),  0 ERROR(S)
