C51 COMPILER V9.54   EX4_SRAM                                                              04/27/2026 07:35:27 PAGE 1   


C51 COMPILER V9.54, COMPILATION OF MODULE EX4_SRAM
OBJECT MODULE PLACED IN EX4_SRAM.OBJ
COMPILER INVOKED BY: D:\C51\BIN\C51.exe EX4_SRAM.c INCDIR(D:\C51\INC,D:\C51\INC\SST)

line level    source

   1          #include "SST89x5x4.h"
   2          #include "ABSACC.H"
   3          
   4          void main(void)
   5          {
   6   1          unsigned char i;
   7   1      
   8   1          AUXR = 0x02;
   9   1      
  10   1          for (i = 0; i < 16; i++)
  11   1          {
  12   2              DBYTE[0x30 + i] = i;
  13   2          }
  14   1      
  15   1          for (i = 0; i < 16; i++)
  16   1          {
  17   2              XBYTE[0x0000 + i] = DBYTE[0x30 + i];
  18   2          }
  19   1      
  20   1          for (i = 0; i < 16; i++)
  21   1          {
  22   2              DBYTE[0x40 + i] = XBYTE[0x0000 + i];
  23   2          }
  24   1      
  25   1          while (1)
  26   1          {
  27   2          }
  28   1      }


MODULE INFORMATION:   STATIC OVERLAYABLE
   CODE SIZE        =     53    ----
   CONSTANT SIZE    =   ----    ----
   XDATA SIZE       =   ----    ----
   PDATA SIZE       =   ----    ----
   DATA SIZE        =   ----    ----
   IDATA SIZE       =   ----    ----
   BIT SIZE         =   ----    ----
END OF MODULE INFORMATION.


C51 COMPILATION COMPLETE.  0 WARNING(S),  0 ERROR(S)
