C51 COMPILER V9.54   EX4_SORT_INTERNAL                                                     04/27/2026 07:34:31 PAGE 1   


C51 COMPILER V9.54, COMPILATION OF MODULE EX4_SORT_INTERNAL
OBJECT MODULE PLACED IN EX4_Sort_Internal.OBJ
COMPILER INVOKED BY: D:\C51\BIN\C51.exe EX4_Sort_Internal.c INCDIR(D:\C51\INC,D:\C51\INC\SST)

line level    source

   1          #include "SST89x5x4.h"
   2          #include "ABSACC.H"
   3          
   4          unsigned char code init_data[10] = {
   5              0x09, 0x11, 0x05, 0x31, 0x20,
   6              0x16, 0x01, 0x1A, 0x3F, 0x08
   7          };
   8          
   9          void init_internal_ram(void)
  10          {
  11   1          unsigned char i;
  12   1          for (i = 0; i < 10; i++)
  13   1          {
  14   2              DBYTE[0x30 + i] = init_data[i];
  15   2          }
  16   1      }
  17          
  18          void sort_internal_30h(void)
  19          {
  20   1          unsigned char i;
  21   1          unsigned char j;
  22   1          unsigned char temp;
  23   1      
  24   1          for (i = 0; i < 9; i++)
  25   1          {
  26   2              for (j = i + 1; j < 10; j++)
  27   2              {
  28   3                  if (DBYTE[0x30 + i] > DBYTE[0x30 + j])
  29   3                  {
  30   4                      temp = DBYTE[0x30 + i];
  31   4                      DBYTE[0x30 + i] = DBYTE[0x30 + j];
  32   4                      DBYTE[0x30 + j] = temp;
  33   4                  }
  34   3              }
  35   2          }
  36   1      }
  37          
  38          void main(void)
  39          {
  40   1          init_internal_ram();
  41   1          sort_internal_30h();
  42   1      
  43   1          while (1)
  44   1          {
  45   2          }
  46   1      }


MODULE INFORMATION:   STATIC OVERLAYABLE
   CODE SIZE        =     81    ----
   CONSTANT SIZE    =     10    ----
   XDATA SIZE       =   ----    ----
   PDATA SIZE       =   ----    ----
   DATA SIZE        =   ----    ----
   IDATA SIZE       =   ----    ----
C51 COMPILER V9.54   EX4_SORT_INTERNAL                                                     04/27/2026 07:34:31 PAGE 2   

   BIT SIZE         =   ----    ----
END OF MODULE INFORMATION.


C51 COMPILATION COMPLETE.  0 WARNING(S),  0 ERROR(S)
