C51 COMPILER V9.54   EX4_DOTMATRIX_8X8                                                     05/01/2026 04:46:59 PAGE 1   


C51 COMPILER V9.54, COMPILATION OF MODULE EX4_DOTMATRIX_8X8
OBJECT MODULE PLACED IN .\Objects\EX4_DotMatrix_8x8.obj
COMPILER INVOKED BY: D:\C51\BIN\C51.EXE EX4_DotMatrix_8x8.c OPTIMIZE(8,SPEED) BROWSE DEBUG OBJECTEXTEND PRINT(.\Listings
                    -\EX4_DotMatrix_8x8.lst) TABS(2) OBJECT(.\Objects\EX4_DotMatrix_8x8.obj)

line level    source

   1          #include "SST89x5x4.h"
   2          #include "intrins.h"
   3          
   4          /*
   5           * Proteus-friendly 8x8 dot matrix demo.
   6           * P1.0-P1.7: row select, active high.
   7           * P2.0-P2.7: column data, active low.
   8           * P3.2: direction switch. 1 = left, 0 = right.
   9           *
  10           * Student number displayed: 8202240417.
  11           */
  12          
  13          sbit DIR_SW = P3^2;
  14          
  15          unsigned char code digit_font[10][8] = {
  16              {0x3C, 0x66, 0x6E, 0x76, 0x66, 0x66, 0x66, 0x3C}, /* 0 */
  17              {0x18, 0x38, 0x18, 0x18, 0x18, 0x18, 0x18, 0x7E}, /* 1 */
  18              {0x3C, 0x66, 0x06, 0x0C, 0x18, 0x30, 0x66, 0x7E}, /* 2 */
  19              {0x3C, 0x66, 0x06, 0x1C, 0x06, 0x06, 0x66, 0x3C}, /* 3 */
  20              {0x0C, 0x1C, 0x3C, 0x6C, 0x7E, 0x0C, 0x0C, 0x0C}, /* 4 */
  21              {0x7E, 0x60, 0x60, 0x7C, 0x06, 0x06, 0x66, 0x3C}, /* 5 */
  22              {0x1C, 0x30, 0x60, 0x7C, 0x66, 0x66, 0x66, 0x3C}, /* 6 */
  23              {0x7E, 0x66, 0x06, 0x0C, 0x18, 0x18, 0x18, 0x18}, /* 7 */
  24              {0x3C, 0x66, 0x66, 0x3C, 0x66, 0x66, 0x66, 0x3C}, /* 8 */
  25              {0x3C, 0x66, 0x66, 0x66, 0x3E, 0x06, 0x0C, 0x38}  /* 9 */
  26          };
  27          
  28          unsigned char code student_id[] = {
  29              8, 2, 0, 2, 2, 4, 0, 4, 1, 7
  30          };
  31          
  32          void delay_us(unsigned int n)
  33          {
  34   1          while (n--)
  35   1          {
  36   2              _nop_();
  37   2          }
  38   1      }
  39          
  40          void delay_frame(unsigned int n)
  41          {
  42   1          unsigned int i;
  43   1          for (i = 0; i < n; i++)
  44   1          {
  45   2              delay_us(200);
  46   2          }
  47   1      }
  48          
  49          void scan_frame(unsigned char char_index, unsigned char shift)
  50          {
  51   1          unsigned char row;
  52   1          unsigned char col_data;
  53   1      
  54   1          for (row = 0; row < 8; row++)
C51 COMPILER V9.54   EX4_DOTMATRIX_8X8                                                     05/01/2026 04:46:59 PAGE 2   

  55   1          {
  56   2              col_data = digit_font[char_index][row];
  57   2              if (DIR_SW)
  58   2              {
  59   3                  col_data = _crol_(col_data, shift);
  60   3              }
  61   2              else
  62   2              {
  63   3                  col_data = _cror_(col_data, shift);
  64   3              }
  65   2      
  66   2              P1 = (unsigned char)(1 << row);
  67   2              P2 = (unsigned char)(~col_data);
  68   2              delay_us(250);
  69   2              P1 = 0x00;
  70   2              P2 = 0xFF;
  71   2          }
  72   1      }
  73          
  74          void main(void)
  75          {
  76   1          unsigned char char_index = 0;
  77   1          unsigned char shift = 0;
  78   1          unsigned int frame_count = 0;
  79   1      
  80   1          P1 = 0x00;
  81   1          P2 = 0xFF;
  82   1          P3 |= 0x04;
  83   1      
  84   1          while (1)
  85   1          {
  86   2              scan_frame(student_id[char_index], shift);
  87   2              frame_count++;
  88   2      
  89   2              if (frame_count >= 60)
  90   2              {
  91   3                  frame_count = 0;
  92   3                  shift++;
  93   3                  if (shift >= 8)
  94   3                  {
  95   4                      shift = 0;
  96   4                      char_index++;
  97   4                      if (char_index >= 10)
  98   4                      {
  99   5                          char_index = 0;
 100   5                      }
 101   4                  }
 102   3              }
 103   2          }
 104   1      }


MODULE INFORMATION:   STATIC OVERLAYABLE
   CODE SIZE        =    209    ----
   CONSTANT SIZE    =     90    ----
   XDATA SIZE       =   ----    ----
   PDATA SIZE       =   ----    ----
   DATA SIZE        =   ----       4
   IDATA SIZE       =   ----    ----
   BIT SIZE         =   ----    ----
END OF MODULE INFORMATION.


C51 COMPILATION COMPLETE.  0 WARNING(S),  0 ERROR(S)
