C51 COMPILER V9.54   EX4_DOTMATRIX_16X16_TEMPLATE                                          05/01/2026 05:01:06 PAGE 1   


C51 COMPILER V9.54, COMPILATION OF MODULE EX4_DOTMATRIX_16X16_TEMPLATE
OBJECT MODULE PLACED IN .\Objects\EX4_DotMatrix_16x16_Template.obj
COMPILER INVOKED BY: D:\C51\BIN\C51.EXE EX4_DotMatrix_16x16_Template.c OPTIMIZE(8,SPEED) BROWSE DEBUG OBJECTEXTEND PRINT
                    -(.\Listings\EX4_DotMatrix_16x16_Template.lst) TABS(2) OBJECT(.\Objects\EX4_DotMatrix_16x16_Template.obj)

line level    source

   1          #include "SST89x5x4.h"
   2          #include "intrins.h"
   3          
   4          /*
   5           * 16x16 dot-matrix template for the new experiment box.
   6           * The concrete driver pins depend on the SM16206/SM5166 wiring
   7           * on the laboratory hardware. Use the pin names below as a mapping layer,
   8           * Name displayed: Jin Yi Fan.
   9           * P3.2 controls the cyclic display direction.
  10           */
  11          
  12          sbit DIR_SW = P3^2;
  13          sbit ROW_A = P1^0;
  14          sbit ROW_B = P1^1;
  15          sbit ROW_C = P1^2;
  16          sbit ROW_D = P1^3;
  17          sbit COL_DATA = P1^4;
  18          sbit COL_CLK = P1^5;
  19          sbit COL_LAT = P1^6;
  20          sbit COL_OE = P1^7;
  21          
  22          unsigned char code name_font[][32] = {
  23              {
  24                  0x00, 0x00, 0x01, 0x80, 0x03, 0x80, 0x06, 0xC0,
  25                  0x0C, 0x70, 0x18, 0x38, 0x3F, 0xFE, 0x6F, 0xF2,
  26                  0x01, 0x80, 0x1F, 0xF8, 0x1F, 0xF8, 0x09, 0x98,
  27                  0x0D, 0xB0, 0x05, 0xB0, 0x3F, 0xFE, 0x00, 0x00
  28              },
  29              {
  30                  0x00, 0x00, 0x01, 0x80, 0x3F, 0xFE, 0x3F, 0xFE,
  31                  0x12, 0x60, 0x3A, 0x68, 0x76, 0x6C, 0x26, 0xE4,
  32                  0x1C, 0xC0, 0x09, 0x80, 0x7F, 0xFE, 0x03, 0xC0,
  33                  0x03, 0x60, 0x0E, 0x38, 0x78, 0x1E, 0x20, 0x00
  34              },
  35              {
  36                  0x18, 0x00, 0x18, 0xF8, 0x18, 0xC8, 0x7E, 0x88,
  37                  0x5A, 0xE8, 0x5A, 0xA8, 0x5A, 0xB8, 0x5A, 0xB8,
  38                  0x5A, 0xB8, 0x5A, 0x88, 0x5F, 0x88, 0x5D, 0x8A,
  39                  0x1B, 0x0E, 0x1B, 0x0E, 0x00, 0x00, 0x00, 0x00
  40              }
  41          };
  42          
  43          void delay_short(void)
  44          {
  45   1          unsigned char i;
  46   1          for (i = 0; i < 20; i++)
  47   1          {
  48   2              _nop_();
  49   2          }
  50   1      }
  51          
  52          void select_row(unsigned char row)
  53          {
  54   1          ROW_A = row & 0x01;
C51 COMPILER V9.54   EX4_DOTMATRIX_16X16_TEMPLATE                                          05/01/2026 05:01:06 PAGE 2   

  55   1          ROW_B = (row >> 1) & 0x01;
  56   1          ROW_C = (row >> 2) & 0x01;
  57   1          ROW_D = (row >> 3) & 0x01;
  58   1      }
  59          
  60          void shift_out16(unsigned int value)
  61          {
  62   1          unsigned char i;
  63   1          for (i = 0; i < 16; i++)
  64   1          {
  65   2              COL_DATA = (value & 0x8000) ? 1 : 0;
  66   2              COL_CLK = 0;
  67   2              COL_CLK = 1;
  68   2              value <<= 1;
  69   2          }
  70   1          COL_LAT = 0;
  71   1          COL_LAT = 1;
  72   1      }
  73          
  74          void scan_char(unsigned char char_index)
  75          {
  76   1          unsigned char row;
  77   1          unsigned int col;
  78   1      
  79   1          for (row = 0; row < 16; row++)
  80   1          {
  81   2              col = ((unsigned int)name_font[char_index][row * 2] << 8) |
  82   2                    name_font[char_index][row * 2 + 1];
  83   2              COL_OE = 1;
  84   2              select_row(row);
  85   2              shift_out16(~col);
  86   2              COL_OE = 0;
  87   2              delay_short();
  88   2          }
  89   1      }
  90          
  91          void main(void)
  92          {
  93   1          unsigned char char_index = 0;
  94   1          unsigned int frame_count = 0;
  95   1      
  96   1          P1 = 0xFF;
  97   1          while (1)
  98   1          {
  99   2              scan_char(char_index);
 100   2              frame_count++;
 101   2      
 102   2              if (frame_count >= 180)
 103   2              {
 104   3                  frame_count = 0;
 105   3                  if (DIR_SW)
 106   3                  {
 107   4                      char_index++;
 108   4                      if (char_index >= 3)
 109   4                      {
 110   5                          char_index = 0;
 111   5                      }
 112   4                  }
 113   3                  else
 114   3                  {
 115   4                      if (char_index == 0)
 116   4                      {
C51 COMPILER V9.54   EX4_DOTMATRIX_16X16_TEMPLATE                                          05/01/2026 05:01:06 PAGE 3   

 117   5                          char_index = 2;
 118   5                      }
 119   4                      else
 120   4                      {
 121   5                          char_index--;
 122   5                      }
 123   4                  }
 124   3              }
 125   2          }
 126   1      }


MODULE INFORMATION:   STATIC OVERLAYABLE
   CODE SIZE        =    219    ----
   CONSTANT SIZE    =     96    ----
   XDATA SIZE       =   ----    ----
   PDATA SIZE       =   ----    ----
   DATA SIZE        =   ----       4
   IDATA SIZE       =   ----    ----
   BIT SIZE         =   ----    ----
END OF MODULE INFORMATION.


C51 COMPILATION COMPLETE.  0 WARNING(S),  0 ERROR(S)
