BL51 BANKED LINKER/LOCATER V6.22                                                        05/08/2026  05:11:03  PAGE 1


BL51 BANKED LINKER/LOCATER V6.22, INVOKED BY:
D:\C51\BIN\BL51.EXE .\Objects\EX4_DotMatrix_16x16_Template.obj TO .\Objects\EX4_5 PRINT (.\Listings\EX4_5.m51) RAMSIZE (
>> 256)


MEMORY MODEL: SMALL


INPUT MODULES INCLUDED:
  .\Objects\EX4_DotMatrix_16x16_Template.obj (EX4_DOTMATRIX_16X16_TEMPLATE)
  D:\C51\LIB\C51S.LIB (?C_STARTUP)
  D:\C51\LIB\C51S.LIB (?C?OFFXADD)


LINK MAP OF MODULE:  .\Objects\EX4_5 (EX4_DOTMATRIX_16X16_TEMPLATE)


            TYPE    BASE      LENGTH    RELOCATION   SEGMENT NAME
            -----------------------------------------------------

            * * * * * * *   D A T A   M E M O R Y   * * * * * * *
            REG     0000H     0008H     ABSOLUTE     "REG BANK 0"
            DATA    0008H     0009H     UNIT         _DATA_GROUP_
            IDATA   0011H     0001H     UNIT         ?STACK

            * * * * * * *   C O D E   M E M O R Y   * * * * * * *
            CODE    0000H     0003H     ABSOLUTE     
            CODE    0003H     0074H     UNIT         ?PR?_SCAN_CHAR?EX4_DOTMATRIX_16X16_TEMPLATE
            CODE    0077H     0060H     UNIT         ?CO?EX4_DOTMATRIX_16X16_TEMPLATE
            CODE    00D7H     0051H     UNIT         ?PR?MAIN?EX4_DOTMATRIX_16X16_TEMPLATE
            CODE    0128H     002EH     UNIT         ?PR?_ROTATE_RIGHT16?EX4_DOTMATRIX_16X16_TEMPLATE
            CODE    0156H     002CH     UNIT         ?PR?_ROTATE_LEFT16?EX4_DOTMATRIX_16X16_TEMPLATE
            CODE    0182H     0020H     UNIT         ?PR?_SHIFT_OUT16?EX4_DOTMATRIX_16X16_TEMPLATE
            CODE    01A2H     001CH     UNIT         ?PR?_SELECT_ROW?EX4_DOTMATRIX_16X16_TEMPLATE
            CODE    01BEH     000CH     UNIT         ?C_C51STARTUP
            CODE    01CAH     000CH     UNIT         ?C?LIB_CODE
            CODE    01D6H     0008H     UNIT         ?PR?DELAY_SHORT?EX4_DOTMATRIX_16X16_TEMPLATE



OVERLAY MAP OF MODULE:   .\Objects\EX4_5 (EX4_DOTMATRIX_16X16_TEMPLATE)


SEGMENT                                            DATA_GROUP 
  +--> CALLED SEGMENT                            START    LENGTH
----------------------------------------------------------------
?C_C51STARTUP                                    -----    -----
  +--> ?PR?MAIN?EX4_DOTMATRIX_16X16_TEMPLATE

?PR?MAIN?EX4_DOTMATRIX_16X16_TEMPLATE            0008H    0004H
  +--> ?PR?_SCAN_CHAR?EX4_DOTMATRIX_16X16_TE...

?PR?_SCAN_CHAR?EX4_DOTMATRIX_16X16_TE...         000CH    0005H
  +--> ?CO?EX4_DOTMATRIX_16X16_TEMPLATE
  +--> ?PR?_ROTATE_LEFT16?EX4_DOTMATRIX_16X1...
  +--> ?PR?_ROTATE_RIGHT16?EX4_DOTMATRIX_16X...
  +--> ?PR?_SELECT_ROW?EX4_DOTMATRIX_16X16_T...
  +--> ?PR?_SHIFT_OUT16?EX4_DOTMATRIX_16X16_...
BL51 BANKED LINKER/LOCATER V6.22                                                      05/08/2026  05:11:03  PAGE 2


  +--> ?PR?DELAY_SHORT?EX4_DOTMATRIX_16X16_T...



SYMBOL TABLE OF MODULE:  .\Objects\EX4_5 (EX4_DOTMATRIX_16X16_TEMPLATE)

  VALUE           TYPE          NAME
  ----------------------------------

  -------         MODULE        EX4_DOTMATRIX_16X16_TEMPLATE
  C:0000H         SYMBOL        _ICE_DUMMY_
  D:0090H         PUBLIC        P1
  D:00B0H         PUBLIC        P3
  C:0156H         PUBLIC        _rotate_left16
  D:00A8H         PUBLIC        IE
  D:00B8H         PUBLIC        IP
  B:0090H.5       PUBLIC        COL_CLK
  B:0090H.0       PUBLIC        ROW_A
  B:0090H.1       PUBLIC        ROW_B
  B:0090H.2       PUBLIC        ROW_C
  B:0090H.3       PUBLIC        ROW_D
  B:0090H.6       PUBLIC        COL_LAT
  C:01D6H         PUBLIC        delay_short
  C:00D7H         PUBLIC        main
  C:0003H         PUBLIC        _scan_char
  D:0098H         PUBLIC        SCON
  D:0088H         PUBLIC        TCON
  C:0077H         PUBLIC        name_font
  C:01A2H         PUBLIC        _select_row
  C:0182H         PUBLIC        _shift_out16
  B:0090H.7       PUBLIC        COL_OE
  B:0090H.4       PUBLIC        COL_DATA
  D:00C8H         PUBLIC        T2CON
  B:00B0H.2       PUBLIC        DIR_SW
  D:00D0H         PUBLIC        PSW
  C:0128H         PUBLIC        _rotate_right16
  -------         PROC          DELAY_SHORT
  -------         DO            
  D:0007H         SYMBOL        i
  -------         ENDDO         
  C:01D6H         LINE#         43
  C:01D6H         LINE#         44
  C:01D6H         LINE#         46
  C:01D8H         LINE#         47
  C:01D8H         LINE#         48
  C:01D9H         LINE#         49
  C:01DDH         LINE#         50
  -------         ENDPROC       DELAY_SHORT
  -------         PROC          _SELECT_ROW
  D:0007H         SYMBOL        row
  C:01A2H         LINE#         52
  C:01A2H         LINE#         53
  C:01A2H         LINE#         54
  C:01A6H         LINE#         55
  C:01ACH         LINE#         56
  C:01B4H         LINE#         57
  C:01BDH         LINE#         58
BL51 BANKED LINKER/LOCATER V6.22                                                      05/08/2026  05:11:03  PAGE 3


  -------         ENDPROC       _SELECT_ROW
  -------         PROC          _SHIFT_OUT16
  D:0006H         SYMBOL        value
  -------         DO            
  D:0005H         SYMBOL        i
  -------         ENDDO         
  C:0182H         LINE#         60
  C:0182H         LINE#         61
  C:0182H         LINE#         63
  C:0184H         LINE#         64
  C:0184H         LINE#         65
  C:018EH         LINE#         66
  C:0190H         LINE#         67
  C:0192H         LINE#         68
  C:0199H         LINE#         69
  C:019DH         LINE#         70
  C:019FH         LINE#         71
  C:01A1H         LINE#         72
  -------         ENDPROC       _SHIFT_OUT16
  -------         PROC          _ROTATE_LEFT16
  D:0002H         SYMBOL        value
  D:0001H         SYMBOL        shift
  C:0156H         LINE#         74
  C:015CH         LINE#         75
  C:015CH         LINE#         76
  C:0162H         LINE#         77
  C:0162H         LINE#         78
  C:017BH         LINE#         79
  C:017DH         LINE#         80
  C:0181H         LINE#         81
  -------         ENDPROC       _ROTATE_LEFT16
  -------         PROC          _ROTATE_RIGHT16
  D:0002H         SYMBOL        value
  D:0001H         SYMBOL        shift
  C:0128H         LINE#         83
  C:012EH         LINE#         84
  C:012EH         LINE#         85
  C:0134H         LINE#         86
  C:0134H         LINE#         87
  C:014FH         LINE#         88
  C:0151H         LINE#         89
  C:0155H         LINE#         90
  -------         ENDPROC       _ROTATE_RIGHT16
  -------         PROC          _SCAN_CHAR
  D:000CH         SYMBOL        char_index
  D:000DH         SYMBOL        shift
  -------         DO            
  D:000EH         SYMBOL        row
  D:000FH         SYMBOL        col
  -------         ENDDO         
  C:0003H         LINE#         92
  C:0007H         LINE#         93
  C:0007H         LINE#         97
  C:000AH         LINE#         98
  C:000AH         LINE#         99
  C:0044H         LINE#         101
  C:0049H         LINE#         102
BL51 BANKED LINKER/LOCATER V6.22                                                      05/08/2026  05:11:03  PAGE 4


  C:0049H         LINE#         103
  C:004DH         LINE#         104
  C:004FH         LINE#         106
  C:004FH         LINE#         107
  C:005AH         LINE#         108
  C:005AH         LINE#         110
  C:005CH         LINE#         111
  C:0061H         LINE#         112
  C:0068H         LINE#         113
  C:006AH         LINE#         114
  C:006DH         LINE#         115
  C:0076H         LINE#         116
  -------         ENDPROC       _SCAN_CHAR
  -------         PROC          MAIN
  -------         DO            
  D:0008H         SYMBOL        char_index
  D:0009H         SYMBOL        shift
  D:000AH         SYMBOL        frame_count
  -------         ENDDO         
  C:00D7H         LINE#         118
  C:00D7H         LINE#         119
  C:00D7H         LINE#         120
  C:00DAH         LINE#         121
  C:00DCH         LINE#         122
  C:00E0H         LINE#         124
  C:00E3H         LINE#         125
  C:00E3H         LINE#         126
  C:00E3H         LINE#         127
  C:00EAH         LINE#         128
  C:00F2H         LINE#         130
  C:00FBH         LINE#         131
  C:00FBH         LINE#         132
  C:0100H         LINE#         133
  C:0102H         LINE#         134
  C:0108H         LINE#         135
  C:0108H         LINE#         136
  C:010BH         LINE#         137
  C:010EH         LINE#         138
  C:010EH         LINE#         139
  C:0110H         LINE#         140
  C:0116H         LINE#         141
  C:0116H         LINE#         142
  C:0119H         LINE#         143
  C:0119H         LINE#         144
  C:011BH         LINE#         146
  C:011BH         LINE#         147
  C:011FH         LINE#         148
  C:011FH         LINE#         149
  C:0122H         LINE#         150
  C:0124H         LINE#         152
  C:0124H         LINE#         153
  C:0126H         LINE#         154
  C:0126H         LINE#         155
  C:0126H         LINE#         156
  C:0126H         LINE#         157
  C:0126H         LINE#         158
  -------         ENDPROC       MAIN
BL51 BANKED LINKER/LOCATER V6.22                                                      05/08/2026  05:11:03  PAGE 5


  -------         ENDMOD        EX4_DOTMATRIX_16X16_TEMPLATE

  -------         MODULE        ?C?OFFXADD
  C:01CAH         PUBLIC        ?C?OFFXADD
  -------         ENDMOD        ?C?OFFXADD

Program Size: data=18.0 xdata=0 code=478
LINK/LOCATE RUN COMPLETE.  0 WARNING(S),  0 ERROR(S)
