BL51 BANKED LINKER/LOCATER V6.22                                                        05/08/2026  06:57:48  PAGE 1


BL51 BANKED LINKER/LOCATER V6.22, INVOKED BY:
D:\C51\BIN\BL51.EXE .\Objects\EX4_DotMatrix_16x16_Template.obj TO .\Objects\EX4_5 PRINT (.\Listings\EX4_5.m51) RAMSIZE (
>> 256)


MEMORY MODEL: SMALL


INPUT MODULES INCLUDED:
  .\Objects\EX4_DotMatrix_16x16_Template.obj (EX4_DOTMATRIX_16X16_TEMPLATE)
  D:\C51\LIB\C51S.LIB (?C_STARTUP)
  D:\C51\LIB\C51S.LIB (?C_INIT)


LINK MAP OF MODULE:  .\Objects\EX4_5 (EX4_DOTMATRIX_16X16_TEMPLATE)


            TYPE    BASE      LENGTH    RELOCATION   SEGMENT NAME
            -----------------------------------------------------

            * * * * * * *   D A T A   M E M O R Y   * * * * * * *
            REG     0000H     0008H     ABSOLUTE     "REG BANK 0"
            DATA    0008H     0005H     UNIT         ?DT?EX4_DOTMATRIX_16X16_TEMPLATE
            DATA    000DH     0004H     UNIT         _DATA_GROUP_
                    0011H     000FH                  *** GAP ***
            BIT     0020H.0   0000H.1   UNIT         _BIT_GROUP_
                    0020H.1   0000H.7                *** GAP ***
            IDATA   0021H     0001H     UNIT         ?STACK

            * * * * * * *   C O D E   M E M O R Y   * * * * * * *
            CODE    0000H     0003H     ABSOLUTE     
            CODE    0003H     008CH     UNIT         ?C_C51STARTUP
            CODE    008FH     006DH     UNIT         ?PR?UPDATE_OFFSET?EX4_DOTMATRIX_16X16_TEMPLATE
            CODE    00FCH     0069H     UNIT         ?PR?_GET_ROW_DATA?EX4_DOTMATRIX_16X16_TEMPLATE
            CODE    0165H     0060H     UNIT         ?CO?EX4_DOTMATRIX_16X16_TEMPLATE
            CODE    01C5H     003AH     UNIT         ?PR?SCAN_FRAME?EX4_DOTMATRIX_16X16_TEMPLATE
            CODE    01FFH     002EH     UNIT         ?PR?_ROTATE_RIGHT16?EX4_DOTMATRIX_16X16_TEMPLATE
            CODE    022DH     002EH     UNIT         ?PR?_SEND_COL_DATA?EX4_DOTMATRIX_16X16_TEMPLATE
            CODE    025BH     002CH     UNIT         ?PR?_ROTATE_LEFT16?EX4_DOTMATRIX_16X16_TEMPLATE
            CODE    0287H     001CH     UNIT         ?PR?_SELECT_ROW?EX4_DOTMATRIX_16X16_TEMPLATE
            CODE    02A3H     0010H     UNIT         ?PR?MAIN?EX4_DOTMATRIX_16X16_TEMPLATE
            CODE    02B3H     000EH     UNIT         ?PR?DELAY_HOLD?EX4_DOTMATRIX_16X16_TEMPLATE
            CODE    02C1H     000EH     UNIT         ?C_INITSEG



OVERLAY MAP OF MODULE:   .\Objects\EX4_5 (EX4_DOTMATRIX_16X16_TEMPLATE)


SEGMENT                                             BIT_GROUP          DATA_GROUP 
  +--> CALLED SEGMENT                            START    LENGTH     START    LENGTH
------------------------------------------------------------------------------------
?C_C51STARTUP                                    -----    -----      -----    -----
  +--> ?PR?MAIN?EX4_DOTMATRIX_16X16_TEMPLATE
  +--> ?C_INITSEG

?PR?MAIN?EX4_DOTMATRIX_16X16_TEMPLATE            -----    -----      -----    -----
  +--> ?PR?SCAN_FRAME?EX4_DOTMATRIX_16X16_TE...
BL51 BANKED LINKER/LOCATER V6.22                                                      05/08/2026  06:57:48  PAGE 2


  +--> ?PR?UPDATE_OFFSET?EX4_DOTMATRIX_16X16...

?PR?SCAN_FRAME?EX4_DOTMATRIX_16X16_TE...         -----    -----      000DH    0003H
  +--> ?PR?_GET_ROW_DATA?EX4_DOTMATRIX_16X16...
  +--> ?PR?_SELECT_ROW?EX4_DOTMATRIX_16X16_T...
  +--> ?PR?DELAY_HOLD?EX4_DOTMATRIX_16X16_TE...

?PR?_GET_ROW_DATA?EX4_DOTMATRIX_16X16...         -----    -----      0010H    0001H
  +--> ?CO?EX4_DOTMATRIX_16X16_TEMPLATE
  +--> ?PR?_ROTATE_LEFT16?EX4_DOTMATRIX_16X1...
  +--> ?PR?_ROTATE_RIGHT16?EX4_DOTMATRIX_16X...

?PR?_SELECT_ROW?EX4_DOTMATRIX_16X16_T...         0020H.0  0000H.1    -----    -----

?PR?DELAY_HOLD?EX4_DOTMATRIX_16X16_TE...         -----    -----      -----    -----
  +--> ?PR?_SEND_COL_DATA?EX4_DOTMATRIX_16X1...



SYMBOL TABLE OF MODULE:  .\Objects\EX4_5 (EX4_DOTMATRIX_16X16_TEMPLATE)

  VALUE           TYPE          NAME
  ----------------------------------

  -------         MODULE        EX4_DOTMATRIX_16X16_TEMPLATE
  C:0000H         SYMBOL        _ICE_DUMMY_
  D:0080H         PUBLIC        P0
  D:0090H         PUBLIC        P1
  D:00B0H         PUBLIC        P3
  C:025BH         PUBLIC        _rotate_left16
  D:00A8H         PUBLIC        IE
  D:0008H         PUBLIC        x_off
  C:01C5H         PUBLIC        scan_frame
  D:0009H         PUBLIC        y_off
  D:00B8H         PUBLIC        IP
  C:02BCH         PUBLIC        delay_hold
  D:000AH         PUBLIC        char_index
  B:0080H.0       PUBLIC        CSDI
  B:0080H.1       PUBLIC        CSDK
  C:02A3H         PUBLIC        main
  C:0165H         PUBLIC        hzdot
  D:0098H         PUBLIC        SCON
  D:0088H         PUBLIC        TCON
  D:000BH         PUBLIC        scroll_cnt
  C:0287H         PUBLIC        _select_row
  B:0090H.0       PUBLIC        RA0
  B:0090H.1       PUBLIC        RA1
  B:0090H.2       PUBLIC        RA2
  C:022DH         PUBLIC        _send_col_data
  B:0080H.2       PUBLIC        CLE
  B:0080H.3       PUBLIC        COE
  B:0090H.3       PUBLIC        ROE
  D:00C8H         PUBLIC        T2CON
  C:008FH         PUBLIC        update_offset
  C:00FCH         PUBLIC        _get_row_data
  D:00D0H         PUBLIC        PSW
  B:00B0H.2       PUBLIC        K1
BL51 BANKED LINKER/LOCATER V6.22                                                      05/08/2026  06:57:48  PAGE 3


  C:01FFH         PUBLIC        _rotate_right16
  B:00B0H.3       PUBLIC        K2
  -------         PROC          L?0058
  -------         ENDPROC       L?0058
  -------         PROC          DELAY_HOLD
  -------         DO            
  D:0007H         SYMBOL        t
  -------         ENDDO         
  C:02BCH         LINE#         75
  C:02BCH         LINE#         76
  C:02BCH         LINE#         78
  C:02BEH         LINE#         79
  C:02C0H         LINE#         80
  C:02C0H         LINE#         81
  C:02C0H         LINE#         82
  -------         ENDPROC       DELAY_HOLD
  -------         PROC          _ROTATE_LEFT16
  D:0002H         SYMBOL        value
  D:0001H         SYMBOL        shift
  C:025BH         LINE#         84
  C:0261H         LINE#         85
  C:0261H         LINE#         86
  C:0267H         LINE#         87
  C:0267H         LINE#         88
  C:0280H         LINE#         89
  C:0282H         LINE#         90
  C:0286H         LINE#         91
  -------         ENDPROC       _ROTATE_LEFT16
  -------         PROC          _ROTATE_RIGHT16
  D:0002H         SYMBOL        value
  D:0001H         SYMBOL        shift
  C:01FFH         LINE#         93
  C:0205H         LINE#         94
  C:0205H         LINE#         95
  C:020BH         LINE#         96
  C:020BH         LINE#         97
  C:0226H         LINE#         98
  C:0228H         LINE#         99
  C:022CH         LINE#         100
  -------         ENDPROC       _ROTATE_RIGHT16
  -------         PROC          _SEND_COL_DATA
  D:0004H         SYMBOL        dat
  -------         DO            
  D:0003H         SYMBOL        i
  D:0006H         SYMBOL        mask
  -------         ENDDO         
  C:022DH         LINE#         102
  C:0231H         LINE#         103
  C:0231H         LINE#         107
  C:0235H         LINE#         108
  C:0237H         LINE#         109
  C:0237H         LINE#         110
  C:0247H         LINE#         111
  C:0249H         LINE#         112
  C:024BH         LINE#         113
  C:0252H         LINE#         114
  C:0256H         LINE#         116
BL51 BANKED LINKER/LOCATER V6.22                                                      05/08/2026  06:57:48  PAGE 4


  C:0258H         LINE#         117
  C:025AH         LINE#         118
  -------         ENDPROC       _SEND_COL_DATA
  -------         PROC          _GET_ROW_DATA
  D:0007H         SYMBOL        screen_row
  -------         DO            
  D:0004H         SYMBOL        idx
  D:0006H         SYMBOL        dat
  D:0010H         SYMBOL        source_row
  -------         ENDDO         
  C:00FCH         LINE#         120
  C:00FCH         LINE#         121
  C:00FCH         LINE#         126
  C:0108H         LINE#         127
  C:0108H         LINE#         128
  C:0110H         LINE#         129
  C:0112H         LINE#         131
  C:0112H         LINE#         132
  C:0117H         LINE#         133
  C:011EH         LINE#         134
  C:011EH         LINE#         135
  C:0124H         LINE#         136
  C:0126H         LINE#         137
  C:0126H         LINE#         139
  C:0130H         LINE#         140
  C:014CH         LINE#         142
  C:0152H         LINE#         143
  C:0152H         LINE#         144
  C:0157H         LINE#         145
  C:0159H         LINE#         146
  C:015FH         LINE#         147
  C:015FH         LINE#         148
  C:0164H         LINE#         149
  C:0164H         LINE#         151
  C:0164H         LINE#         152
  -------         ENDPROC       _GET_ROW_DATA
  -------         PROC          _SELECT_ROW
  D:0007H         SYMBOL        row
  B:0020H.0       SYMBOL        lower_half
  C:0287H         LINE#         154
  C:0287H         LINE#         155
  C:0287H         LINE#         156
  C:028BH         LINE#         157
  C:0291H         LINE#         158
  C:0299H         LINE#         159
  C:02A2H         LINE#         160
  -------         ENDPROC       _SELECT_ROW
  -------         PROC          SCAN_FRAME
  -------         DO            
  D:000DH         SYMBOL        row
  D:000EH         SYMBOL        dat
  -------         ENDDO         
  C:01C5H         LINE#         162
  C:01C5H         LINE#         163
  C:01C5H         LINE#         167
  C:01C8H         LINE#         168
  C:01C8H         LINE#         169
BL51 BANKED LINKER/LOCATER V6.22                                                      05/08/2026  06:57:48  PAGE 5


  C:01D1H         LINE#         170
  C:01D3H         LINE#         171
  C:01DAH         LINE#         172
  C:01DAH         LINE#         173
  C:01DAH         LINE#         174
  C:01DDH         LINE#         176
  C:01E9H         LINE#         177
  C:01EBH         LINE#         178
  C:01F2H         LINE#         179
  C:01F2H         LINE#         180
  C:01F2H         LINE#         181
  C:01F5H         LINE#         182
  C:01FEH         LINE#         183
  -------         ENDPROC       SCAN_FRAME
  -------         PROC          UPDATE_OFFSET
  C:008FH         LINE#         185
  C:008FH         LINE#         186
  C:008FH         LINE#         187
  C:0097H         LINE#         188
  C:00A0H         LINE#         189
  C:00A0H         LINE#         191
  C:00A0H         LINE#         192
  C:00A5H         LINE#         194
  C:00ABH         LINE#         195
  C:00ABH         LINE#         196
  C:00ADH         LINE#         197
  C:00B4H         LINE#         198
  C:00B4H         LINE#         199
  C:00B7H         LINE#         200
  C:00B9H         LINE#         201
  C:00BFH         LINE#         202
  C:00BFH         LINE#         203
  C:00C2H         LINE#         204
  C:00C2H         LINE#         205
  C:00C2H         LINE#         206
  C:00C3H         LINE#         207
  C:00C9H         LINE#         208
  C:00C9H         LINE#         209
  C:00CDH         LINE#         210
  C:00CDH         LINE#         211
  C:00D0H         LINE#         212
  C:00D4H         LINE#         213
  C:00D4H         LINE#         214
  C:00D7H         LINE#         215
  C:00D8H         LINE#         217
  C:00D8H         LINE#         218
  C:00DAH         LINE#         219
  C:00DAH         LINE#         220
  C:00DBH         LINE#         222
  C:00DBH         LINE#         223
  C:00DDH         LINE#         224
  C:00DDH         LINE#         225
  C:00DEH         LINE#         226
  C:00E4H         LINE#         227
  C:00E4H         LINE#         228
  C:00E6H         LINE#         229
  C:00EDH         LINE#         230
BL51 BANKED LINKER/LOCATER V6.22                                                      05/08/2026  06:57:48  PAGE 6


  C:00EDH         LINE#         231
  C:00F0H         LINE#         232
  C:00F0H         LINE#         233
  C:00F1H         LINE#         235
  C:00F1H         LINE#         236
  C:00F5H         LINE#         237
  C:00F5H         LINE#         238
  C:00F8H         LINE#         239
  C:00F9H         LINE#         241
  C:00F9H         LINE#         242
  C:00FBH         LINE#         243
  C:00FBH         LINE#         244
  C:00FBH         LINE#         245
  -------         ENDPROC       UPDATE_OFFSET
  -------         PROC          MAIN
  C:02A3H         LINE#         247
  C:02A3H         LINE#         248
  C:02A3H         LINE#         249
  C:02A6H         LINE#         250
  C:02A8H         LINE#         251
  C:02ABH         LINE#         253
  C:02ABH         LINE#         254
  C:02ABH         LINE#         255
  C:02AEH         LINE#         256
  C:02B1H         LINE#         257
  -------         ENDPROC       MAIN
  -------         ENDMOD        EX4_DOTMATRIX_16X16_TEMPLATE

Program Size: data=18.1 xdata=0 code=719
LINK/LOCATE RUN COMPLETE.  0 WARNING(S),  0 ERROR(S)
