Archive member included to satisfy reference by file (symbol)

d:/stm32cubeide_1.5.0/stm32cubeide/plugins/com.st.stm32cube.ide.mcu.externaltools.gnu-tools-for-stm32.7-2018-q2-update.win32_1.5.0.202011040924/tools/bin/../lib/gcc/arm-none-eabi/7.3.1/../../../../arm-none-eabi/lib/thumb/v7-m\libc_nano.a(lib_a-errno.o)
                              Core/Src/syscalls.o (__errno)
d:/stm32cubeide_1.5.0/stm32cubeide/plugins/com.st.stm32cube.ide.mcu.externaltools.gnu-tools-for-stm32.7-2018-q2-update.win32_1.5.0.202011040924/tools/bin/../lib/gcc/arm-none-eabi/7.3.1/../../../../arm-none-eabi/lib/thumb/v7-m\libc_nano.a(lib_a-exit.o)
                              d:/stm32cubeide_1.5.0/stm32cubeide/plugins/com.st.stm32cube.ide.mcu.externaltools.gnu-tools-for-stm32.7-2018-q2-update.win32_1.5.0.202011040924/tools/bin/../lib/gcc/arm-none-eabi/7.3.1/../../../../arm-none-eabi/lib/thumb/v7-m/crt0.o (exit)
d:/stm32cubeide_1.5.0/stm32cubeide/plugins/com.st.stm32cube.ide.mcu.externaltools.gnu-tools-for-stm32.7-2018-q2-update.win32_1.5.0.202011040924/tools/bin/../lib/gcc/arm-none-eabi/7.3.1/../../../../arm-none-eabi/lib/thumb/v7-m\libc_nano.a(lib_a-impure.o)
                              d:/stm32cubeide_1.5.0/stm32cubeide/plugins/com.st.stm32cube.ide.mcu.externaltools.gnu-tools-for-stm32.7-2018-q2-update.win32_1.5.0.202011040924/tools/bin/../lib/gcc/arm-none-eabi/7.3.1/../../../../arm-none-eabi/lib/thumb/v7-m\libc_nano.a(lib_a-exit.o) (_global_impure_ptr)
d:/stm32cubeide_1.5.0/stm32cubeide/plugins/com.st.stm32cube.ide.mcu.externaltools.gnu-tools-for-stm32.7-2018-q2-update.win32_1.5.0.202011040924/tools/bin/../lib/gcc/arm-none-eabi/7.3.1/../../../../arm-none-eabi/lib/thumb/v7-m\libc_nano.a(lib_a-init.o)
                              d:/stm32cubeide_1.5.0/stm32cubeide/plugins/com.st.stm32cube.ide.mcu.externaltools.gnu-tools-for-stm32.7-2018-q2-update.win32_1.5.0.202011040924/tools/bin/../lib/gcc/arm-none-eabi/7.3.1/../../../../arm-none-eabi/lib/thumb/v7-m/crt0.o (__libc_init_array)
d:/stm32cubeide_1.5.0/stm32cubeide/plugins/com.st.stm32cube.ide.mcu.externaltools.gnu-tools-for-stm32.7-2018-q2-update.win32_1.5.0.202011040924/tools/bin/../lib/gcc/arm-none-eabi/7.3.1/../../../../arm-none-eabi/lib/thumb/v7-m\libc_nano.a(lib_a-memcpy-stub.o)
                              Core/Src/digit_nn/core/image_preprocess.o (memcpy)
d:/stm32cubeide_1.5.0/stm32cubeide/plugins/com.st.stm32cube.ide.mcu.externaltools.gnu-tools-for-stm32.7-2018-q2-update.win32_1.5.0.202011040924/tools/bin/../lib/gcc/arm-none-eabi/7.3.1/../../../../arm-none-eabi/lib/thumb/v7-m\libc_nano.a(lib_a-memset.o)
                              d:/stm32cubeide_1.5.0/stm32cubeide/plugins/com.st.stm32cube.ide.mcu.externaltools.gnu-tools-for-stm32.7-2018-q2-update.win32_1.5.0.202011040924/tools/bin/../lib/gcc/arm-none-eabi/7.3.1/../../../../arm-none-eabi/lib/thumb/v7-m/crt0.o (memset)
d:/stm32cubeide_1.5.0/stm32cubeide/plugins/com.st.stm32cube.ide.mcu.externaltools.gnu-tools-for-stm32.7-2018-q2-update.win32_1.5.0.202011040924/tools/bin/../lib/gcc/arm-none-eabi/7.3.1/../../../../arm-none-eabi/lib/thumb/v7-m\libc_nano.a(lib_a-printf.o)
                              Core/Src/main.o (printf)
d:/stm32cubeide_1.5.0/stm32cubeide/plugins/com.st.stm32cube.ide.mcu.externaltools.gnu-tools-for-stm32.7-2018-q2-update.win32_1.5.0.202011040924/tools/bin/../lib/gcc/arm-none-eabi/7.3.1/../../../../arm-none-eabi/lib/thumb/v7-m\libc_nano.a(lib_a-puts.o)
                              Core/Src/main.o (puts)
d:/stm32cubeide_1.5.0/stm32cubeide/plugins/com.st.stm32cube.ide.mcu.externaltools.gnu-tools-for-stm32.7-2018-q2-update.win32_1.5.0.202011040924/tools/bin/../lib/gcc/arm-none-eabi/7.3.1/../../../../arm-none-eabi/lib/thumb/v7-m\libc_nano.a(lib_a-wbuf.o)
                              d:/stm32cubeide_1.5.0/stm32cubeide/plugins/com.st.stm32cube.ide.mcu.externaltools.gnu-tools-for-stm32.7-2018-q2-update.win32_1.5.0.202011040924/tools/bin/../lib/gcc/arm-none-eabi/7.3.1/../../../../arm-none-eabi/lib/thumb/v7-m\libc_nano.a(lib_a-puts.o) (__swbuf_r)
d:/stm32cubeide_1.5.0/stm32cubeide/plugins/com.st.stm32cube.ide.mcu.externaltools.gnu-tools-for-stm32.7-2018-q2-update.win32_1.5.0.202011040924/tools/bin/../lib/gcc/arm-none-eabi/7.3.1/../../../../arm-none-eabi/lib/thumb/v7-m\libc_nano.a(lib_a-wsetup.o)
                              d:/stm32cubeide_1.5.0/stm32cubeide/plugins/com.st.stm32cube.ide.mcu.externaltools.gnu-tools-for-stm32.7-2018-q2-update.win32_1.5.0.202011040924/tools/bin/../lib/gcc/arm-none-eabi/7.3.1/../../../../arm-none-eabi/lib/thumb/v7-m\libc_nano.a(lib_a-puts.o) (__swsetup_r)
d:/stm32cubeide_1.5.0/stm32cubeide/plugins/com.st.stm32cube.ide.mcu.externaltools.gnu-tools-for-stm32.7-2018-q2-update.win32_1.5.0.202011040924/tools/bin/../lib/gcc/arm-none-eabi/7.3.1/../../../../arm-none-eabi/lib/thumb/v7-m\libc_nano.a(lib_a-fflush.o)
[...]
Memory Configuration

Name             Origin             Length             Attributes
RAM              0x0000000020000000 0x0000000000010000 xrw
FLASH            0x0000000008000000 0x0000000000080000 xr
*default*        0x0000000000000000 0xffffffffffffffff

Linker script and memory map

LOAD d:/stm32cubeide_1.5.0/stm32cubeide/plugins/com.st.stm32cube.ide.mcu.externaltools.gnu-tools-for-stm32.7-2018-q2-update.win32_1.5.0.202011040924/tools/bin/../lib/gcc/arm-none-eabi/7.3.1/thumb/v7-m/crti.o
LOAD d:/stm32cubeide_1.5.0/stm32cubeide/plugins/com.st.stm32cube.ide.mcu.externaltools.gnu-tools-for-stm32.7-2018-q2-update.win32_1.5.0.202011040924/tools/bin/../lib/gcc/arm-none-eabi/7.3.1/thumb/v7-m/crtbegin.o
LOAD d:/stm32cubeide_1.5.0/stm32cubeide/plugins/com.st.stm32cube.ide.mcu.externaltools.gnu-tools-for-stm32.7-2018-q2-update.win32_1.5.0.202011040924/tools/bin/../lib/gcc/arm-none-eabi/7.3.1/../../../../arm-none-eabi/lib/thumb/v7-m/crt0.o
LOAD Core/Src/digit_nn/core/fnn.o
LOAD Core/Src/digit_nn/core/image_preprocess.o
LOAD Core/Src/digit_nn/core/perceptron.o
LOAD Core/Src/digit_nn/core/recognizer.o
LOAD Core/Src/digit_nn/generated/FNN_Data.o
LOAD Core/Src/digit_nn/generated/PerceptronData.o
LOAD Core/Src/digit_nn/test/digit_nn_self_test.o
LOAD Core/Src/digit_nn/test/mnist_samples.o
LOAD Core/Src/main.o
LOAD Core/Src/stm32f1xx_hal_msp.o
LOAD Core/Src/stm32f1xx_it.o
LOAD Core/Src/syscalls.o
LOAD Core/Src/sysmem.o
LOAD Core/Src/system_stm32f1xx.o
LOAD Core/Startup/startup_stm32f103vetx.o
LOAD Drivers/STM32F1xx_HAL_Driver/Src/stm32f1xx_hal.o
LOAD Drivers/STM32F1xx_HAL_Driver/Src/stm32f1xx_hal_cortex.o
LOAD Drivers/STM32F1xx_HAL_Driver/Src/stm32f1xx_hal_dma.o
LOAD Drivers/STM32F1xx_HAL_Driver/Src/stm32f1xx_hal_exti.o
LOAD Drivers/STM32F1xx_HAL_Driver/Src/stm32f1xx_hal_flash.o
LOAD Drivers/STM32F1xx_HAL_Driver/Src/stm32f1xx_hal_flash_ex.o
LOAD Drivers/STM32F1xx_HAL_Driver/Src/stm32f1xx_hal_gpio.o
LOAD Drivers/STM32F1xx_HAL_Driver/Src/stm32f1xx_hal_gpio_ex.o
LOAD Drivers/STM32F1xx_HAL_Driver/Src/stm32f1xx_hal_pwr.o
LOAD Drivers/STM32F1xx_HAL_Driver/Src/stm32f1xx_hal_rcc.o
LOAD Drivers/STM32F1xx_HAL_Driver/Src/stm32f1xx_hal_rcc_ex.o
LOAD Drivers/STM32F1xx_HAL_Driver/Src/stm32f1xx_hal_tim.o
LOAD Drivers/STM32F1xx_HAL_Driver/Src/stm32f1xx_hal_tim_ex.o
LOAD Drivers/STM32F1xx_HAL_Driver/Src/stm32f1xx_hal_uart.o
START GROUP
LOAD d:/stm32cubeide_1.5.0/stm32cubeide/plugins/com.st.stm32cube.ide.mcu.externaltools.gnu-tools-for-stm32.7-2018-q2-update.win32_1.5.0.202011040924/tools/bin/../lib/gcc/arm-none-eabi/7.3.1/../../../../arm-none-eabi/lib/thumb/v7-m\libc_nano.a
LOAD d:/stm32cubeide_1.5.0/stm32cubeide/plugins/com.st.stm32cube.ide.mcu.externaltools.gnu-tools-for-stm32.7-2018-q2-update.win32_1.5.0.202011040924/tools/bin/../lib/gcc/arm-none-eabi/7.3.1/../../../../arm-none-eabi/lib/thumb/v7-m\libm.a
END GROUP
START GROUP
LOAD d:/stm32cubeide_1.5.0/stm32cubeide/plugins/com.st.stm32cube.ide.mcu.externaltools.gnu-tools-for-stm32.7-2018-q2-update.win32_1.5.0.202011040924/tools/bin/../lib/gcc/arm-none-eabi/7.3.1/thumb/v7-m\libgcc.a
LOAD d:/stm32cubeide_1.5.0/stm32cubeide/plugins/com.st.stm32cube.ide.mcu.externaltools.gnu-tools-for-stm32.7-2018-q2-update.win32_1.5.0.202011040924/tools/bin/../lib/gcc/arm-none-eabi/7.3.1/../../../../arm-none-eabi/lib/thumb/v7-m\libc_nano.a
END GROUP
START GROUP
LOAD d:/stm32cubeide_1.5.0/stm32cubeide/plugins/com.st.stm32cube.ide.mcu.externaltools.gnu-tools-for-stm32.7-2018-q2-update.win32_1.5.0.202011040924/tools/bin/../lib/gcc/arm-none-eabi/7.3.1/thumb/v7-m\libgcc.a
LOAD d:/stm32cubeide_1.5.0/stm32cubeide/plugins/com.st.stm32cube.ide.mcu.externaltools.gnu-tools-for-stm32.7-2018-q2-update.win32_1.5.0.202011040924/tools/bin/../lib/gcc/arm-none-eabi/7.3.1/../../../../arm-none-eabi/lib/thumb/v7-m\libc_nano.a
LOAD d:/stm32cubeide_1.5.0/stm32cubeide/plugins/com.st.stm32cube.ide.mcu.externaltools.gnu-tools-for-stm32.7-2018-q2-update.win32_1.5.0.202011040924/tools/bin/../lib/gcc/arm-none-eabi/7.3.1/../../../../arm-none-eabi/lib/thumb/v7-m\libnosys.a
END GROUP
START GROUP
LOAD d:/stm32cubeide_1.5.0/stm32cubeide/plugins/com.st.stm32cube.ide.mcu.externaltools.gnu-tools-for-stm32.7-2018-q2-update.win32_1.5.0.202011040924/tools/bin/../lib/gcc/arm-none-eabi/7.3.1/thumb/v7-m\libgcc.a
LOAD d:/stm32cubeide_1.5.0/stm32cubeide/plugins/com.st.stm32cube.ide.mcu.externaltools.gnu-tools-for-stm32.7-2018-q2-update.win32_1.5.0.202011040924/tools/bin/../lib/gcc/arm-none-eabi/7.3.1/../../../../arm-none-eabi/lib/thumb/v7-m\libc_nano.a
LOAD d:/stm32cubeide_1.5.0/stm32cubeide/plugins/com.st.stm32cube.ide.mcu.externaltools.gnu-tools-for-stm32.7-2018-q2-update.win32_1.5.0.202011040924/tools/bin/../lib/gcc/arm-none-eabi/7.3.1/../../../../arm-none-eabi/lib/thumb/v7-m\libnosys.a
END GROUP
LOAD d:/stm32cubeide_1.5.0/stm32cubeide/plugins/com.st.stm32cube.ide.mcu.externaltools.gnu-tools-for-stm32.7-2018-q2-update.win32_1.5.0.202011040924/tools/bin/../lib/gcc/arm-none-eabi/7.3.1/thumb/v7-m/crtend.o
LOAD d:/stm32cubeide_1.5.0/stm32cubeide/plugins/com.st.stm32cube.ide.mcu.externaltools.gnu-tools-for-stm32.7-2018-q2-update.win32_1.5.0.202011040924/tools/bin/../lib/gcc/arm-none-eabi/7.3.1/thumb/v7-m/crtn.o
                0x0000000020010000                _estack = (ORIGIN (RAM) + LENGTH (RAM))
                0x0000000000000200                _Min_Heap_Size = 0x200
                0x0000000000000400                _Min_Stack_Size = 0x400

.isr_vector     0x0000000008000000      0x1e4
                0x0000000008000000                . = ALIGN (0x4)
 *(.isr_vector)
 .isr_vector    0x0000000008000000      0x1e4 Core/Startup/startup_stm32f103vetx.o
                0x0000000008000000                g_pfnVectors
                0x00000000080001e4                . = ALIGN (0x4)

.text           0x00000000080001e4     0x2b84
                0x00000000080001e4                . = ALIGN (0x4)
 *(.text)
 .text          0x00000000080001e4       0x40 d:/stm32cubeide_1.5.0/stm32cubeide/plugins/com.st.stm32cube.ide.mcu.externaltools.gnu-tools-for-stm32.7-2018-q2-update.win32_1.5.0.202011040924/tools/bin/../lib/gcc/arm-none-eabi/7.3.1/thumb/v7-m/crtbegin.o
 *(.text*)
 .text.fnn_predict
                0x0000000008000224      0x13c Core/Src/digit_nn/core/fnn.o
                0x0000000008000224                fnn_predict
 .text.find_top2
                0x0000000008000360       0xa6 Core/Src/digit_nn/core/fnn.o
 .text.estimate_confidence_q100
                0x0000000008000406       0x5c Core/Src/digit_nn/core/fnn.o
 .text.preprocess_is_empty
                0x0000000008000462       0x40 Core/Src/digit_nn/core/image_preprocess.o
                0x0000000008000462                preprocess_is_empty
 *fill*         0x00000000080004a2        0x2 
 .text.perceptron_predict
                0x00000000080004a4       0xcc Core/Src/digit_nn/core/perceptron.o
                0x00000000080004a4                perceptron_predict
 .text.find_top2
                0x0000000008000570       0xa6 Core/Src/digit_nn/core/perceptron.o
 .text.estimate_confidence_q100
                0x0000000008000616       0x5c Core/Src/digit_nn/core/perceptron.o
 *fill*         0x0000000008000672        0x2 
 .text.recognizer_set_model
                0x0000000008000674       0x2c Core/Src/digit_nn/core/recognizer.o
                0x0000000008000674                recognizer_set_model
 .text.recognizer_predict
                0x00000000080006a0       0x98 Core/Src/digit_nn/core/recognizer.o
                0x00000000080006a0                recognizer_predict
 .text.digit_nn_self_test_run
                0x0000000008000738      0x138 Core/Src/digit_nn/test/digit_nn_self_test.o
                0x0000000008000738                digit_nn_self_test_run
 .text.main     0x0000000008000870       0x1e Core/Src/main.o
                0x0000000008000870                main
 .text.SystemClock_Config
                0x000000000800088e       0x76 Core/Src/main.o
                0x000000000800088e                SystemClock_Config
 .text.MX_USART1_UART_Init
                0x0000000008000904       0x54 Core/Src/main.o
 .text.MX_GPIO_Init
                0x0000000008000958       0x2c Core/Src/main.o
 .text.__io_putchar
                0x0000000008000984       0x24 Core/Src/main.o
                0x0000000008000984                __io_putchar
 .text.Print_DigitNN_SelfTestResults
                0x00000000080009a8       0x98 Core/Src/main.o
 .text.Error_Handler
                0x0000000008000a40        0x8 Core/Src/main.o
                0x0000000008000a40                Error_Handler
 .text.HAL_MspInit
                0x0000000008000a48       0x64 Core/Src/stm32f1xx_hal_msp.o
                0x0000000008000a48                HAL_MspInit
 .text.HAL_UART_MspInit
                0x0000000008000aac       0x98 Core/Src/stm32f1xx_hal_msp.o
                0x0000000008000aac                HAL_UART_MspInit
 .text.NMI_Handler
                0x0000000008000b44        0x6 Core/Src/stm32f1xx_it.o
                0x0000000008000b44                NMI_Handler
 .text.HardFault_Handler
                0x0000000008000b4a        0x6 Core/Src/stm32f1xx_it.o
                0x0000000008000b4a                HardFault_Handler
 .text.MemManage_Handler
                0x0000000008000b50        0x6 Core/Src/stm32f1xx_it.o
                0x0000000008000b50                MemManage_Handler
 .text.BusFault_Handler
                0x0000000008000b56        0x6 Core/Src/stm32f1xx_it.o
                0x0000000008000b56                BusFault_Handler
 .text.UsageFault_Handler
                0x0000000008000b5c        0x6 Core/Src/stm32f1xx_it.o
                0x0000000008000b5c                UsageFault_Handler
 .text.SVC_Handler
                0x0000000008000b62        0xc Core/Src/stm32f1xx_it.o
                0x0000000008000b62                SVC_Handler
 .text.DebugMon_Handler
                0x0000000008000b6e        0xc Core/Src/stm32f1xx_it.o
                0x0000000008000b6e                DebugMon_Handler
 .text.PendSV_Handler
                0x0000000008000b7a        0xc Core/Src/stm32f1xx_it.o
                0x0000000008000b7a                PendSV_Handler
 .text.SysTick_Handler
                0x0000000008000b86        0xc Core/Src/stm32f1xx_it.o
                0x0000000008000b86                SysTick_Handler
 .text._read    0x0000000008000b92       0x3a Core/Src/syscalls.o
                0x0000000008000b92                _read
 .text._write   0x0000000008000bcc       0x38 Core/Src/syscalls.o
                0x0000000008000bcc                _write
 .text._close   0x0000000008000c04       0x16 Core/Src/syscalls.o
                0x0000000008000c04                _close
 .text._fstat   0x0000000008000c1a       0x1e Core/Src/syscalls.o
                0x0000000008000c1a                _fstat
 .text._isatty  0x0000000008000c38       0x14 Core/Src/syscalls.o
                0x0000000008000c38                _isatty
 .text._lseek   0x0000000008000c4c       0x18 Core/Src/syscalls.o
                0x0000000008000c4c                _lseek
 .text._sbrk    0x0000000008000c64       0x6c Core/Src/sysmem.o
                0x0000000008000c64                _sbrk
 .text.SystemInit
                0x0000000008000cd0        0xc Core/Src/system_stm32f1xx.o
                0x0000000008000cd0                SystemInit
 .text.Reset_Handler
                0x0000000008000cdc       0x48 Core/Startup/startup_stm32f103vetx.o
                0x0000000008000cdc                Reset_Handler
 .text.Default_Handler
                0x0000000008000d24        0x2 Core/Startup/startup_stm32f103vetx.o
                0x0000000008000d24                RTC_Alarm_IRQHandler
                0x0000000008000d24                EXTI2_IRQHandler
                0x0000000008000d24                TIM8_TRG_COM_IRQHandler
                0x0000000008000d24                TIM8_CC_IRQHandler
                0x0000000008000d24                TIM1_CC_IRQHandler
                0x0000000008000d24                TIM6_IRQHandler
                0x0000000008000d24                PVD_IRQHandler
                0x0000000008000d24                SDIO_IRQHandler
                0x0000000008000d24                EXTI3_IRQHandler
                0x0000000008000d24                EXTI0_IRQHandler
                0x0000000008000d24                I2C2_EV_IRQHandler
                0x0000000008000d24                ADC1_2_IRQHandler
                0x0000000008000d24                SPI1_IRQHandler
                0x0000000008000d24                TAMPER_IRQHandler
                0x0000000008000d24                TIM8_UP_IRQHandler
                0x0000000008000d24                DMA2_Channel2_IRQHandler
                0x0000000008000d24                DMA1_Channel4_IRQHandler
                0x0000000008000d24                USART3_IRQHandler
                0x0000000008000d24                RTC_IRQHandler
                0x0000000008000d24                DMA1_Channel7_IRQHandler
                0x0000000008000d24                CAN1_RX1_IRQHandler
                0x0000000008000d24                UART5_IRQHandler
                0x0000000008000d24                ADC3_IRQHandler
                0x0000000008000d24                TIM4_IRQHandler
                0x0000000008000d24                DMA2_Channel1_IRQHandler
                0x0000000008000d24                I2C1_EV_IRQHandler
                0x0000000008000d24                DMA1_Channel6_IRQHandler
                0x0000000008000d24                UART4_IRQHandler
                0x0000000008000d24                TIM3_IRQHandler
                0x0000000008000d24                RCC_IRQHandler
                0x0000000008000d24                TIM1_TRG_COM_IRQHandler
                0x0000000008000d24                DMA1_Channel1_IRQHandler
                0x0000000008000d24                Default_Handler
                0x0000000008000d24                EXTI15_10_IRQHandler
                0x0000000008000d24                TIM7_IRQHandler
                0x0000000008000d24                TIM5_IRQHandler
                0x0000000008000d24                EXTI9_5_IRQHandler
                0x0000000008000d24                SPI2_IRQHandler
                0x0000000008000d24                DMA1_Channel5_IRQHandler
                0x0000000008000d24                EXTI4_IRQHandler
                0x0000000008000d24                USB_LP_CAN1_RX0_IRQHandler
                0x0000000008000d24                USB_HP_CAN1_TX_IRQHandler
                0x0000000008000d24                DMA1_Channel3_IRQHandler
                0x0000000008000d24                FSMC_IRQHandler
                0x0000000008000d24                TIM1_UP_IRQHandler
                0x0000000008000d24                WWDG_IRQHandler
                0x0000000008000d24                TIM2_IRQHandler
                0x0000000008000d24                TIM1_BRK_IRQHandler
                0x0000000008000d24                EXTI1_IRQHandler
                0x0000000008000d24                DMA2_Channel4_5_IRQHandler
                0x0000000008000d24                USART2_IRQHandler
                0x0000000008000d24                I2C2_ER_IRQHandler
                0x0000000008000d24                DMA1_Channel2_IRQHandler
                0x0000000008000d24                TIM8_BRK_IRQHandler
                0x0000000008000d24                CAN1_SCE_IRQHandler
                0x0000000008000d24                FLASH_IRQHandler
                0x0000000008000d24                USART1_IRQHandler
                0x0000000008000d24                SPI3_IRQHandler
                0x0000000008000d24                I2C1_ER_IRQHandler
                0x0000000008000d24                USBWakeUp_IRQHandler
                0x0000000008000d24                DMA2_Channel3_IRQHandler
 *fill*         0x0000000008000d26        0x2 
 .text.HAL_Init
                0x0000000008000d28       0x2c Drivers/STM32F1xx_HAL_Driver/Src/stm32f1xx_hal.o
                0x0000000008000d28                HAL_Init
 .text.HAL_InitTick
                0x0000000008000d54       0x60 Drivers/STM32F1xx_HAL_Driver/Src/stm32f1xx_hal.o
                0x0000000008000d54                HAL_InitTick
 .text.HAL_IncTick
                0x0000000008000db4       0x24 Drivers/STM32F1xx_HAL_Driver/Src/stm32f1xx_hal.o
                0x0000000008000db4                HAL_IncTick
 .text.HAL_GetTick
                0x0000000008000dd8       0x14 Drivers/STM32F1xx_HAL_Driver/Src/stm32f1xx_hal.o
                0x0000000008000dd8                HAL_GetTick
 .text.__NVIC_SetPriorityGrouping
                0x0000000008000dec       0x48 Drivers/STM32F1xx_HAL_Driver/Src/stm32f1xx_hal_cortex.o
 .text.__NVIC_GetPriorityGrouping
                0x0000000008000e34       0x1c Drivers/STM32F1xx_HAL_Driver/Src/stm32f1xx_hal_cortex.o
 .text.__NVIC_SetPriority
                0x0000000008000e50       0x54 Drivers/STM32F1xx_HAL_Driver/Src/stm32f1xx_hal_cortex.o
 .text.NVIC_EncodePriority
                0x0000000008000ea4       0x64 Drivers/STM32F1xx_HAL_Driver/Src/stm32f1xx_hal_cortex.o
 .text.SysTick_Config
                0x0000000008000f08       0x44 Drivers/STM32F1xx_HAL_Driver/Src/stm32f1xx_hal_cortex.o
 .text.HAL_NVIC_SetPriorityGrouping
                0x0000000008000f4c       0x16 Drivers/STM32F1xx_HAL_Driver/Src/stm32f1xx_hal_cortex.o
                0x0000000008000f4c                HAL_NVIC_SetPriorityGrouping
 .text.HAL_NVIC_SetPriority
                0x0000000008000f62       0x38 Drivers/STM32F1xx_HAL_Driver/Src/stm32f1xx_hal_cortex.o
                0x0000000008000f62                HAL_NVIC_SetPriority
 .text.HAL_SYSTICK_Config
                0x0000000008000f9a       0x18 Drivers/STM32F1xx_HAL_Driver/Src/stm32f1xx_hal_cortex.o
                0x0000000008000f9a                HAL_SYSTICK_Config
 *fill*         0x0000000008000fb2        0x2 
 .text.HAL_GPIO_Init
                0x0000000008000fb4      0x2d4 Drivers/STM32F1xx_HAL_Driver/Src/stm32f1xx_hal_gpio.o
                0x0000000008000fb4                HAL_GPIO_Init
 .text.HAL_RCC_OscConfig
                0x0000000008001288      0x500 Drivers/STM32F1xx_HAL_Driver/Src/stm32f1xx_hal_rcc.o
                0x0000000008001288                HAL_RCC_OscConfig
 .text.HAL_RCC_ClockConfig
                0x0000000008001788      0x1d4 Drivers/STM32F1xx_HAL_Driver/Src/stm32f1xx_hal_rcc.o
                0x0000000008001788                HAL_RCC_ClockConfig
 .text.HAL_RCC_GetSysClockFreq
                0x000000000800195c       0xc4 Drivers/STM32F1xx_HAL_Driver/Src/stm32f1xx_hal_rcc.o
                0x000000000800195c                HAL_RCC_GetSysClockFreq
 .text.HAL_RCC_GetHCLKFreq
                0x0000000008001a20       0x14 Drivers/STM32F1xx_HAL_Driver/Src/stm32f1xx_hal_rcc.o
                0x0000000008001a20                HAL_RCC_GetHCLKFreq
 .text.HAL_RCC_GetPCLK1Freq
                0x0000000008001a34       0x28 Drivers/STM32F1xx_HAL_Driver/Src/stm32f1xx_hal_rcc.o
                0x0000000008001a34                HAL_RCC_GetPCLK1Freq
 .text.HAL_RCC_GetPCLK2Freq
                0x0000000008001a5c       0x28 Drivers/STM32F1xx_HAL_Driver/Src/stm32f1xx_hal_rcc.o
                0x0000000008001a5c                HAL_RCC_GetPCLK2Freq
 .text.RCC_Delay
                0x0000000008001a84       0x3c Drivers/STM32F1xx_HAL_Driver/Src/stm32f1xx_hal_rcc.o
 .text.HAL_UART_Init
                0x0000000008001ac0       0x9a Drivers/STM32F1xx_HAL_Driver/Src/stm32f1xx_hal_uart.o
                0x0000000008001ac0                HAL_UART_Init
 .text.HAL_UART_Transmit
                0x0000000008001b5a      0x124 Drivers/STM32F1xx_HAL_Driver/Src/stm32f1xx_hal_uart.o
                0x0000000008001b5a                HAL_UART_Transmit
 .text.UART_WaitOnFlagUntilTimeout
                0x0000000008001c7e       0x94 Drivers/STM32F1xx_HAL_Driver/Src/stm32f1xx_hal_uart.o
 *fill*         0x0000000008001d12        0x2 
 .text.UART_SetConfig
                0x0000000008001d14      0x11c Drivers/STM32F1xx_HAL_Driver/Src/stm32f1xx_hal_uart.o
 .text.__errno  0x0000000008001e30        0xc d:/stm32cubeide_1.5.0/stm32cubeide/plugins/com.st.stm32cube.ide.mcu.externaltools.gnu-tools-for-stm32.7-2018-q2-update.win32_1.5.0.202011040924/tools/bin/../lib/gcc/arm-none-eabi/7.3.1/../../../../arm-none-eabi/lib/thumb/v7-m\libc_nano.a(lib_a-errno.o)
                0x0000000008001e30                __errno
 .text.__libc_init_array
                0x0000000008001e3c       0x48 d:/stm32cubeide_1.5.0/stm32cubeide/plugins/com.st.stm32cube.ide.mcu.externaltools.gnu-tools-for-stm32.7-2018-q2-update.win32_1.5.0.202011040924/tools/bin/../lib/gcc/arm-none-eabi/7.3.1/../../../../arm-none-eabi/lib/thumb/v7-m\libc_nano.a(lib_a-init.o)
                0x0000000008001e3c                __libc_init_array
 .text.memcpy   0x0000000008001e84       0x16 d:/stm32cubeide_1.5.0/stm32cubeide/plugins/com.st.stm32cube.ide.mcu.externaltools.gnu-tools-for-stm32.7-2018-q2-update.win32_1.5.0.202011040924/tools/bin/../lib/gcc/arm-none-eabi/7.3.1/../../../../arm-none-eabi/lib/thumb/v7-m\libc_nano.a(lib_a-memcpy-stub.o)
                0x0000000008001e84                memcpy
 .text.memset   0x0000000008001e9a       0x10 d:/stm32cubeide_1.5.0/stm32cubeide/plugins/com.st.stm32cube.ide.mcu.externaltools.gnu-tools-for-stm32.7-2018-q2-update.win32_1.5.0.202011040924/tools/bin/../lib/gcc/arm-none-eabi/7.3.1/../../../../arm-none-eabi/lib/thumb/v7-m\libc_nano.a(lib_a-memset.o)
                0x0000000008001e9a                memset
 *fill*         0x0000000008001eaa        0x2 
 .text.printf   0x0000000008001eac       0x30 d:/stm32cubeide_1.5.0/stm32cubeide/plugins/com.st.stm32cube.ide.mcu.externaltools.gnu-tools-for-stm32.7-2018-q2-update.win32_1.5.0.202011040924/tools/bin/../lib/gcc/arm-none-eabi/7.3.1/../../../../arm-none-eabi/lib/thumb/v7-m\libc_nano.a(lib_a-printf.o)
                0x0000000008001eac                iprintf
                0x0000000008001eac                printf
 .text._puts_r  0x0000000008001edc       0xb8 d:/stm32cubeide_1.5.0/stm32cubeide/plugins/com.st.stm32cube.ide.mcu.externaltools.gnu-tools-for-stm32.7-2018-q2-update.win32_1.5.0.202011040924/tools/bin/../lib/gcc/arm-none-eabi/7.3.1/../../../../arm-none-eabi/lib/thumb/v7-m\libc_nano.a(lib_a-puts.o)
                0x0000000008001edc                _puts_r
 .text.puts     0x0000000008001f94       0x10 d:/stm32cubeide_1.5.0/stm32cubeide/plugins/com.st.stm32cube.ide.mcu.externaltools.gnu-tools-for-stm32.7-2018-q2-update.win32_1.5.0.202011040924/tools/bin/../lib/gcc/arm-none-eabi/7.3.1/../../../../arm-none-eabi/lib/thumb/v7-m\libc_nano.a(lib_a-puts.o)
                0x0000000008001f94                puts
 .text.__swbuf_r
                0x0000000008001fa4       0xa4 d:/stm32cubeide_1.5.0/stm32cubeide/plugins/com.st.stm32cube.ide.mcu.externaltools.gnu-tools-for-stm32.7-2018-q2-update.win32_1.5.0.202011040924/tools/bin/../lib/gcc/arm-none-eabi/7.3.1/../../../../arm-none-eabi/lib/thumb/v7-m\libc_nano.a(lib_a-wbuf.o)
                0x0000000008001fa4                __swbuf_r
 .text.__swsetup_r
                0x0000000008002048       0xdc d:/stm32cubeide_1.5.0/stm32cubeide/plugins/com.st.stm32cube.ide.mcu.externaltools.gnu-tools-for-stm32.7-2018-q2-update.win32_1.5.0.202011040924/tools/bin/../lib/gcc/arm-none-eabi/7.3.1/../../../../arm-none-eabi/lib/thumb/v7-m\libc_nano.a(lib_a-wsetup.o)
                0x0000000008002048                __swsetup_r
 .text.__sflush_r
                0x0000000008002124      0x10c d:/stm32cubeide_1.5.0/stm32cubeide/plugins/com.st.stm32cube.ide.mcu.externaltools.gnu-tools-for-stm32.7-2018-q2-update.win32_1.5.0.202011040924/tools/bin/../lib/gcc/arm-none-eabi/7.3.1/../../../../arm-none-eabi/lib/thumb/v7-m\libc_nano.a(lib_a-fflush.o)
                0x0000000008002124                __sflush_r
 .text._fflush_r
                0x0000000008002230       0x54 d:/stm32cubeide_1.5.0/stm32cubeide/plugins/com.st.stm32cube.ide.mcu.externaltools.gnu-tools-for-stm32.7-2018-q2-update.win32_1.5.0.202011040924/tools/bin/../lib/gcc/arm-none-eabi/7.3.1/../../../../arm-none-eabi/lib/thumb/v7-m\libc_nano.a(lib_a-fflush.o)
                0x0000000008002230                _fflush_r
 .text.std      0x0000000008002284       0x48 d:/stm32cubeide_1.5.0/stm32cubeide/plugins/com.st.stm32cube.ide.mcu.externaltools.gnu-tools-for-stm32.7-2018-q2-update.win32_1.5.0.202011040924/tools/bin/../lib/gcc/arm-none-eabi/7.3.1/../../../../arm-none-eabi/lib/thumb/v7-m\libc_nano.a(lib_a-findfp.o)
 .text._cleanup_r
                0x00000000080022cc        0xc d:/stm32cubeide_1.5.0/stm32cubeide/plugins/com.st.stm32cube.ide.mcu.externaltools.gnu-tools-for-stm32.7-2018-q2-update.win32_1.5.0.202011040924/tools/bin/../lib/gcc/arm-none-eabi/7.3.1/../../../../arm-none-eabi/lib/thumb/v7-m\libc_nano.a(lib_a-findfp.o)
                0x00000000080022cc                _cleanup_r
 .text.__sfmoreglue
                0x00000000080022d8       0x2c d:/stm32cubeide_1.5.0/stm32cubeide/plugins/com.st.stm32cube.ide.mcu.externaltools.gnu-tools-for-stm32.7-2018-q2-update.win32_1.5.0.202011040924/tools/bin/../lib/gcc/arm-none-eabi/7.3.1/../../../../arm-none-eabi/lib/thumb/v7-m\libc_nano.a(lib_a-findfp.o)
                0x00000000080022d8                __sfmoreglue
 .text.__sinit  0x0000000008002304       0x60 d:/stm32cubeide_1.5.0/stm32cubeide/plugins/com.st.stm32cube.ide.mcu.externaltools.gnu-tools-for-stm32.7-2018-q2-update.win32_1.5.0.202011040924/tools/bin/../lib/gcc/arm-none-eabi/7.3.1/../../../../arm-none-eabi/lib/thumb/v7-m\libc_nano.a(lib_a-findfp.o)
                0x0000000008002304                __sinit
 .text.__sfp    0x0000000008002364       0x78 d:/stm32cubeide_1.5.0/stm32cubeide/plugins/com.st.stm32cube.ide.mcu.externaltools.gnu-tools-for-stm32.7-2018-q2-update.win32_1.5.0.202011040924/tools/bin/../lib/gcc/arm-none-eabi/7.3.1/../../../../arm-none-eabi/lib/thumb/v7-m\libc_nano.a(lib_a-findfp.o)
                0x0000000008002364                __sfp
 .text._fwalk_reent
                0x00000000080023dc       0x3c d:/stm32cubeide_1.5.0/stm32cubeide/plugins/com.st.stm32cube.ide.mcu.externaltools.gnu-tools-for-stm32.7-2018-q2-update.win32_1.5.0.202011040924/tools/bin/../lib/gcc/arm-none-eabi/7.3.1/../../../../arm-none-eabi/lib/thumb/v7-m\libc_nano.a(lib_a-fwalk.o)
                0x00000000080023dc                _fwalk_reent
 .text.__swhatbuf_r
                0x0000000008002418       0x48 d:/stm32cubeide_1.5.0/stm32cubeide/plugins/com.st.stm32cube.ide.mcu.externaltools.gnu-tools-for-stm32.7-2018-q2-update.win32_1.5.0.202011040924/tools/bin/../lib/gcc/arm-none-eabi/7.3.1/../../../../arm-none-eabi/lib/thumb/v7-m\libc_nano.a(lib_a-makebuf.o)
                0x0000000008002418                __swhatbuf_r
 .text.__smakebuf_r
                0x0000000008002460       0x80 d:/stm32cubeide_1.5.0/stm32cubeide/plugins/com.st.stm32cube.ide.mcu.externaltools.gnu-tools-for-stm32.7-2018-q2-update.win32_1.5.0.202011040924/tools/bin/../lib/gcc/arm-none-eabi/7.3.1/../../../../arm-none-eabi/lib/thumb/v7-m\libc_nano.a(lib_a-makebuf.o)
                0x0000000008002460                __smakebuf_r
 .text._free_r  0x00000000080024e0       0x98 d:/stm32cubeide_1.5.0/stm32cubeide/plugins/com.st.stm32cube.ide.mcu.externaltools.gnu-tools-for-stm32.7-2018-q2-update.win32_1.5.0.202011040924/tools/bin/../lib/gcc/arm-none-eabi/7.3.1/../../../../arm-none-eabi/lib/thumb/v7-m\libc_nano.a(lib_a-nano-freer.o)
                0x00000000080024e0                _free_r
 .text._malloc_r
                0x0000000008002578       0xb4 d:/stm32cubeide_1.5.0/stm32cubeide/plugins/com.st.stm32cube.ide.mcu.externaltools.gnu-tools-for-stm32.7-2018-q2-update.win32_1.5.0.202011040924/tools/bin/../lib/gcc/arm-none-eabi/7.3.1/../../../../arm-none-eabi/lib/thumb/v7-m\libc_nano.a(lib_a-nano-mallocr.o)
                0x0000000008002578                _malloc_r
 .text.__sfputc_r
                0x000000000800262c       0x2a d:/stm32cubeide_1.5.0/stm32cubeide/plugins/com.st.stm32cube.ide.mcu.externaltools.gnu-tools-for-stm32.7-2018-q2-update.win32_1.5.0.202011040924/tools/bin/../lib/gcc/arm-none-eabi/7.3.1/../../../../arm-none-eabi/lib/thumb/v7-m\libc_nano.a(lib_a-nano-vfprintf.o)
 .text.__sfputs_r
                0x0000000008002656       0x24 d:/stm32cubeide_1.5.0/stm32cubeide/plugins/com.st.stm32cube.ide.mcu.externaltools.gnu-tools-for-stm32.7-2018-q2-update.win32_1.5.0.202011040924/tools/bin/../lib/gcc/arm-none-eabi/7.3.1/../../../../arm-none-eabi/lib/thumb/v7-m\libc_nano.a(lib_a-nano-vfprintf.o)
                0x0000000008002656                __sfputs_r
 *fill*         0x000000000800267a        0x2 
 .text._vfprintf_r
                0x000000000800267c      0x22c d:/stm32cubeide_1.5.0/stm32cubeide/plugins/com.st.stm32cube.ide.mcu.externaltools.gnu-tools-for-stm32.7-2018-q2-update.win32_1.5.0.202011040924/tools/bin/../lib/gcc/arm-none-eabi/7.3.1/../../../../arm-none-eabi/lib/thumb/v7-m\libc_nano.a(lib_a-nano-vfprintf.o)
                0x000000000800267c                _vfprintf_r
                0x000000000800267c                _vfiprintf_r
 .text._printf_common
                0x00000000080028a8       0xec d:/stm32cubeide_1.5.0/stm32cubeide/plugins/com.st.stm32cube.ide.mcu.externaltools.gnu-tools-for-stm32.7-2018-q2-update.win32_1.5.0.202011040924/tools/bin/../lib/gcc/arm-none-eabi/7.3.1/../../../../arm-none-eabi/lib/thumb/v7-m\libc_nano.a(lib_a-nano-vfprintf_i.o)
                0x00000000080028a8                _printf_common
 .text._printf_i
                0x0000000008002994      0x224 d:/stm32cubeide_1.5.0/stm32cubeide/plugins/com.st.stm32cube.ide.mcu.externaltools.gnu-tools-for-stm32.7-2018-q2-update.win32_1.5.0.202011040924/tools/bin/../lib/gcc/arm-none-eabi/7.3.1/../../../../arm-none-eabi/lib/thumb/v7-m\libc_nano.a(lib_a-nano-vfprintf_i.o)
                0x0000000008002994                _printf_i
 .text._sbrk_r  0x0000000008002bb8       0x20 d:/stm32cubeide_1.5.0/stm32cubeide/plugins/com.st.stm32cube.ide.mcu.externaltools.gnu-tools-for-stm32.7-2018-q2-update.win32_1.5.0.202011040924/tools/bin/../lib/gcc/arm-none-eabi/7.3.1/../../../../arm-none-eabi/lib/thumb/v7-m\libc_nano.a(lib_a-sbrkr.o)
                0x0000000008002bb8                _sbrk_r
 .text.__sread  0x0000000008002bd8       0x22 d:/stm32cubeide_1.5.0/stm32cubeide/plugins/com.st.stm32cube.ide.mcu.externaltools.gnu-tools-for-stm32.7-2018-q2-update.win32_1.5.0.202011040924/tools/bin/../lib/gcc/arm-none-eabi/7.3.1/../../../../arm-none-eabi/lib/thumb/v7-m\libc_nano.a(lib_a-stdio.o)
                0x0000000008002bd8                __sread
 .text.__swrite
                0x0000000008002bfa       0x38 d:/stm32cubeide_1.5.0/stm32cubeide/plugins/com.st.stm32cube.ide.mcu.externaltools.gnu-tools-for-stm32.7-2018-q2-update.win32_1.5.0.202011040924/tools/bin/../lib/gcc/arm-none-eabi/7.3.1/../../../../arm-none-eabi/lib/thumb/v7-m\libc_nano.a(lib_a-stdio.o)
                0x0000000008002bfa                __swrite
 .text.__sseek  0x0000000008002c32       0x24 d:/stm32cubeide_1.5.0/stm32cubeide/plugins/com.st.stm32cube.ide.mcu.externaltools.gnu-tools-for-stm32.7-2018-q2-update.win32_1.5.0.202011040924/tools/bin/../lib/gcc/arm-none-eabi/7.3.1/../../../../arm-none-eabi/lib/thumb/v7-m\libc_nano.a(lib_a-stdio.o)
                0x0000000008002c32                __sseek
 .text.__sclose
                0x0000000008002c56        0x8 d:/stm32cubeide_1.5.0/stm32cubeide/plugins/com.st.stm32cube.ide.mcu.externaltools.gnu-tools-for-stm32.7-2018-q2-update.win32_1.5.0.202011040924/tools/bin/../lib/gcc/arm-none-eabi/7.3.1/../../../../arm-none-eabi/lib/thumb/v7-m\libc_nano.a(lib_a-stdio.o)
                0x0000000008002c56                __sclose
 *fill*         0x0000000008002c5e        0x2 
 .text._write_r
                0x0000000008002c60       0x24 d:/stm32cubeide_1.5.0/stm32cubeide/plugins/com.st.stm32cube.ide.mcu.externaltools.gnu-tools-for-stm32.7-2018-q2-update.win32_1.5.0.202011040924/tools/bin/../lib/gcc/arm-none-eabi/7.3.1/../../../../arm-none-eabi/lib/thumb/v7-m\libc_nano.a(lib_a-writer.o)
                0x0000000008002c60                _write_r
 .text._close_r
                0x0000000008002c84       0x20 d:/stm32cubeide_1.5.0/stm32cubeide/plugins/com.st.stm32cube.ide.mcu.externaltools.gnu-tools-for-stm32.7-2018-q2-update.win32_1.5.0.202011040924/tools/bin/../lib/gcc/arm-none-eabi/7.3.1/../../../../arm-none-eabi/lib/thumb/v7-m\libc_nano.a(lib_a-closer.o)
                0x0000000008002c84                _close_r
 .text._fstat_r
                0x0000000008002ca4       0x24 d:/stm32cubeide_1.5.0/stm32cubeide/plugins/com.st.stm32cube.ide.mcu.externaltools.gnu-tools-for-stm32.7-2018-q2-update.win32_1.5.0.202011040924/tools/bin/../lib/gcc/arm-none-eabi/7.3.1/../../../../arm-none-eabi/lib/thumb/v7-m\libc_nano.a(lib_a-fstatr.o)
                0x0000000008002ca4                _fstat_r
 .text._isatty_r
                0x0000000008002cc8       0x20 d:/stm32cubeide_1.5.0/stm32cubeide/plugins/com.st.stm32cube.ide.mcu.externaltools.gnu-tools-for-stm32.7-2018-q2-update.win32_1.5.0.202011040924/tools/bin/../lib/gcc/arm-none-eabi/7.3.1/../../../../arm-none-eabi/lib/thumb/v7-m\libc_nano.a(lib_a-isattyr.o)
                0x0000000008002cc8                _isatty_r
 .text._lseek_r
                0x0000000008002ce8       0x24 d:/stm32cubeide_1.5.0/stm32cubeide/plugins/com.st.stm32cube.ide.mcu.externaltools.gnu-tools-for-stm32.7-2018-q2-update.win32_1.5.0.202011040924/tools/bin/../lib/gcc/arm-none-eabi/7.3.1/../../../../arm-none-eabi/lib/thumb/v7-m\libc_nano.a(lib_a-lseekr.o)
                0x0000000008002ce8                _lseek_r
 .text.memchr   0x0000000008002d0c       0x1c d:/stm32cubeide_1.5.0/stm32cubeide/plugins/com.st.stm32cube.ide.mcu.externaltools.gnu-tools-for-stm32.7-2018-q2-update.win32_1.5.0.202011040924/tools/bin/../lib/gcc/arm-none-eabi/7.3.1/../../../../arm-none-eabi/lib/thumb/v7-m\libc_nano.a(lib_a-memchr-stub.o)
                0x0000000008002d0c                memchr
 .text.__malloc_lock
                0x0000000008002d28        0x2 d:/stm32cubeide_1.5.0/stm32cubeide/plugins/com.st.stm32cube.ide.mcu.externaltools.gnu-tools-for-stm32.7-2018-q2-update.win32_1.5.0.202011040924/tools/bin/../lib/gcc/arm-none-eabi/7.3.1/../../../../arm-none-eabi/lib/thumb/v7-m\libc_nano.a(lib_a-mlock.o)
                0x0000000008002d28                __malloc_lock
 .text.__malloc_unlock
                0x0000000008002d2a        0x2 d:/stm32cubeide_1.5.0/stm32cubeide/plugins/com.st.stm32cube.ide.mcu.externaltools.gnu-tools-for-stm32.7-2018-q2-update.win32_1.5.0.202011040924/tools/bin/../lib/gcc/arm-none-eabi/7.3.1/../../../../arm-none-eabi/lib/thumb/v7-m\libc_nano.a(lib_a-mlock.o)
                0x0000000008002d2a                __malloc_unlock
 .text._read_r  0x0000000008002d2c       0x24 d:/stm32cubeide_1.5.0/stm32cubeide/plugins/com.st.stm32cube.ide.mcu.externaltools.gnu-tools-for-stm32.7-2018-q2-update.win32_1.5.0.202011040924/tools/bin/../lib/gcc/arm-none-eabi/7.3.1/../../../../arm-none-eabi/lib/thumb/v7-m\libc_nano.a(lib_a-readr.o)
                0x0000000008002d2c                _read_r
 *(.glue_7)
 .glue_7        0x0000000008002d50        0x0 linker stubs
 *(.glue_7t)
 .glue_7t       0x0000000008002d50        0x0 linker stubs
 *(.eh_frame)
 .eh_frame      0x0000000008002d50        0x0 d:/stm32cubeide_1.5.0/stm32cubeide/plugins/com.st.stm32cube.ide.mcu.externaltools.gnu-tools-for-stm32.7-2018-q2-update.win32_1.5.0.202011040924/tools/bin/../lib/gcc/arm-none-eabi/7.3.1/thumb/v7-m/crtbegin.o
 *(.init)
 .init          0x0000000008002d50        0x4 d:/stm32cubeide_1.5.0/stm32cubeide/plugins/com.st.stm32cube.ide.mcu.externaltools.gnu-tools-for-stm32.7-2018-q2-update.win32_1.5.0.202011040924/tools/bin/../lib/gcc/arm-none-eabi/7.3.1/thumb/v7-m/crti.o
                0x0000000008002d50                _init
 .init          0x0000000008002d54        0x8 d:/stm32cubeide_1.5.0/stm32cubeide/plugins/com.st.stm32cube.ide.mcu.externaltools.gnu-tools-for-stm32.7-2018-q2-update.win32_1.5.0.202011040924/tools/bin/../lib/gcc/arm-none-eabi/7.3.1/thumb/v7-m/crtn.o
 *(.fini)
 .fini          0x0000000008002d5c        0x4 d:/stm32cubeide_1.5.0/stm32cubeide/plugins/com.st.stm32cube.ide.mcu.externaltools.gnu-tools-for-stm32.7-2018-q2-update.win32_1.5.0.202011040924/tools/bin/../lib/gcc/arm-none-eabi/7.3.1/thumb/v7-m/crti.o
                0x0000000008002d5c                _fini
 .fini          0x0000000008002d60        0x8 d:/stm32cubeide_1.5.0/stm32cubeide/plugins/com.st.stm32cube.ide.mcu.externaltools.gnu-tools-for-stm32.7-2018-q2-update.win32_1.5.0.202011040924/tools/bin/../lib/gcc/arm-none-eabi/7.3.1/thumb/v7-m/crtn.o
                0x0000000008002d68                . = ALIGN (0x4)
                0x0000000008002d68                _etext = .

.vfp11_veneer   0x0000000008002d68        0x0
 .vfp11_veneer  0x0000000008002d68        0x0 linker stubs

.v4_bx          0x0000000008002d68        0x0
 .v4_bx         0x0000000008002d68        0x0 linker stubs

.iplt           0x0000000008002d68        0x0
 .iplt          0x0000000008002d68        0x0 d:/stm32cubeide_1.5.0/stm32cubeide/plugins/com.st.stm32cube.ide.mcu.externaltools.gnu-tools-for-stm32.7-2018-q2-update.win32_1.5.0.202011040924/tools/bin/../lib/gcc/arm-none-eabi/7.3.1/thumb/v7-m/crtbegin.o

.rodata         0x0000000008002d68    0x10044
                0x0000000008002d68                . = ALIGN (0x4)
 *(.rodata)
 .rodata        0x0000000008002d68       0x87 Core/Src/main.o
 *fill*         0x0000000008002def        0x1 
 .rodata        0x0000000008002df0       0x12 Drivers/STM32F1xx_HAL_Driver/Src/stm32f1xx_hal_rcc.o
 *(.rodata*)
 *fill*         0x0000000008002e02        0x2 
 .rodata.g_fnn_weight_1
                0x0000000008002e04     0xc400 Core/Src/digit_nn/generated/FNN_Data.o
                0x0000000008002e04                g_fnn_weight_1
 .rodata.g_fnn_bias_1
                0x000000000800f204      0x100 Core/Src/digit_nn/generated/FNN_Data.o
                0x000000000800f204                g_fnn_bias_1
 .rodata.g_fnn_weight_2
                0x000000000800f304      0x280 Core/Src/digit_nn/generated/FNN_Data.o
                0x000000000800f304                g_fnn_weight_2
 .rodata.g_fnn_bias_2
                0x000000000800f584       0x28 Core/Src/digit_nn/generated/FNN_Data.o
                0x000000000800f584                g_fnn_bias_2
 .rodata.g_perceptron_weights
                0x000000000800f5ac     0x1ea0 Core/Src/digit_nn/generated/PerceptronData.o
                0x000000000800f5ac                g_perceptron_weights
 .rodata.g_perceptron_bias
                0x000000000801144c       0x28 Core/Src/digit_nn/generated/PerceptronData.o
                0x000000000801144c                g_perceptron_bias
 .rodata.g_mnist_sample_images
                0x0000000008011474     0x1880 Core/Src/digit_nn/test/mnist_samples.o
                0x0000000008011474                g_mnist_sample_images
 .rodata.g_mnist_sample_labels
                0x0000000008012cf4        0x8 Core/Src/digit_nn/test/mnist_samples.o
                0x0000000008012cf4                g_mnist_sample_labels
 .rodata.AHBPrescTable
                0x0000000008012cfc       0x10 Core/Src/system_stm32f1xx.o
                0x0000000008012cfc                AHBPrescTable
 .rodata.APBPrescTable
                0x0000000008012d0c        0x8 Core/Src/system_stm32f1xx.o
                0x0000000008012d0c                APBPrescTable
 .rodata._global_impure_ptr
                0x0000000008012d14        0x4 d:/stm32cubeide_1.5.0/stm32cubeide/plugins/com.st.stm32cube.ide.mcu.externaltools.gnu-tools-for-stm32.7-2018-q2-update.win32_1.5.0.202011040924/tools/bin/../lib/gcc/arm-none-eabi/7.3.1/../../../../arm-none-eabi/lib/thumb/v7-m\libc_nano.a(lib_a-impure.o)
                0x0000000008012d14                _global_impure_ptr
 .rodata.__sf_fake_stderr
                0x0000000008012d18       0x20 d:/stm32cubeide_1.5.0/stm32cubeide/plugins/com.st.stm32cube.ide.mcu.externaltools.gnu-tools-for-stm32.7-2018-q2-update.win32_1.5.0.202011040924/tools/bin/../lib/gcc/arm-none-eabi/7.3.1/../../../../arm-none-eabi/lib/thumb/v7-m\libc_nano.a(lib_a-findfp.o)
                0x0000000008012d18                __sf_fake_stderr
 .rodata.__sf_fake_stdin
                0x0000000008012d38       0x20 d:/stm32cubeide_1.5.0/stm32cubeide/plugins/com.st.stm32cube.ide.mcu.externaltools.gnu-tools-for-stm32.7-2018-q2-update.win32_1.5.0.202011040924/tools/bin/../lib/gcc/arm-none-eabi/7.3.1/../../../../arm-none-eabi/lib/thumb/v7-m\libc_nano.a(lib_a-findfp.o)
                0x0000000008012d38                __sf_fake_stdin
 .rodata.__sf_fake_stdout
                0x0000000008012d58       0x20 d:/stm32cubeide_1.5.0/stm32cubeide/plugins/com.st.stm32cube.ide.mcu.externaltools.gnu-tools-for-stm32.7-2018-q2-update.win32_1.5.0.202011040924/tools/bin/../lib/gcc/arm-none-eabi/7.3.1/../../../../arm-none-eabi/lib/thumb/v7-m\libc_nano.a(lib_a-findfp.o)
                0x0000000008012d58                __sf_fake_stdout
 .rodata._vfprintf_r.str1.1
                0x0000000008012d78       0x11 d:/stm32cubeide_1.5.0/stm32cubeide/plugins/com.st.stm32cube.ide.mcu.externaltools.gnu-tools-for-stm32.7-2018-q2-update.win32_1.5.0.202011040924/tools/bin/../lib/gcc/arm-none-eabi/7.3.1/../../../../arm-none-eabi/lib/thumb/v7-m\libc_nano.a(lib_a-nano-vfprintf.o)
 .rodata._printf_i.str1.1
                0x0000000008012d89       0x22 d:/stm32cubeide_1.5.0/stm32cubeide/plugins/com.st.stm32cube.ide.mcu.externaltools.gnu-tools-for-stm32.7-2018-q2-update.win32_1.5.0.202011040924/tools/bin/../lib/gcc/arm-none-eabi/7.3.1/../../../../arm-none-eabi/lib/thumb/v7-m\libc_nano.a(lib_a-nano-vfprintf_i.o)
                0x0000000008012dac                . = ALIGN (0x4)
 *fill*         0x0000000008012dab        0x1 

.rel.dyn        0x0000000008012dac        0x0
 .rel.iplt      0x0000000008012dac        0x0 d:/stm32cubeide_1.5.0/stm32cubeide/plugins/com.st.stm32cube.ide.mcu.externaltools.gnu-tools-for-stm32.7-2018-q2-update.win32_1.5.0.202011040924/tools/bin/../lib/gcc/arm-none-eabi/7.3.1/thumb/v7-m/crtbegin.o

.ARM.extab      0x0000000008012dac        0x0
                0x0000000008012dac                . = ALIGN (0x4)
 *(.ARM.extab* .gnu.linkonce.armextab.*)
                0x0000000008012dac                . = ALIGN (0x4)

.ARM            0x0000000008012dac        0x0
                0x0000000008012dac                . = ALIGN (0x4)
                0x0000000008012dac                __exidx_start = .
 *(.ARM.exidx*)
                0x0000000008012dac                __exidx_end = .
                0x0000000008012dac                . = ALIGN (0x4)

.preinit_array  0x0000000008012dac        0x0
                0x0000000008012dac                . = ALIGN (0x4)
                0x0000000008012dac                PROVIDE (__preinit_array_start = .)
 *(.preinit_array*)
                0x0000000008012dac                PROVIDE (__preinit_array_end = .)
                0x0000000008012dac                . = ALIGN (0x4)

.init_array     0x0000000008012dac        0x4
                0x0000000008012dac                . = ALIGN (0x4)
                0x0000000008012dac                PROVIDE (__init_array_start = .)
 *(SORT_BY_NAME(.init_array.*))
 *(.init_array*)
 .init_array    0x0000000008012dac        0x4 d:/stm32cubeide_1.5.0/stm32cubeide/plugins/com.st.stm32cube.ide.mcu.externaltools.gnu-tools-for-stm32.7-2018-q2-update.win32_1.5.0.202011040924/tools/bin/../lib/gcc/arm-none-eabi/7.3.1/thumb/v7-m/crtbegin.o
                0x0000000008012db0                PROVIDE (__init_array_end = .)
                0x0000000008012db0                . = ALIGN (0x4)

.fini_array     0x0000000008012db0        0x4
                0x0000000008012db0                . = ALIGN (0x4)
                [!provide]                        PROVIDE (__fini_array_start = .)
 *(SORT_BY_NAME(.fini_array.*))
 *(.fini_array*)
 .fini_array    0x0000000008012db0        0x4 d:/stm32cubeide_1.5.0/stm32cubeide/plugins/com.st.stm32cube.ide.mcu.externaltools.gnu-tools-for-stm32.7-2018-q2-update.win32_1.5.0.202011040924/tools/bin/../lib/gcc/arm-none-eabi/7.3.1/thumb/v7-m/crtbegin.o
                [!provide]                        PROVIDE (__fini_array_end = .)
                0x0000000008012db4                . = ALIGN (0x4)
                0x0000000008012db4                _sidata = LOADADDR (.data)

.data           0x0000000020000000       0x70 load address 0x0000000008012db4
                0x0000000020000000                . = ALIGN (0x4)
                0x0000000020000000                _sdata = .
 *(.data)
 *(.data*)
 .data.SystemCoreClock
                0x0000000020000000        0x4 Core/Src/system_stm32f1xx.o
                0x0000000020000000                SystemCoreClock
 .data.uwTickPrio
                0x0000000020000004        0x4 Drivers/STM32F1xx_HAL_Driver/Src/stm32f1xx_hal.o
                0x0000000020000004                uwTickPrio
 .data.uwTickFreq
                0x0000000020000008        0x1 Drivers/STM32F1xx_HAL_Driver/Src/stm32f1xx_hal.o
                0x0000000020000008                uwTickFreq
 *fill*         0x0000000020000009        0x3 
 .data._impure_ptr
                0x000000002000000c        0x4 d:/stm32cubeide_1.5.0/stm32cubeide/plugins/com.st.stm32cube.ide.mcu.externaltools.gnu-tools-for-stm32.7-2018-q2-update.win32_1.5.0.202011040924/tools/bin/../lib/gcc/arm-none-eabi/7.3.1/../../../../arm-none-eabi/lib/thumb/v7-m\libc_nano.a(lib_a-impure.o)
                0x000000002000000c                _impure_ptr
 .data.impure_data
                0x0000000020000010       0x60 d:/stm32cubeide_1.5.0/stm32cubeide/plugins/com.st.stm32cube.ide.mcu.externaltools.gnu-tools-for-stm32.7-2018-q2-update.win32_1.5.0.202011040924/tools/bin/../lib/gcc/arm-none-eabi/7.3.1/../../../../arm-none-eabi/lib/thumb/v7-m\libc_nano.a(lib_a-impure.o)
 *(.RamFunc)
 *(.RamFunc*)
                0x0000000020000070                . = ALIGN (0x4)
                0x0000000020000070                _edata = .

.igot.plt       0x0000000020000070        0x0 load address 0x0000000008012e24
 .igot.plt      0x0000000020000070        0x0 d:/stm32cubeide_1.5.0/stm32cubeide/plugins/com.st.stm32cube.ide.mcu.externaltools.gnu-tools-for-stm32.7-2018-q2-update.win32_1.5.0.202011040924/tools/bin/../lib/gcc/arm-none-eabi/7.3.1/thumb/v7-m/crtbegin.o
                0x0000000020000070                . = ALIGN (0x4)

.bss            0x0000000020000070      0x1b8 load address 0x0000000008012e24
                0x0000000020000070                _sbss = .
                0x0000000020000070                __bss_start__ = _sbss
 *(.bss)
 .bss           0x0000000020000070       0x1c d:/stm32cubeide_1.5.0/stm32cubeide/plugins/com.st.stm32cube.ide.mcu.externaltools.gnu-tools-for-stm32.7-2018-q2-update.win32_1.5.0.202011040924/tools/bin/../lib/gcc/arm-none-eabi/7.3.1/thumb/v7-m/crtbegin.o
 *(.bss*)
 .bss.hidden.4186
                0x000000002000008c      0x100 Core/Src/digit_nn/core/fnn.o
 .bss.active_model
                0x000000002000018c        0x1 Core/Src/digit_nn/core/recognizer.o
 .bss.g_digit_nn_self_test_perceptron_correct
                0x000000002000018d        0x1 Core/Src/digit_nn/test/digit_nn_self_test.o
                0x000000002000018d                g_digit_nn_self_test_perceptron_correct
 .bss.g_digit_nn_self_test_fnn_correct
                0x000000002000018e        0x1 Core/Src/digit_nn/test/digit_nn_self_test.o
                0x000000002000018e                g_digit_nn_self_test_fnn_correct
 *fill*         0x000000002000018f        0x1 
 .bss.__sbrk_heap_end
                0x0000000020000190        0x4 Core/Src/sysmem.o
 .bss.__malloc_free_list
                0x0000000020000194        0x4 d:/stm32cubeide_1.5.0/stm32cubeide/plugins/com.st.stm32cube.ide.mcu.externaltools.gnu-tools-for-stm32.7-2018-q2-update.win32_1.5.0.202011040924/tools/bin/../lib/gcc/arm-none-eabi/7.3.1/../../../../arm-none-eabi/lib/thumb/v7-m\libc_nano.a(lib_a-nano-mallocr.o)
                0x0000000020000194                __malloc_free_list
 .bss.__malloc_sbrk_start
                0x0000000020000198        0x4 d:/stm32cubeide_1.5.0/stm32cubeide/plugins/com.st.stm32cube.ide.mcu.externaltools.gnu-tools-for-stm32.7-2018-q2-update.win32_1.5.0.202011040924/tools/bin/../lib/gcc/arm-none-eabi/7.3.1/../../../../arm-none-eabi/lib/thumb/v7-m\libc_nano.a(lib_a-nano-mallocr.o)
                0x0000000020000198                __malloc_sbrk_start
 *(COMMON)
 COMMON         0x000000002000019c       0x40 Core/Src/digit_nn/test/digit_nn_self_test.o
                0x000000002000019c                g_digit_nn_self_test_results
 COMMON         0x00000000200001dc       0x44 Core/Src/main.o
                0x00000000200001dc                huart1
 COMMON         0x0000000020000220        0x4 Drivers/STM32F1xx_HAL_Driver/Src/stm32f1xx_hal.o
                0x0000000020000220                uwTick
 COMMON         0x0000000020000224        0x4 d:/stm32cubeide_1.5.0/stm32cubeide/plugins/com.st.stm32cube.ide.mcu.externaltools.gnu-tools-for-stm32.7-2018-q2-update.win32_1.5.0.202011040924/tools/bin/../lib/gcc/arm-none-eabi/7.3.1/../../../../arm-none-eabi/lib/thumb/v7-m\libc_nano.a(lib_a-reent.o)
                0x0000000020000224                errno
                0x0000000020000228                . = ALIGN (0x4)
                0x0000000020000228                _ebss = .
                0x0000000020000228                __bss_end__ = _ebss

._user_heap_stack
                0x0000000020000228      0x600 load address 0x0000000008012e24
                0x0000000020000228                . = ALIGN (0x8)
                [!provide]                        PROVIDE (end = .)
                0x0000000020000228                PROVIDE (_end = .)
                0x0000000020000428                . = (. + _Min_Heap_Size)
 *fill*         0x0000000020000228      0x200 
                0x0000000020000828                . = (. + _Min_Stack_Size)
 *fill*         0x0000000020000428      0x400 
                0x0000000020000828                . = ALIGN (0x8)

/DISCARD/
 libc.a(*)
 libm.a(*)
 libgcc.a(*)

.ARM.attributes
                0x0000000000000000       0x29
 *(.ARM.attributes)
 .ARM.attributes
                0x0000000000000000       0x1d d:/stm32cubeide_1.5.0/stm32cubeide/plugins/com.st.stm32cube.ide.mcu.externaltools.gnu-tools-for-stm32.7-2018-q2-update.win32_1.5.0.202011040924/tools/bin/../lib/gcc/arm-none-eabi/7.3.1/thumb/v7-m/crti.o
 .ARM.attributes
                0x000000000000001d       0x2d d:/stm32cubeide_1.5.0/stm32cubeide/plugins/com.st.stm32cube.ide.mcu.externaltools.gnu-tools-for-stm32.7-2018-q2-update.win32_1.5.0.202011040924/tools/bin/../lib/gcc/arm-none-eabi/7.3.1/thumb/v7-m/crtbegin.o
 .ARM.attributes
                0x000000000000004a       0x33 Core/Src/digit_nn/core/fnn.o
 .ARM.attributes
                0x000000000000007d       0x33 Core/Src/digit_nn/core/image_preprocess.o
 .ARM.attributes
                0x00000000000000b0       0x33 Core/Src/digit_nn/core/perceptron.o
 .ARM.attributes
                0x00000000000000e3       0x33 Core/Src/digit_nn/core/recognizer.o
 .ARM.attributes
                0x0000000000000116       0x33 Core/Src/digit_nn/generated/FNN_Data.o
 .ARM.attributes
                0x0000000000000149       0x33 Core/Src/digit_nn/generated/PerceptronData.o
 .ARM.attributes
                0x000000000000017c       0x33 Core/Src/digit_nn/test/digit_nn_self_test.o
 .ARM.attributes
                0x00000000000001af       0x33 Core/Src/digit_nn/test/mnist_samples.o
 .ARM.attributes
                0x00000000000001e2       0x33 Core/Src/main.o
 .ARM.attributes
                0x0000000000000215       0x33 Core/Src/stm32f1xx_hal_msp.o
 .ARM.attributes
                0x0000000000000248       0x33 Core/Src/stm32f1xx_it.o
 .ARM.attributes
                0x000000000000027b       0x33 Core/Src/syscalls.o
 .ARM.attributes
                0x00000000000002ae       0x33 Core/Src/sysmem.o
 .ARM.attributes
                0x00000000000002e1       0x33 Core/Src/system_stm32f1xx.o
 .ARM.attributes
                0x0000000000000314       0x21 Core/Startup/startup_stm32f103vetx.o
 .ARM.attributes
                0x0000000000000335       0x33 Drivers/STM32F1xx_HAL_Driver/Src/stm32f1xx_hal.o
 .ARM.attributes
                0x0000000000000368       0x33 Drivers/STM32F1xx_HAL_Driver/Src/stm32f1xx_hal_cortex.o
 .ARM.attributes
                0x000000000000039b       0x33 Drivers/STM32F1xx_HAL_Driver/Src/stm32f1xx_hal_gpio.o
 .ARM.attributes
                0x00000000000003ce       0x33 Drivers/STM32F1xx_HAL_Driver/Src/stm32f1xx_hal_rcc.o
 .ARM.attributes
                0x0000000000000401       0x33 Drivers/STM32F1xx_HAL_Driver/Src/stm32f1xx_hal_uart.o
 .ARM.attributes
                0x0000000000000434       0x2d d:/stm32cubeide_1.5.0/stm32cubeide/plugins/com.st.stm32cube.ide.mcu.externaltools.gnu-tools-for-stm32.7-2018-q2-update.win32_1.5.0.202011040924/tools/bin/../lib/gcc/arm-none-eabi/7.3.1/../../../../arm-none-eabi/lib/thumb/v7-m\libc_nano.a(lib_a-errno.o)
 .ARM.attributes
                0x0000000000000461       0x2d d:/stm32cubeide_1.5.0/stm32cubeide/plugins/com.st.stm32cube.ide.mcu.externaltools.gnu-tools-for-stm32.7-2018-q2-update.win32_1.5.0.202011040924/tools/bin/../lib/gcc/arm-none-eabi/7.3.1/../../../../arm-none-eabi/lib/thumb/v7-m\libc_nano.a(lib_a-impure.o)
 .ARM.attributes
                0x000000000000048e       0x2d d:/stm32cubeide_1.5.0/stm32cubeide/plugins/com.st.stm32cube.ide.mcu.externaltools.gnu-tools-for-stm32.7-2018-q2-update.win32_1.5.0.202011040924/tools/bin/../lib/gcc/arm-none-eabi/7.3.1/../../../../arm-none-eabi/lib/thumb/v7-m\libc_nano.a(lib_a-init.o)
 .ARM.attributes
                0x00000000000004bb       0x2d d:/stm32cubeide_1.5.0/stm32cubeide/plugins/com.st.stm32cube.ide.mcu.externaltools.gnu-tools-for-stm32.7-2018-q2-update.win32_1.5.0.202011040924/tools/bin/../lib/gcc/arm-none-eabi/7.3.1/../../../../arm-none-eabi/lib/thumb/v7-m\libc_nano.a(lib_a-memcpy-stub.o)
 .ARM.attributes
                0x00000000000004e8       0x2d d:/stm32cubeide_1.5.0/stm32cubeide/plugins/com.st.stm32cube.ide.mcu.externaltools.gnu-tools-for-stm32.7-2018-q2-update.win32_1.5.0.202011040924/tools/bin/../lib/gcc/arm-none-eabi/7.3.1/../../../../arm-none-eabi/lib/thumb/v7-m\libc_nano.a(lib_a-memset.o)
 .ARM.attributes
                0x0000000000000515       0x2d d:/stm32cubeide_1.5.0/stm32cubeide/plugins/com.st.stm32cube.ide.mcu.externaltools.gnu-tools-for-stm32.7-2018-q2-update.win32_1.5.0.202011040924/tools/bin/../lib/gcc/arm-none-eabi/7.3.1/../../../../arm-none-eabi/lib/thumb/v7-m\libc_nano.a(lib_a-printf.o)
 .ARM.attributes
                0x0000000000000542       0x2d d:/stm32cubeide_1.5.0/stm32cubeide/plugins/com.st.stm32cube.ide.mcu.externaltools.gnu-tools-for-stm32.7-2018-q2-update.win32_1.5.0.202011040924/tools/bin/../lib/gcc/arm-none-eabi/7.3.1/../../../../arm-none-eabi/lib/thumb/v7-m\libc_nano.a(lib_a-puts.o)
 .ARM.attributes
                0x000000000000056f       0x2d d:/stm32cubeide_1.5.0/stm32cubeide/plugins/com.st.stm32cube.ide.mcu.externaltools.gnu-tools-for-stm32.7-2018-q2-update.win32_1.5.0.202011040924/tools/bin/../lib/gcc/arm-none-eabi/7.3.1/../../../../arm-none-eabi/lib/thumb/v7-m\libc_nano.a(lib_a-wbuf.o)
 .ARM.attributes
                0x000000000000059c       0x2d d:/stm32cubeide_1.5.0/stm32cubeide/plugins/com.st.stm32cube.ide.mcu.externaltools.gnu-tools-for-stm32.7-2018-q2-update.win32_1.5.0.202011040924/tools/bin/../lib/gcc/arm-none-eabi/7.3.1/../../../../arm-none-eabi/lib/thumb/v7-m\libc_nano.a(lib_a-wsetup.o)
 .ARM.attributes
                0x00000000000005c9       0x2d d:/stm32cubeide_1.5.0/stm32cubeide/plugins/com.st.stm32cube.ide.mcu.externaltools.gnu-tools-for-stm32.7-2018-q2-update.win32_1.5.0.202011040924/tools/bin/../lib/gcc/arm-none-eabi/7.3.1/../../../../arm-none-eabi/lib/thumb/v7-m\libc_nano.a(lib_a-fflush.o)
 .ARM.attributes
                0x00000000000005f6       0x2d d:/stm32cubeide_1.5.0/stm32cubeide/plugins/com.st.stm32cube.ide.mcu.externaltools.gnu-tools-for-stm32.7-2018-q2-update.win32_1.5.0.202011040924/tools/bin/../lib/gcc/arm-none-eabi/7.3.1/../../../../arm-none-eabi/lib/thumb/v7-m\libc_nano.a(lib_a-findfp.o)
 .ARM.attributes
                0x0000000000000623       0x2d d:/stm32cubeide_1.5.0/stm32cubeide/plugins/com.st.stm32cube.ide.mcu.externaltools.gnu-tools-for-stm32.7-2018-q2-update.win32_1.5.0.202011040924/tools/bin/../lib/gcc/arm-none-eabi/7.3.1/../../../../arm-none-eabi/lib/thumb/v7-m\libc_nano.a(lib_a-fwalk.o)
 .ARM.attributes
                0x0000000000000650       0x2d d:/stm32cubeide_1.5.0/stm32cubeide/plugins/com.st.stm32cube.ide.mcu.externaltools.gnu-tools-for-stm32.7-2018-q2-update.win32_1.5.0.202011040924/tools/bin/../lib/gcc/arm-none-eabi/7.3.1/../../../../arm-none-eabi/lib/thumb/v7-m\libc_nano.a(lib_a-makebuf.o)
 .ARM.attributes
                0x000000000000067d       0x2d d:/stm32cubeide_1.5.0/stm32cubeide/plugins/com.st.stm32cube.ide.mcu.externaltools.gnu-tools-for-stm32.7-2018-q2-update.win32_1.5.0.202011040924/tools/bin/../lib/gcc/arm-none-eabi/7.3.1/../../../../arm-none-eabi/lib/thumb/v7-m\libc_nano.a(lib_a-nano-freer.o)
 .ARM.attributes
                0x00000000000006aa       0x2d d:/stm32cubeide_1.5.0/stm32cubeide/plugins/com.st.stm32cube.ide.mcu.externaltools.gnu-tools-for-stm32.7-2018-q2-update.win32_1.5.0.202011040924/tools/bin/../lib/gcc/arm-none-eabi/7.3.1/../../../../arm-none-eabi/lib/thumb/v7-m\libc_nano.a(lib_a-nano-mallocr.o)
 .ARM.attributes
                0x00000000000006d7       0x2d d:/stm32cubeide_1.5.0/stm32cubeide/plugins/com.st.stm32cube.ide.mcu.externaltools.gnu-tools-for-stm32.7-2018-q2-update.win32_1.5.0.202011040924/tools/bin/../lib/gcc/arm-none-eabi/7.3.1/../../../../arm-none-eabi/lib/thumb/v7-m\libc_nano.a(lib_a-nano-vfprintf.o)
 .ARM.attributes
                0x0000000000000704       0x2d d:/stm32cubeide_1.5.0/stm32cubeide/plugins/com.st.stm32cube.ide.mcu.externaltools.gnu-tools-for-stm32.7-2018-q2-update.win32_1.5.0.202011040924/tools/bin/../lib/gcc/arm-none-eabi/7.3.1/../../../../arm-none-eabi/lib/thumb/v7-m\libc_nano.a(lib_a-nano-vfprintf_i.o)
 .ARM.attributes
                0x0000000000000731       0x2d d:/stm32cubeide_1.5.0/stm32cubeide/plugins/com.st.stm32cube.ide.mcu.externaltools.gnu-tools-for-stm32.7-2018-q2-update.win32_1.5.0.202011040924/tools/bin/../lib/gcc/arm-none-eabi/7.3.1/../../../../arm-none-eabi/lib/thumb/v7-m\libc_nano.a(lib_a-sbrkr.o)
 .ARM.attributes
                0x000000000000075e       0x2d d:/stm32cubeide_1.5.0/stm32cubeide/plugins/com.st.stm32cube.ide.mcu.externaltools.gnu-tools-for-stm32.7-2018-q2-update.win32_1.5.0.202011040924/tools/bin/../lib/gcc/arm-none-eabi/7.3.1/../../../../arm-none-eabi/lib/thumb/v7-m\libc_nano.a(lib_a-stdio.o)
 .ARM.attributes
                0x000000000000078b       0x2d d:/stm32cubeide_1.5.0/stm32cubeide/plugins/com.st.stm32cube.ide.mcu.externaltools.gnu-tools-for-stm32.7-2018-q2-update.win32_1.5.0.202011040924/tools/bin/../lib/gcc/arm-none-eabi/7.3.1/../../../../arm-none-eabi/lib/thumb/v7-m\libc_nano.a(lib_a-writer.o)
 .ARM.attributes
                0x00000000000007b8       0x2d d:/stm32cubeide_1.5.0/stm32cubeide/plugins/com.st.stm32cube.ide.mcu.externaltools.gnu-tools-for-stm32.7-2018-q2-update.win32_1.5.0.202011040924/tools/bin/../lib/gcc/arm-none-eabi/7.3.1/../../../../arm-none-eabi/lib/thumb/v7-m\libc_nano.a(lib_a-closer.o)
 .ARM.attributes
                0x00000000000007e5       0x2d d:/stm32cubeide_1.5.0/stm32cubeide/plugins/com.st.stm32cube.ide.mcu.externaltools.gnu-tools-for-stm32.7-2018-q2-update.win32_1.5.0.202011040924/tools/bin/../lib/gcc/arm-none-eabi/7.3.1/../../../../arm-none-eabi/lib/thumb/v7-m\libc_nano.a(lib_a-fstatr.o)
 .ARM.attributes
                0x0000000000000812       0x2d d:/stm32cubeide_1.5.0/stm32cubeide/plugins/com.st.stm32cube.ide.mcu.externaltools.gnu-tools-for-stm32.7-2018-q2-update.win32_1.5.0.202011040924/tools/bin/../lib/gcc/arm-none-eabi/7.3.1/../../../../arm-none-eabi/lib/thumb/v7-m\libc_nano.a(lib_a-isattyr.o)
 .ARM.attributes
                0x000000000000083f       0x2d d:/stm32cubeide_1.5.0/stm32cubeide/plugins/com.st.stm32cube.ide.mcu.externaltools.gnu-tools-for-stm32.7-2018-q2-update.win32_1.5.0.202011040924/tools/bin/../lib/gcc/arm-none-eabi/7.3.1/../../../../arm-none-eabi/lib/thumb/v7-m\libc_nano.a(lib_a-lseekr.o)
 .ARM.attributes
                0x000000000000086c       0x2d d:/stm32cubeide_1.5.0/stm32cubeide/plugins/com.st.stm32cube.ide.mcu.externaltools.gnu-tools-for-stm32.7-2018-q2-update.win32_1.5.0.202011040924/tools/bin/../lib/gcc/arm-none-eabi/7.3.1/../../../../arm-none-eabi/lib/thumb/v7-m\libc_nano.a(lib_a-memchr-stub.o)
 .ARM.attributes
                0x0000000000000899       0x2d d:/stm32cubeide_1.5.0/stm32cubeide/plugins/com.st.stm32cube.ide.mcu.externaltools.gnu-tools-for-stm32.7-2018-q2-update.win32_1.5.0.202011040924/tools/bin/../lib/gcc/arm-none-eabi/7.3.1/../../../../arm-none-eabi/lib/thumb/v7-m\libc_nano.a(lib_a-mlock.o)
 .ARM.attributes
                0x00000000000008c6       0x2d d:/stm32cubeide_1.5.0/stm32cubeide/plugins/com.st.stm32cube.ide.mcu.externaltools.gnu-tools-for-stm32.7-2018-q2-update.win32_1.5.0.202011040924/tools/bin/../lib/gcc/arm-none-eabi/7.3.1/../../../../arm-none-eabi/lib/thumb/v7-m\libc_nano.a(lib_a-readr.o)
 .ARM.attributes
                0x00000000000008f3       0x2d d:/stm32cubeide_1.5.0/stm32cubeide/plugins/com.st.stm32cube.ide.mcu.externaltools.gnu-tools-for-stm32.7-2018-q2-update.win32_1.5.0.202011040924/tools/bin/../lib/gcc/arm-none-eabi/7.3.1/../../../../arm-none-eabi/lib/thumb/v7-m\libc_nano.a(lib_a-reent.o)
 .ARM.attributes
                0x0000000000000920       0x1d d:/stm32cubeide_1.5.0/stm32cubeide/plugins/com.st.stm32cube.ide.mcu.externaltools.gnu-tools-for-stm32.7-2018-q2-update.win32_1.5.0.202011040924/tools/bin/../lib/gcc/arm-none-eabi/7.3.1/thumb/v7-m/crtn.o
OUTPUT(DigitNN_STM32F103VE.elf elf32-littlearm)

.debug_info     0x0000000000000000     0x93ca
 .debug_info    0x0000000000000000      0x39f Core/Src/digit_nn/core/fnn.o
 .debug_info    0x000000000000039f      0xe99 Core/Src/digit_nn/core/image_preprocess.o
 .debug_info    0x0000000000001238      0x312 Core/Src/digit_nn/core/perceptron.o
 .debug_info    0x000000000000154a      0x2fc Core/Src/digit_nn/core/recognizer.o
 .debug_info    0x0000000000001846      0x162 Core/Src/digit_nn/generated/FNN_Data.o
 .debug_info    0x00000000000019a8      0x100 Core/Src/digit_nn/generated/PerceptronData.o
 .debug_info    0x0000000000001aa8      0xadf Core/Src/digit_nn/test/digit_nn_self_test.o
 .debug_info    0x0000000000002587       0xe5 Core/Src/digit_nn/test/mnist_samples.o
 .debug_info    0x000000000000266c     0x1141 Core/Src/main.o
 .debug_info    0x00000000000037ad      0x84e Core/Src/stm32f1xx_hal_msp.o
 .debug_info    0x0000000000003ffb      0x20a Core/Src/stm32f1xx_it.o
 .debug_info    0x0000000000004205      0xebd Core/Src/syscalls.o
 .debug_info    0x00000000000050c2      0x985 Core/Src/sysmem.o
 .debug_info    0x0000000000005a47      0x29a Core/Src/system_stm32f1xx.o
 .debug_info    0x0000000000005ce1       0x22 Core/Startup/startup_stm32f103vetx.o
 .debug_info    0x0000000000005d03      0x77a Drivers/STM32F1xx_HAL_Driver/Src/stm32f1xx_hal.o
 .debug_info    0x000000000000647d      0xbb7 Drivers/STM32F1xx_HAL_Driver/Src/stm32f1xx_hal_cortex.o
 .debug_info    0x0000000000007034      0x69b Drivers/STM32F1xx_HAL_Driver/Src/stm32f1xx_hal_gpio.o
 .debug_info    0x00000000000076cf      0x80f Drivers/STM32F1xx_HAL_Driver/Src/stm32f1xx_hal_rcc.o
 .debug_info    0x0000000000007ede     0x14ec Drivers/STM32F1xx_HAL_Driver/Src/stm32f1xx_hal_uart.o

.debug_abbrev   0x0000000000000000     0x1eb5
 .debug_abbrev  0x0000000000000000      0x133 Core/Src/digit_nn/core/fnn.o
 .debug_abbrev  0x0000000000000133      0x2c0 Core/Src/digit_nn/core/image_preprocess.o
 .debug_abbrev  0x00000000000003f3      0x121 Core/Src/digit_nn/core/perceptron.o
 .debug_abbrev  0x0000000000000514      0x128 Core/Src/digit_nn/core/recognizer.o
 .debug_abbrev  0x000000000000063c       0x83 Core/Src/digit_nn/generated/FNN_Data.o
 .debug_abbrev  0x00000000000006bf       0x83 Core/Src/digit_nn/generated/PerceptronData.o
 .debug_abbrev  0x0000000000000742      0x1c7 Core/Src/digit_nn/test/digit_nn_self_test.o
 .debug_abbrev  0x0000000000000909       0x83 Core/Src/digit_nn/test/mnist_samples.o
 .debug_abbrev  0x000000000000098c      0x299 Core/Src/main.o
 .debug_abbrev  0x0000000000000c25      0x18c Core/Src/stm32f1xx_hal_msp.o
 .debug_abbrev  0x0000000000000db1       0xc6 Core/Src/stm32f1xx_it.o
 .debug_abbrev  0x0000000000000e77      0x261 Core/Src/syscalls.o
 .debug_abbrev  0x00000000000010d8      0x19b Core/Src/sysmem.o
 .debug_abbrev  0x0000000000001273      0x134 Core/Src/system_stm32f1xx.o
 .debug_abbrev  0x00000000000013a7       0x12 Core/Startup/startup_stm32f103vetx.o
 .debug_abbrev  0x00000000000013b9      0x1c7 Drivers/STM32F1xx_HAL_Driver/Src/stm32f1xx_hal.o
 .debug_abbrev  0x0000000000001580      0x2d5 Drivers/STM32F1xx_HAL_Driver/Src/stm32f1xx_hal_cortex.o
 .debug_abbrev  0x0000000000001855      0x1c0 Drivers/STM32F1xx_HAL_Driver/Src/stm32f1xx_hal_gpio.o
 .debug_abbrev  0x0000000000001a15      0x243 Drivers/STM32F1xx_HAL_Driver/Src/stm32f1xx_hal_rcc.o
 .debug_abbrev  0x0000000000001c58      0x25d Drivers/STM32F1xx_HAL_Driver/Src/stm32f1xx_hal_uart.o

.debug_aranges  0x0000000000000000      0x828
 .debug_aranges
                0x0000000000000000       0x30 Core/Src/digit_nn/core/fnn.o
 .debug_aranges
                0x0000000000000030       0x70 Core/Src/digit_nn/core/image_preprocess.o
 .debug_aranges
                0x00000000000000a0       0x30 Core/Src/digit_nn/core/perceptron.o
 .debug_aranges
                0x00000000000000d0       0x30 Core/Src/digit_nn/core/recognizer.o
 .debug_aranges
                0x0000000000000100       0x18 Core/Src/digit_nn/generated/FNN_Data.o
 .debug_aranges
                0x0000000000000118       0x18 Core/Src/digit_nn/generated/PerceptronData.o
 .debug_aranges
                0x0000000000000130       0x20 Core/Src/digit_nn/test/digit_nn_self_test.o
 .debug_aranges
                0x0000000000000150       0x18 Core/Src/digit_nn/test/mnist_samples.o
 .debug_aranges
                0x0000000000000168       0x50 Core/Src/main.o
 .debug_aranges
                0x00000000000001b8       0x30 Core/Src/stm32f1xx_hal_msp.o
 .debug_aranges
                0x00000000000001e8       0x60 Core/Src/stm32f1xx_it.o
 .debug_aranges
                0x0000000000000248       0xa8 Core/Src/syscalls.o
 .debug_aranges
                0x00000000000002f0       0x20 Core/Src/sysmem.o
 .debug_aranges
                0x0000000000000310       0x28 Core/Src/system_stm32f1xx.o
 .debug_aranges
                0x0000000000000338       0x28 Core/Startup/startup_stm32f103vetx.o
 .debug_aranges
                0x0000000000000360       0xe0 Drivers/STM32F1xx_HAL_Driver/Src/stm32f1xx_hal.o
 .debug_aranges
                0x0000000000000440      0x100 Drivers/STM32F1xx_HAL_Driver/Src/stm32f1xx_hal_cortex.o
 .debug_aranges
                0x0000000000000540       0x58 Drivers/STM32F1xx_HAL_Driver/Src/stm32f1xx_hal_gpio.o
 .debug_aranges
                0x0000000000000598       0x90 Drivers/STM32F1xx_HAL_Driver/Src/stm32f1xx_hal_rcc.o
 .debug_aranges
                0x0000000000000628      0x200 Drivers/STM32F1xx_HAL_Driver/Src/stm32f1xx_hal_uart.o

.debug_ranges   0x0000000000000000      0x720
 .debug_ranges  0x0000000000000000       0x20 Core/Src/digit_nn/core/fnn.o
 .debug_ranges  0x0000000000000020       0x78 Core/Src/digit_nn/core/image_preprocess.o
 .debug_ranges  0x0000000000000098       0x20 Core/Src/digit_nn/core/perceptron.o
 .debug_ranges  0x00000000000000b8       0x20 Core/Src/digit_nn/core/recognizer.o
 .debug_ranges  0x00000000000000d8       0x10 Core/Src/digit_nn/test/digit_nn_self_test.o
 .debug_ranges  0x00000000000000e8       0x40 Core/Src/main.o
 .debug_ranges  0x0000000000000128       0x20 Core/Src/stm32f1xx_hal_msp.o
 .debug_ranges  0x0000000000000148       0x50 Core/Src/stm32f1xx_it.o
 .debug_ranges  0x0000000000000198       0x98 Core/Src/syscalls.o
 .debug_ranges  0x0000000000000230       0x10 Core/Src/sysmem.o
 .debug_ranges  0x0000000000000240       0x18 Core/Src/system_stm32f1xx.o
 .debug_ranges  0x0000000000000258       0x20 Core/Startup/startup_stm32f103vetx.o
 .debug_ranges  0x0000000000000278       0xd0 Drivers/STM32F1xx_HAL_Driver/Src/stm32f1xx_hal.o
 .debug_ranges  0x0000000000000348       0xf0 Drivers/STM32F1xx_HAL_Driver/Src/stm32f1xx_hal_cortex.o
 .debug_ranges  0x0000000000000438       0x48 Drivers/STM32F1xx_HAL_Driver/Src/stm32f1xx_hal_gpio.o
 .debug_ranges  0x0000000000000480       0x80 Drivers/STM32F1xx_HAL_Driver/Src/stm32f1xx_hal_rcc.o
 .debug_ranges  0x0000000000000500      0x220 Drivers/STM32F1xx_HAL_Driver/Src/stm32f1xx_hal_uart.o

.debug_macro    0x0000000000000000    0x19f9a
 .debug_macro   0x0000000000000000       0x92 Core/Src/digit_nn/core/fnn.o
 .debug_macro   0x0000000000000092      0xa5a Core/Src/digit_nn/core/fnn.o
 .debug_macro   0x0000000000000aec       0x22 Core/Src/digit_nn/core/fnn.o
 .debug_macro   0x0000000000000b0e       0x8e Core/Src/digit_nn/core/fnn.o
 .debug_macro   0x0000000000000b9c       0x51 Core/Src/digit_nn/core/fnn.o
 .debug_macro   0x0000000000000bed       0xef Core/Src/digit_nn/core/fnn.o
 .debug_macro   0x0000000000000cdc       0x6a Core/Src/digit_nn/core/fnn.o
 .debug_macro   0x0000000000000d46      0x1df Core/Src/digit_nn/core/fnn.o
 .debug_macro   0x0000000000000f25       0x5e Core/Src/digit_nn/core/fnn.o
 .debug_macro   0x0000000000000f83      0x174 Core/Src/digit_nn/core/fnn.o
 .debug_macro   0x00000000000010f7       0x22 Core/Src/digit_nn/core/fnn.o
 .debug_macro   0x0000000000001119      0x14a Core/Src/digit_nn/core/image_preprocess.o
 .debug_macro   0x0000000000001263       0x46 Core/Src/digit_nn/core/image_preprocess.o
 .debug_macro   0x00000000000012a9       0x18 Core/Src/digit_nn/core/image_preprocess.o
 .debug_macro   0x00000000000012c1       0x3c Core/Src/digit_nn/core/image_preprocess.o
 .debug_macro   0x00000000000012fd       0x34 Core/Src/digit_nn/core/image_preprocess.o
 .debug_macro   0x0000000000001331       0x52 Core/Src/digit_nn/core/image_preprocess.o
 .debug_macro   0x0000000000001383       0x1f Core/Src/digit_nn/core/image_preprocess.o
 .debug_macro   0x00000000000013a2       0x43 Core/Src/digit_nn/core/image_preprocess.o
 .debug_macro   0x00000000000013e5       0x20 Core/Src/digit_nn/core/image_preprocess.o
 .debug_macro   0x0000000000001405      0x1a3 Core/Src/digit_nn/core/image_preprocess.o
 .debug_macro   0x00000000000015a8      0x330 Core/Src/digit_nn/core/image_preprocess.o
 .debug_macro   0x00000000000018d8       0x10 Core/Src/digit_nn/core/image_preprocess.o
 .debug_macro   0x00000000000018e8       0x35 Core/Src/digit_nn/core/image_preprocess.o
 .debug_macro   0x000000000000191d       0x20 Core/Src/digit_nn/core/image_preprocess.o
 .debug_macro   0x000000000000193d       0x92 Core/Src/digit_nn/core/perceptron.o
 .debug_macro   0x00000000000019cf       0x16 Core/Src/digit_nn/core/perceptron.o
 .debug_macro   0x00000000000019e5       0xa7 Core/Src/digit_nn/core/recognizer.o
 .debug_macro   0x0000000000001a8c       0x72 Core/Src/digit_nn/generated/FNN_Data.o
 .debug_macro   0x0000000000001afe       0x1c Core/Src/digit_nn/generated/FNN_Data.o
 .debug_macro   0x0000000000001b1a       0x72 Core/Src/digit_nn/generated/PerceptronData.o
 .debug_macro   0x0000000000001b8c       0x10 Core/Src/digit_nn/generated/PerceptronData.o
 .debug_macro   0x0000000000001b9c      0x163 Core/Src/digit_nn/test/digit_nn_self_test.o
 .debug_macro   0x0000000000001cff       0x16 Core/Src/digit_nn/test/digit_nn_self_test.o
 .debug_macro   0x0000000000001d15       0x72 Core/Src/digit_nn/test/mnist_samples.o
 .debug_macro   0x0000000000001d87       0x10 Core/Src/digit_nn/test/mnist_samples.o
 .debug_macro   0x0000000000001d97      0x301 Core/Src/main.o
 .debug_macro   0x0000000000002098      0x215 Core/Src/main.o
 .debug_macro   0x00000000000022ad       0x2e Core/Src/main.o
 .debug_macro   0x00000000000022db       0x22 Core/Src/main.o
 .debug_macro   0x00000000000022fd       0x1c Core/Src/main.o
 .debug_macro   0x0000000000002319       0x22 Core/Src/main.o
 .debug_macro   0x000000000000233b       0xc3 Core/Src/main.o
 .debug_macro   0x00000000000023fe      0xd23 Core/Src/main.o
 .debug_macro   0x0000000000003121     0xfd8c Core/Src/main.o
 .debug_macro   0x0000000000012ead       0x6d Core/Src/main.o
 .debug_macro   0x0000000000012f1a     0x3468 Core/Src/main.o
 .debug_macro   0x0000000000016382       0x5c Core/Src/main.o
 .debug_macro   0x00000000000163de      0x5be Core/Src/main.o
 .debug_macro   0x000000000001699c      0x4d5 Core/Src/main.o
 .debug_macro   0x0000000000016e71      0x1cb Core/Src/main.o
 .debug_macro   0x000000000001703c      0x114 Core/Src/main.o
 .debug_macro   0x0000000000017150      0x1ea Core/Src/main.o
 .debug_macro   0x000000000001733a       0x27 Core/Src/main.o
 .debug_macro   0x0000000000017361      0x144 Core/Src/main.o
 .debug_macro   0x00000000000174a5      0x1bc Core/Src/main.o
 .debug_macro   0x0000000000017661       0x30 Core/Src/main.o
 .debug_macro   0x0000000000017691       0x3c Core/Src/main.o
 .debug_macro   0x00000000000176cd       0x57 Core/Src/main.o
 .debug_macro   0x0000000000017724       0x88 Core/Src/main.o
 .debug_macro   0x00000000000177ac      0x24f Core/Src/main.o
 .debug_macro   0x00000000000179fb      0x141 Core/Src/main.o
 .debug_macro   0x0000000000017b3c      0x279 Core/Src/main.o
 .debug_macro   0x0000000000017db5       0xb5 Core/Src/main.o
 .debug_macro   0x0000000000017e6a       0x16 Core/Src/main.o
 .debug_macro   0x0000000000017e80      0x32a Core/Src/main.o
 .debug_macro   0x00000000000181aa       0x10 Core/Src/main.o
 .debug_macro   0x00000000000181ba       0x10 Core/Src/main.o
 .debug_macro   0x00000000000181ca       0x1c Core/Src/main.o
 .debug_macro   0x00000000000181e6       0x52 Core/Src/main.o
 .debug_macro   0x0000000000018238       0x40 Core/Src/main.o
 .debug_macro   0x0000000000018278       0x10 Core/Src/main.o
 .debug_macro   0x0000000000018288       0x40 Core/Src/main.o
 .debug_macro   0x00000000000182c8       0xd7 Core/Src/main.o
 .debug_macro   0x000000000001839f       0x1c Core/Src/main.o
 .debug_macro   0x00000000000183bb       0x3d Core/Src/main.o
 .debug_macro   0x00000000000183f8       0x16 Core/Src/main.o
 .debug_macro   0x000000000001840e      0x145 Core/Src/main.o
 .debug_macro   0x0000000000018553      0x198 Core/Src/stm32f1xx_hal_msp.o
 .debug_macro   0x00000000000186eb      0x1a2 Core/Src/stm32f1xx_it.o
 .debug_macro   0x000000000001888d      0x243 Core/Src/syscalls.o
 .debug_macro   0x0000000000018ad0       0x40 Core/Src/syscalls.o
 .debug_macro   0x0000000000018b10       0x94 Core/Src/syscalls.o
 .debug_macro   0x0000000000018ba4       0x57 Core/Src/syscalls.o
 .debug_macro   0x0000000000018bfb       0x10 Core/Src/syscalls.o
 .debug_macro   0x0000000000018c0b       0x10 Core/Src/syscalls.o
 .debug_macro   0x0000000000018c1b       0x10 Core/Src/syscalls.o
 .debug_macro   0x0000000000018c2b       0x35 Core/Src/syscalls.o
 .debug_macro   0x0000000000018c60      0x122 Core/Src/syscalls.o
 .debug_macro   0x0000000000018d82       0x16 Core/Src/syscalls.o
 .debug_macro   0x0000000000018d98       0x16 Core/Src/syscalls.o
 .debug_macro   0x0000000000018dae       0x29 Core/Src/syscalls.o
 .debug_macro   0x0000000000018dd7       0x10 Core/Src/syscalls.o
 .debug_macro   0x0000000000018de7      0x241 Core/Src/syscalls.o
 .debug_macro   0x0000000000019028       0x1c Core/Src/syscalls.o
 .debug_macro   0x0000000000019044       0x10 Core/Src/syscalls.o
 .debug_macro   0x0000000000019054      0x189 Core/Src/syscalls.o
 .debug_macro   0x00000000000191dd       0x16 Core/Src/syscalls.o
 .debug_macro   0x00000000000191f3       0x88 Core/Src/syscalls.o
 .debug_macro   0x000000000001927b       0xee Core/Src/sysmem.o
 .debug_macro   0x0000000000019369      0x23b Core/Src/sysmem.o
 .debug_macro   0x00000000000195a4      0x18e Core/Src/system_stm32f1xx.o
 .debug_macro   0x0000000000019732      0x1b2 Drivers/STM32F1xx_HAL_Driver/Src/stm32f1xx_hal.o
 .debug_macro   0x00000000000198e4      0x18e Drivers/STM32F1xx_HAL_Driver/Src/stm32f1xx_hal_cortex.o
 .debug_macro   0x0000000000019a72      0x1f9 Drivers/STM32F1xx_HAL_Driver/Src/stm32f1xx_hal_gpio.o
 .debug_macro   0x0000000000019c6b      0x1a0 Drivers/STM32F1xx_HAL_Driver/Src/stm32f1xx_hal_rcc.o
 .debug_macro   0x0000000000019e0b      0x18f Drivers/STM32F1xx_HAL_Driver/Src/stm32f1xx_hal_uart.o

.debug_line     0x0000000000000000     0x813d
 .debug_line    0x0000000000000000      0x4a3 Core/Src/digit_nn/core/fnn.o
 .debug_line    0x00000000000004a3      0x743 Core/Src/digit_nn/core/image_preprocess.o
 .debug_line    0x0000000000000be6      0x48d Core/Src/digit_nn/core/perceptron.o
 .debug_line    0x0000000000001073      0x44a Core/Src/digit_nn/core/recognizer.o
 .debug_line    0x00000000000014bd      0x3aa Core/Src/digit_nn/generated/FNN_Data.o
 .debug_line    0x0000000000001867      0x3b6 Core/Src/digit_nn/generated/PerceptronData.o
 .debug_line    0x0000000000001c1d      0x5b2 Core/Src/digit_nn/test/digit_nn_self_test.o
 .debug_line    0x00000000000021cf      0x3aa Core/Src/digit_nn/test/mnist_samples.o
 .debug_line    0x0000000000002579      0x912 Core/Src/main.o
 .debug_line    0x0000000000002e8b      0x66c Core/Src/stm32f1xx_hal_msp.o
 .debug_line    0x00000000000034f7      0x6e2 Core/Src/stm32f1xx_it.o
 .debug_line    0x0000000000003bd9      0x72f Core/Src/syscalls.o
 .debug_line    0x0000000000004308      0x4b8 Core/Src/sysmem.o
 .debug_line    0x00000000000047c0      0x662 Core/Src/system_stm32f1xx.o
 .debug_line    0x0000000000004e22       0x87 Core/Startup/startup_stm32f103vetx.o
 .debug_line    0x0000000000004ea9      0x815 Drivers/STM32F1xx_HAL_Driver/Src/stm32f1xx_hal.o
 .debug_line    0x00000000000056be      0x8ec Drivers/STM32F1xx_HAL_Driver/Src/stm32f1xx_hal_cortex.o
 .debug_line    0x0000000000005faa      0x839 Drivers/STM32F1xx_HAL_Driver/Src/stm32f1xx_hal_gpio.o
 .debug_line    0x00000000000067e3      0x8d5 Drivers/STM32F1xx_HAL_Driver/Src/stm32f1xx_hal_rcc.o
 .debug_line    0x00000000000070b8     0x1085 Drivers/STM32F1xx_HAL_Driver/Src/stm32f1xx_hal_uart.o

.debug_str      0x0000000000000000    0x91f10
 .debug_str     0x0000000000000000     0x40f5 Core/Src/digit_nn/core/fnn.o
                                       0x4337 (size before relaxing)
 .debug_str     0x00000000000040f5     0x313d Core/Src/digit_nn/core/image_preprocess.o
                                       0x7365 (size before relaxing)
 .debug_str     0x0000000000007232       0xcc Core/Src/digit_nn/core/perceptron.o
                                       0x4315 (size before relaxing)
 .debug_str     0x00000000000072fe       0xff Core/Src/digit_nn/core/recognizer.o
                                       0x4312 (size before relaxing)
 .debug_str     0x00000000000073fd       0x2a Core/Src/digit_nn/generated/FNN_Data.o
                                       0x3cc6 (size before relaxing)
 .debug_str     0x0000000000007427       0x30 Core/Src/digit_nn/generated/PerceptronData.o
                                       0x3ca8 (size before relaxing)
 .debug_str     0x0000000000007457      0x1a5 Core/Src/digit_nn/test/digit_nn_self_test.o
                                       0x737e (size before relaxing)
 .debug_str     0x00000000000075fc       0x2a Core/Src/digit_nn/test/mnist_samples.o
                                       0x3c92 (size before relaxing)
 .debug_str     0x0000000000007626    0x88012 Core/Src/main.o
                                      0x8f23a (size before relaxing)
 .debug_str     0x000000000008f638       0xc7 Core/Src/stm32f1xx_hal_msp.o
                                      0x8af02 (size before relaxing)
 .debug_str     0x000000000008f6ff       0xbd Core/Src/stm32f1xx_it.o
                                      0x8aaf2 (size before relaxing)
 .debug_str     0x000000000008f7bc     0x11d9 Core/Src/syscalls.o
                                       0x889f (size before relaxing)
 .debug_str     0x0000000000090995       0x6b Core/Src/sysmem.o
                                       0x5f6d (size before relaxing)
 .debug_str     0x0000000000090a00       0x52 Core/Src/system_stm32f1xx.o
                                      0x8aac2 (size before relaxing)
 .debug_str     0x0000000000090a52       0x36 Core/Startup/startup_stm32f103vetx.o
                                         0x9d (size before relaxing)
 .debug_str     0x0000000000090a88      0x5fb Drivers/STM32F1xx_HAL_Driver/Src/stm32f1xx_hal.o
                                      0x8b237 (size before relaxing)
 .debug_str     0x0000000000091083      0x300 Drivers/STM32F1xx_HAL_Driver/Src/stm32f1xx_hal_cortex.o
                                      0x8b23f (size before relaxing)
 .debug_str     0x0000000000091383      0x340 Drivers/STM32F1xx_HAL_Driver/Src/stm32f1xx_hal_gpio.o
                                      0x8ae86 (size before relaxing)
 .debug_str     0x00000000000916c3      0x24f Drivers/STM32F1xx_HAL_Driver/Src/stm32f1xx_hal_rcc.o
                                      0x8aebf (size before relaxing)
 .debug_str     0x0000000000091912      0x5fe Drivers/STM32F1xx_HAL_Driver/Src/stm32f1xx_hal_uart.o
                                      0x8b4b1 (size before relaxing)

.comment        0x0000000000000000       0x7b
 .comment       0x0000000000000000       0x7b Core/Src/digit_nn/core/fnn.o
                                         0x7c (size before relaxing)
 .comment       0x000000000000007b       0x7c Core/Src/digit_nn/core/image_preprocess.o
 .comment       0x000000000000007b       0x7c Core/Src/digit_nn/core/perceptron.o
 .comment       0x000000000000007b       0x7c Core/Src/digit_nn/core/recognizer.o
 .comment       0x000000000000007b       0x7c Core/Src/digit_nn/generated/FNN_Data.o
 .comment       0x000000000000007b       0x7c Core/Src/digit_nn/generated/PerceptronData.o
 .comment       0x000000000000007b       0x7c Core/Src/digit_nn/test/digit_nn_self_test.o
 .comment       0x000000000000007b       0x7c Core/Src/digit_nn/test/mnist_samples.o
 .comment       0x000000000000007b       0x7c Core/Src/main.o
 .comment       0x000000000000007b       0x7c Core/Src/stm32f1xx_hal_msp.o
 .comment       0x000000000000007b       0x7c Core/Src/stm32f1xx_it.o
 .comment       0x000000000000007b       0x7c Core/Src/syscalls.o
 .comment       0x000000000000007b       0x7c Core/Src/sysmem.o
 .comment       0x000000000000007b       0x7c Core/Src/system_stm32f1xx.o
 .comment       0x000000000000007b       0x7c Drivers/STM32F1xx_HAL_Driver/Src/stm32f1xx_hal.o
 .comment       0x000000000000007b       0x7c Drivers/STM32F1xx_HAL_Driver/Src/stm32f1xx_hal_cortex.o
 .comment       0x000000000000007b       0x7c Drivers/STM32F1xx_HAL_Driver/Src/stm32f1xx_hal_gpio.o
 .comment       0x000000000000007b       0x7c Drivers/STM32F1xx_HAL_Driver/Src/stm32f1xx_hal_rcc.o
 .comment       0x000000000000007b       0x7c Drivers/STM32F1xx_HAL_Driver/Src/stm32f1xx_hal_uart.o

.debug_frame    0x0000000000000000     0x24c4
 .debug_frame   0x0000000000000000       0x84 Core/Src/digit_nn/core/fnn.o
 .debug_frame   0x0000000000000084      0x1bc Core/Src/digit_nn/core/image_preprocess.o
 .debug_frame   0x0000000000000240       0x84 Core/Src/digit_nn/core/perceptron.o
 .debug_frame   0x00000000000002c4       0x7c Core/Src/digit_nn/core/recognizer.o
 .debug_frame   0x0000000000000340       0x38 Core/Src/digit_nn/test/digit_nn_self_test.o
 .debug_frame   0x0000000000000378       0xf8 Core/Src/main.o
 .debug_frame   0x0000000000000470       0x80 Core/Src/stm32f1xx_hal_msp.o
 .debug_frame   0x00000000000004f0      0x104 Core/Src/stm32f1xx_it.o
 .debug_frame   0x00000000000005f4      0x2ac Core/Src/syscalls.o
 .debug_frame   0x00000000000008a0       0x34 Core/Src/sysmem.o
 .debug_frame   0x00000000000008d4       0x58 Core/Src/system_stm32f1xx.o
 .debug_frame   0x000000000000092c      0x334 Drivers/STM32F1xx_HAL_Driver/Src/stm32f1xx_hal.o
 .debug_frame   0x0000000000000c60      0x428 Drivers/STM32F1xx_HAL_Driver/Src/stm32f1xx_hal_cortex.o
 .debug_frame   0x0000000000001088      0x14c Drivers/STM32F1xx_HAL_Driver/Src/stm32f1xx_hal_gpio.o
 .debug_frame   0x00000000000011d4      0x21c Drivers/STM32F1xx_HAL_Driver/Src/stm32f1xx_hal_rcc.o
 .debug_frame   0x00000000000013f0      0x914 Drivers/STM32F1xx_HAL_Driver/Src/stm32f1xx_hal_uart.o
 .debug_frame   0x0000000000001d04       0x20 d:/stm32cubeide_1.5.0/stm32cubeide/plugins/com.st.stm32cube.ide.mcu.externaltools.gnu-tools-for-stm32.7-2018-q2-update.win32_1.5.0.202011040924/tools/bin/../lib/gcc/arm-none-eabi/7.3.1/../../../../arm-none-eabi/lib/thumb/v7-m\libc_nano.a(lib_a-errno.o)
 .debug_frame   0x0000000000001d24       0x2c d:/stm32cubeide_1.5.0/stm32cubeide/plugins/com.st.stm32cube.ide.mcu.externaltools.gnu-tools-for-stm32.7-2018-q2-update.win32_1.5.0.202011040924/tools/bin/../lib/gcc/arm-none-eabi/7.3.1/../../../../arm-none-eabi/lib/thumb/v7-m\libc_nano.a(lib_a-init.o)
 .debug_frame   0x0000000000001d50       0x28 d:/stm32cubeide_1.5.0/stm32cubeide/plugins/com.st.stm32cube.ide.mcu.externaltools.gnu-tools-for-stm32.7-2018-q2-update.win32_1.5.0.202011040924/tools/bin/../lib/gcc/arm-none-eabi/7.3.1/../../../../arm-none-eabi/lib/thumb/v7-m\libc_nano.a(lib_a-memcpy-stub.o)
 .debug_frame   0x0000000000001d78       0x20 d:/stm32cubeide_1.5.0/stm32cubeide/plugins/com.st.stm32cube.ide.mcu.externaltools.gnu-tools-for-stm32.7-2018-q2-update.win32_1.5.0.202011040924/tools/bin/../lib/gcc/arm-none-eabi/7.3.1/../../../../arm-none-eabi/lib/thumb/v7-m\libc_nano.a(lib_a-memset.o)
 .debug_frame   0x0000000000001d98       0x74 d:/stm32cubeide_1.5.0/stm32cubeide/plugins/com.st.stm32cube.ide.mcu.externaltools.gnu-tools-for-stm32.7-2018-q2-update.win32_1.5.0.202011040924/tools/bin/../lib/gcc/arm-none-eabi/7.3.1/../../../../arm-none-eabi/lib/thumb/v7-m\libc_nano.a(lib_a-printf.o)
 .debug_frame   0x0000000000001e0c       0x3c d:/stm32cubeide_1.5.0/stm32cubeide/plugins/com.st.stm32cube.ide.mcu.externaltools.gnu-tools-for-stm32.7-2018-q2-update.win32_1.5.0.202011040924/tools/bin/../lib/gcc/arm-none-eabi/7.3.1/../../../../arm-none-eabi/lib/thumb/v7-m\libc_nano.a(lib_a-puts.o)
 .debug_frame   0x0000000000001e48       0x40 d:/stm32cubeide_1.5.0/stm32cubeide/plugins/com.st.stm32cube.ide.mcu.externaltools.gnu-tools-for-stm32.7-2018-q2-update.win32_1.5.0.202011040924/tools/bin/../lib/gcc/arm-none-eabi/7.3.1/../../../../arm-none-eabi/lib/thumb/v7-m\libc_nano.a(lib_a-wbuf.o)
 .debug_frame   0x0000000000001e88       0x2c d:/stm32cubeide_1.5.0/stm32cubeide/plugins/com.st.stm32cube.ide.mcu.externaltools.gnu-tools-for-stm32.7-2018-q2-update.win32_1.5.0.202011040924/tools/bin/../lib/gcc/arm-none-eabi/7.3.1/../../../../arm-none-eabi/lib/thumb/v7-m\libc_nano.a(lib_a-wsetup.o)
 .debug_frame   0x0000000000001eb4       0x68 d:/stm32cubeide_1.5.0/stm32cubeide/plugins/com.st.stm32cube.ide.mcu.externaltools.gnu-tools-for-stm32.7-2018-q2-update.win32_1.5.0.202011040924/tools/bin/../lib/gcc/arm-none-eabi/7.3.1/../../../../arm-none-eabi/lib/thumb/v7-m\libc_nano.a(lib_a-fflush.o)
 .debug_frame   0x0000000000001f1c      0x11c d:/stm32cubeide_1.5.0/stm32cubeide/plugins/com.st.stm32cube.ide.mcu.externaltools.gnu-tools-for-stm32.7-2018-q2-update.win32_1.5.0.202011040924/tools/bin/../lib/gcc/arm-none-eabi/7.3.1/../../../../arm-none-eabi/lib/thumb/v7-m\libc_nano.a(lib_a-findfp.o)
 .debug_frame   0x0000000000002038       0x54 d:/stm32cubeide_1.5.0/stm32cubeide/plugins/com.st.stm32cube.ide.mcu.externaltools.gnu-tools-for-stm32.7-2018-q2-update.win32_1.5.0.202011040924/tools/bin/../lib/gcc/arm-none-eabi/7.3.1/../../../../arm-none-eabi/lib/thumb/v7-m\libc_nano.a(lib_a-fwalk.o)
 .debug_frame   0x000000000000208c       0x58 d:/stm32cubeide_1.5.0/stm32cubeide/plugins/com.st.stm32cube.ide.mcu.externaltools.gnu-tools-for-stm32.7-2018-q2-update.win32_1.5.0.202011040924/tools/bin/../lib/gcc/arm-none-eabi/7.3.1/../../../../arm-none-eabi/lib/thumb/v7-m\libc_nano.a(lib_a-makebuf.o)
 .debug_frame   0x00000000000020e4       0x38 d:/stm32cubeide_1.5.0/stm32cubeide/plugins/com.st.stm32cube.ide.mcu.externaltools.gnu-tools-for-stm32.7-2018-q2-update.win32_1.5.0.202011040924/tools/bin/../lib/gcc/arm-none-eabi/7.3.1/../../../../arm-none-eabi/lib/thumb/v7-m\libc_nano.a(lib_a-nano-freer.o)
 .debug_frame   0x000000000000211c       0x2c d:/stm32cubeide_1.5.0/stm32cubeide/plugins/com.st.stm32cube.ide.mcu.externaltools.gnu-tools-for-stm32.7-2018-q2-update.win32_1.5.0.202011040924/tools/bin/../lib/gcc/arm-none-eabi/7.3.1/../../../../arm-none-eabi/lib/thumb/v7-m\libc_nano.a(lib_a-nano-mallocr.o)
 .debug_frame   0x0000000000002148       0xac d:/stm32cubeide_1.5.0/stm32cubeide/plugins/com.st.stm32cube.ide.mcu.externaltools.gnu-tools-for-stm32.7-2018-q2-update.win32_1.5.0.202011040924/tools/bin/../lib/gcc/arm-none-eabi/7.3.1/../../../../arm-none-eabi/lib/thumb/v7-m\libc_nano.a(lib_a-nano-vfprintf.o)
 .debug_frame   0x00000000000021f4       0x60 d:/stm32cubeide_1.5.0/stm32cubeide/plugins/com.st.stm32cube.ide.mcu.externaltools.gnu-tools-for-stm32.7-2018-q2-update.win32_1.5.0.202011040924/tools/bin/../lib/gcc/arm-none-eabi/7.3.1/../../../../arm-none-eabi/lib/thumb/v7-m\libc_nano.a(lib_a-nano-vfprintf_i.o)
 .debug_frame   0x0000000000002254       0x2c d:/stm32cubeide_1.5.0/stm32cubeide/plugins/com.st.stm32cube.ide.mcu.externaltools.gnu-tools-for-stm32.7-2018-q2-update.win32_1.5.0.202011040924/tools/bin/../lib/gcc/arm-none-eabi/7.3.1/../../../../arm-none-eabi/lib/thumb/v7-m\libc_nano.a(lib_a-sbrkr.o)
 .debug_frame   0x0000000000002280       0x88 d:/stm32cubeide_1.5.0/stm32cubeide/plugins/com.st.stm32cube.ide.mcu.externaltools.gnu-tools-for-stm32.7-2018-q2-update.win32_1.5.0.202011040924/tools/bin/../lib/gcc/arm-none-eabi/7.3.1/../../../../arm-none-eabi/lib/thumb/v7-m\libc_nano.a(lib_a-stdio.o)
 .debug_frame   0x0000000000002308       0x2c d:/stm32cubeide_1.5.0/stm32cubeide/plugins/com.st.stm32cube.ide.mcu.externaltools.gnu-tools-for-stm32.7-2018-q2-update.win32_1.5.0.202011040924/tools/bin/../lib/gcc/arm-none-eabi/7.3.1/../../../../arm-none-eabi/lib/thumb/v7-m\libc_nano.a(lib_a-writer.o)
 .debug_frame   0x0000000000002334       0x2c d:/stm32cubeide_1.5.0/stm32cubeide/plugins/com.st.stm32cube.ide.mcu.externaltools.gnu-tools-for-stm32.7-2018-q2-update.win32_1.5.0.202011040924/tools/bin/../lib/gcc/arm-none-eabi/7.3.1/../../../../arm-none-eabi/lib/thumb/v7-m\libc_nano.a(lib_a-closer.o)
 .debug_frame   0x0000000000002360       0x2c d:/stm32cubeide_1.5.0/stm32cubeide/plugins/com.st.stm32cube.ide.mcu.externaltools.gnu-tools-for-stm32.7-2018-q2-update.win32_1.5.0.202011040924/tools/bin/../lib/gcc/arm-none-eabi/7.3.1/../../../../arm-none-eabi/lib/thumb/v7-m\libc_nano.a(lib_a-fstatr.o)
 .debug_frame   0x000000000000238c       0x2c d:/stm32cubeide_1.5.0/stm32cubeide/plugins/com.st.stm32cube.ide.mcu.externaltools.gnu-tools-for-stm32.7-2018-q2-update.win32_1.5.0.202011040924/tools/bin/../lib/gcc/arm-none-eabi/7.3.1/../../../../arm-none-eabi/lib/thumb/v7-m\libc_nano.a(lib_a-isattyr.o)
 .debug_frame   0x00000000000023b8       0x2c d:/stm32cubeide_1.5.0/stm32cubeide/plugins/com.st.stm32cube.ide.mcu.externaltools.gnu-tools-for-stm32.7-2018-q2-update.win32_1.5.0.202011040924/tools/bin/../lib/gcc/arm-none-eabi/7.3.1/../../../../arm-none-eabi/lib/thumb/v7-m\libc_nano.a(lib_a-lseekr.o)
 .debug_frame   0x00000000000023e4       0x28 d:/stm32cubeide_1.5.0/stm32cubeide/plugins/com.st.stm32cube.ide.mcu.externaltools.gnu-tools-for-stm32.7-2018-q2-update.win32_1.5.0.202011040924/tools/bin/../lib/gcc/arm-none-eabi/7.3.1/../../../../arm-none-eabi/lib/thumb/v7-m\libc_nano.a(lib_a-memchr-stub.o)
 .debug_frame   0x000000000000240c       0x30 d:/stm32cubeide_1.5.0/stm32cubeide/plugins/com.st.stm32cube.ide.mcu.externaltools.gnu-tools-for-stm32.7-2018-q2-update.win32_1.5.0.202011040924/tools/bin/../lib/gcc/arm-none-eabi/7.3.1/../../../../arm-none-eabi/lib/thumb/v7-m\libc_nano.a(lib_a-mlock.o)
 .debug_frame   0x000000000000243c       0x2c d:/stm32cubeide_1.5.0/stm32cubeide/plugins/com.st.stm32cube.ide.mcu.externaltools.gnu-tools-for-stm32.7-2018-q2-update.win32_1.5.0.202011040924/tools/bin/../lib/gcc/arm-none-eabi/7.3.1/../../../../arm-none-eabi/lib/thumb/v7-m\libc_nano.a(lib_a-readr.o)
 .debug_frame   0x0000000000002468       0x5c d:/stm32cubeide_1.5.0/stm32cubeide/plugins/com.st.stm32cube.ide.mcu.externaltools.gnu-tools-for-stm32.7-2018-q2-update.win32_1.5.0.202011040924/tools/bin/../lib/gcc/arm-none-eabi/7.3.1/../../../../arm-none-eabi/lib/thumb/v7-m\libc_nano.a(lib_a-reent.o)
