BL51 BANKED LINKER/LOCATER V6.22                                                        04/10/2026  01:52:07  PAGE 1


BL51 BANKED LINKER/LOCATER V6.22, INVOKED BY:
D:\C51\BIN\BL51.EXE .\Objects\Asm1.obj TO .\Objects\Asm1 PRINT (.\Listings\Asm1.m51) RAMSIZE (256)


INPUT MODULES INCLUDED:
  .\Objects\Asm1.obj (ASM1)


LINK MAP OF MODULE:  .\Objects\Asm1 (ASM1)


            TYPE    BASE      LENGTH    RELOCATION   SEGMENT NAME
            -----------------------------------------------------

            * * * * * * *   D A T A   M E M O R Y   * * * * * * *
            REG     0000H     0008H     ABSOLUTE     "REG BANK 0"

            * * * * * * *   C O D E   M E M O R Y   * * * * * * *
            CODE    0000H     010CH     ABSOLUTE     



SYMBOL TABLE OF MODULE:  .\Objects\Asm1 (ASM1)

  VALUE           TYPE          NAME
  ----------------------------------

  -------         MODULE        ASM1
  C:0105H         SYMBOL        LOOP
  C:0100H         SYMBOL        MAIN
  C:0000H         LINE#         2
  C:0100H         LINE#         5
  C:0102H         LINE#         6
  C:0104H         LINE#         7
  C:0105H         LINE#         9
  C:0106H         LINE#         10
  C:0107H         LINE#         11
  C:0108H         LINE#         12
  C:010AH         LINE#         14
  -------         ENDMOD        ASM1

Program Size: data=8.0 xdata=0 code=268
LINK/LOCATE RUN COMPLETE.  0 WARNING(S),  0 ERROR(S)
