BL51 BANKED LINKER/LOCATER V6.22                                                        04/10/2026  02:21:50  PAGE 1


BL51 BANKED LINKER/LOCATER V6.22, INVOKED BY:
D:\C51\BIN\BL51.EXE .\Objects\Asm4-1.obj TO .\Objects\Asm4_1 PRINT (.\Listings\Asm4_1.m51) RAMSIZE (256)


INPUT MODULES INCLUDED:
  .\Objects\Asm4-1.obj (ASM4_1)


LINK MAP OF MODULE:  .\Objects\Asm4_1 (ASM4_1)


            TYPE    BASE      LENGTH    RELOCATION   SEGMENT NAME
            -----------------------------------------------------

            * * * * * * *   D A T A   M E M O R Y   * * * * * * *
            REG     0000H     0008H     ABSOLUTE     "REG BANK 0"

            * * * * * * *   C O D E   M E M O R Y   * * * * * * *
            CODE    0000H     0120H     ABSOLUTE     



SYMBOL TABLE OF MODULE:  .\Objects\Asm4_1 (ASM4_1)

  VALUE           TYPE          NAME
  ----------------------------------

  -------         MODULE        ASM4_1
  C:0110H         SYMBOL        ASCTAB
  C:0100H         SYMBOL        MAIN
  C:0000H         LINE#         2
  C:0100H         LINE#         5
  C:0103H         LINE#         6
  C:0104H         LINE#         7
  C:0106H         LINE#         8
  C:0107H         LINE#         9
  C:0108H         LINE#         11
  C:0109H         LINE#         12
  C:010BH         LINE#         13
  C:010CH         LINE#         14
  C:010DH         LINE#         15
  C:010EH         LINE#         17
  -------         ENDMOD        ASM4_1

Program Size: data=8.0 xdata=0 code=288
LINK/LOCATE RUN COMPLETE.  0 WARNING(S),  0 ERROR(S)
