C51 COMPILER V9.54   DIGITIO                                                               04/10/2026 02:29:00 PAGE 1   


C51 COMPILER V9.54, COMPILATION OF MODULE DIGITIO
OBJECT MODULE PLACED IN .\Objects\DigitIO.obj
COMPILER INVOKED BY: D:\C51\BIN\C51.EXE DigitIO.c OPTIMIZE(8,SPEED) BROWSE DEBUG OBJECTEXTEND PRINT(.\Listings\DigitIO.l
                    -st) TABS(2) OBJECT(.\Objects\DigitIO.obj)

line level    source

   1          #include "SST89x5x4.H"
   2          
   3          void main(void)
   4          {
   5   1          unsigned char data i;
   6   1          while(1)
   7   1          {
   8   2              P1 = P1 | 0xF0;      // ?4???
   9   2              i = P1;
  10   2              P1 = (i >> 4) & 0x0F;
  11   2          }
  12   1      }


MODULE INFORMATION:   STATIC OVERLAYABLE
   CODE SIZE        =     13    ----
   CONSTANT SIZE    =   ----    ----
   XDATA SIZE       =   ----    ----
   PDATA SIZE       =   ----    ----
   DATA SIZE        =   ----    ----
   IDATA SIZE       =   ----    ----
   BIT SIZE         =   ----    ----
END OF MODULE INFORMATION.


C51 COMPILATION COMPLETE.  0 WARNING(S),  0 ERROR(S)
