BL51 BANKED LINKER/LOCATER V6.22                                                        04/10/2026  04:25:01  PAGE 1


BL51 BANKED LINKER/LOCATER V6.22, INVOKED BY:
D:\C51\BIN\BL51.EXE .\Objects\Exp1_Improve2.obj TO .\Objects\Exp1_Improve2 PRINT (.\Listings\Exp1_Improve2.m51) RAMSIZE 
>> (256)


INPUT MODULES INCLUDED:
  .\Objects\Exp1_Improve2.obj (EXP1_IMPROVE2)


LINK MAP OF MODULE:  .\Objects\Exp1_Improve2 (EXP1_IMPROVE2)


            TYPE    BASE      LENGTH    RELOCATION   SEGMENT NAME
            -----------------------------------------------------

            * * * * * * *   D A T A   M E M O R Y   * * * * * * *
            REG     0000H     0008H     ABSOLUTE     "REG BANK 0"

            * * * * * * *   C O D E   M E M O R Y   * * * * * * *
            CODE    0000H     0155H     ABSOLUTE     



SYMBOL TABLE OF MODULE:  .\Objects\Exp1_Improve2 (EXP1_IMPROVE2)

  VALUE           TYPE          NAME
  ----------------------------------

  -------         MODULE        EXP1_IMPROVE2
  C:0122H         SYMBOL        CHECK_F
  C:011BH         SYMBOL        CHECK_R
  C:014EH         SYMBOL        D1
  C:0150H         SYMBOL        D2
  C:014CH         SYMBOL        DELAY
  C:0142H         SYMBOL        FLASH_STEP
  C:0129H         SYMBOL        IDLE
  C:012EH         SYMBOL        LEFT_STEP
  C:010FH         SYMBOL        LOOP
  C:0100H         SYMBOL        MAIN
  D:0090H         SYMBOL        P1
  D:00A0H         SYMBOL        P2
  C:0138H         SYMBOL        RIGHT_STEP
  C:0000H         LINE#         3
  C:0100H         LINE#         6
  C:0103H         LINE#         7
  C:0106H         LINE#         8
  C:0109H         LINE#         9
  C:010CH         LINE#         10
  C:010FH         LINE#         12
  C:0111H         LINE#         13
  C:0112H         LINE#         14
  C:0114H         LINE#         16
  C:0117H         LINE#         17
  C:0119H         LINE#         18
  C:011BH         LINE#         21
  C:011EH         LINE#         22
  C:0120H         LINE#         23
  C:0122H         LINE#         26
BL51 BANKED LINKER/LOCATER V6.22                                                      04/10/2026  04:25:01  PAGE 2


  C:0125H         LINE#         27
  C:0127H         LINE#         28
  C:0129H         LINE#         30
  C:012CH         LINE#         31
  C:012EH         LINE#         34
  C:0130H         LINE#         35
  C:0132H         LINE#         36
  C:0134H         LINE#         37
  C:0135H         LINE#         38
  C:0137H         LINE#         39
  C:0138H         LINE#         42
  C:013AH         LINE#         43
  C:013CH         LINE#         44
  C:013EH         LINE#         45
  C:013FH         LINE#         46
  C:0141H         LINE#         47
  C:0142H         LINE#         50
  C:0144H         LINE#         51
  C:0146H         LINE#         52
  C:0148H         LINE#         53
  C:0149H         LINE#         54
  C:014BH         LINE#         55
  C:014CH         LINE#         57
  C:014EH         LINE#         58
  C:0150H         LINE#         59
  C:0152H         LINE#         60
  C:0154H         LINE#         61
  -------         ENDMOD        EXP1_IMPROVE2

Program Size: data=8.0 xdata=0 code=341
LINK/LOCATE RUN COMPLETE.  0 WARNING(S),  0 ERROR(S)
