BL51 BANKED LINKER/LOCATER V6.22                                                        04/10/2026  04:04:05  PAGE 1


BL51 BANKED LINKER/LOCATER V6.22, INVOKED BY:
D:\C51\BIN\BL51.EXE .\Objects\LED_Left.obj TO .\Objects\LED_Left PRINT (.\Listings\LED_Left.m51) RAMSIZE (256)


INPUT MODULES INCLUDED:
  .\Objects\LED_Left.obj (LED_LEFT)


LINK MAP OF MODULE:  .\Objects\LED_Left (LED_LEFT)


            TYPE    BASE      LENGTH    RELOCATION   SEGMENT NAME
            -----------------------------------------------------

            * * * * * * *   D A T A   M E M O R Y   * * * * * * *
            REG     0000H     0008H     ABSOLUTE     "REG BANK 0"

            * * * * * * *   C O D E   M E M O R Y   * * * * * * *
            CODE    0000H     0112H     ABSOLUTE     



SYMBOL TABLE OF MODULE:  .\Objects\LED_Left (LED_LEFT)

  VALUE           TYPE          NAME
  ----------------------------------

  -------         MODULE        LED_LEFT
  C:010BH         SYMBOL        D1
  C:010DH         SYMBOL        D2
  C:0109H         SYMBOL        DELAY
  C:0102H         SYMBOL        LOOP
  C:0100H         SYMBOL        MAIN
  D:0090H         SYMBOL        P1
  C:0000H         LINE#         2
  C:0100H         LINE#         5
  C:0102H         LINE#         7
  C:0104H         LINE#         8
  C:0106H         LINE#         9
  C:0107H         LINE#         10
  C:0109H         LINE#         12
  C:010BH         LINE#         13
  C:010DH         LINE#         14
  C:010FH         LINE#         15
  C:0111H         LINE#         16
  -------         ENDMOD        LED_LEFT

Program Size: data=8.0 xdata=0 code=274
LINK/LOCATE RUN COMPLETE.  0 WARNING(S),  0 ERROR(S)
