C51 COMPILER V9.54   EX3_SOUND                                                             04/27/2026 07:13:18 PAGE 1   


C51 COMPILER V9.54, COMPILATION OF MODULE EX3_SOUND
OBJECT MODULE PLACED IN .\Objects\EX3_Sound.obj
COMPILER INVOKED BY: D:\C51\BIN\C51.EXE EX3_Sound.c OPTIMIZE(8,SPEED) BROWSE DEBUG OBJECTEXTEND PRINT(.\Listings\EX3_Sou
                    -nd.lst) TABS(2) OBJECT(.\Objects\EX3_Sound.obj)

line level    source

   1          #include "SST89x5x4.h"
   2          
   3          sbit SPK = P0^0;
   4          
   5          #define TIMER_CLOCK 921600UL
   6          
   7          unsigned char data tone_h = 0x00;
   8          unsigned char data tone_l = 0x00;
   9          
  10          unsigned int code freq_list[] = {
  11              371, 495, 495, 495, 624, 556, 495, 556, 624,
  12              495, 495, 624, 742, 833, 833, 833, 742, 624,
  13              624, 495, 556, 495, 556, 624, 495, 416, 416,
  14              371, 495, 0
  15          };
  16          
  17          unsigned char code time_list[] = {
  18              4, 6, 2, 4, 4, 6, 2, 4, 4,
  19              6, 2, 4, 4, 12, 1, 3, 6, 2,
  20              4, 4, 6, 2, 4, 4, 6, 2, 4,
  21              4, 12
  22          };
  23          
  24          void timer0_isr(void) interrupt 1
  25          {
  26   1          TH0 = tone_h;
  27   1          TL0 = tone_l;
  28   1          SPK = ~SPK;
  29   1      }
  30          
  31          void delay_unit(unsigned char cnt)
  32          {
  33   1          unsigned char i;
  34   1          unsigned int j;
  35   1      
  36   1          for (i = 0; i < cnt; i++)
  37   1          {
  38   2              for (j = 0; j < 0x3600; j++)
  39   2              {
  40   3              }
  41   2          }
  42   1      }
  43          
  44          void set_tone(unsigned int freq)
  45          {
  46   1          unsigned long counts;
  47   1          unsigned int reload;
  48   1      
  49   1          if (freq == 0)
  50   1          {
  51   2              TR0 = 0;
  52   2              SPK = 0;
  53   2              return;
  54   2          }
C51 COMPILER V9.54   EX3_SOUND                                                             04/27/2026 07:13:18 PAGE 2   

  55   1      
  56   1          counts = TIMER_CLOCK / (2UL * freq);
  57   1          reload = (unsigned int)(65536UL - counts);
  58   1          tone_h = (unsigned char)(reload >> 8);
  59   1          tone_l = (unsigned char)(reload & 0xFF);
  60   1      
  61   1          TH0 = tone_h;
  62   1          TL0 = tone_l;
  63   1          TF0 = 0;
  64   1          TR0 = 1;
  65   1      }
  66          
  67          void main(void)
  68          {
  69   1          unsigned char i;
  70   1      
  71   1          TMOD = 0x01;     /* T0 mode 1 */
  72   1          ET0 = 1;
  73   1          EA = 1;
  74   1      
  75   1          while (1)
  76   1          {
  77   2              i = 0;
  78   2              while (freq_list[i] != 0)
  79   2              {
  80   3                  set_tone(freq_list[i]);
  81   3                  delay_unit(time_list[i]);
  82   3                  i++;
  83   3              }
  84   2          }
  85   1      }


MODULE INFORMATION:   STATIC OVERLAYABLE
   CODE SIZE        =    151    ----
   CONSTANT SIZE    =     89    ----
   XDATA SIZE       =   ----    ----
   PDATA SIZE       =   ----    ----
   DATA SIZE        =      2       5
   IDATA SIZE       =   ----    ----
   BIT SIZE         =   ----    ----
END OF MODULE INFORMATION.


C51 COMPILATION COMPLETE.  0 WARNING(S),  0 ERROR(S)
