BL51 BANKED LINKER/LOCATER V6.22                                                        04/27/2026  06:38:51  PAGE 1


BL51 BANKED LINKER/LOCATER V6.22, INVOKED BY:
D:\C51\BIN\BL51.EXE .\Objects\EX3_Timer.obj TO .\Objects\EX3_1 PRINT (.\Listings\EX3_1.m51) RAMSIZE (256)


MEMORY MODEL: SMALL


INPUT MODULES INCLUDED:
  .\Objects\EX3_Timer.obj (EX3_TIMER)
  D:\C51\LIB\C51S.LIB (?C_STARTUP)


LINK MAP OF MODULE:  .\Objects\EX3_1 (EX3_TIMER)


            TYPE    BASE      LENGTH    RELOCATION   SEGMENT NAME
            -----------------------------------------------------

            * * * * * * *   D A T A   M E M O R Y   * * * * * * *
            REG     0000H     0008H     ABSOLUTE     "REG BANK 0"
            IDATA   0008H     0001H     UNIT         ?STACK

            * * * * * * *   C O D E   M E M O R Y   * * * * * * *
            CODE    0000H     0003H     ABSOLUTE     
            CODE    0003H     002EH     UNIT         ?PR?MAIN?EX3_TIMER
            CODE    0031H     000CH     UNIT         ?C_C51STARTUP



OVERLAY MAP OF MODULE:   .\Objects\EX3_1 (EX3_TIMER)


SEGMENT
  +--> CALLED SEGMENT
---------------------
?C_C51STARTUP
  +--> ?PR?MAIN?EX3_TIMER



SYMBOL TABLE OF MODULE:  .\Objects\EX3_1 (EX3_TIMER)

  VALUE           TYPE          NAME
  ----------------------------------

  -------         MODULE        EX3_TIMER
  C:0000H         SYMBOL        _ICE_DUMMY_
  D:0090H         PUBLIC        P1
  D:00B0H         PUBLIC        P3
  D:00A8H         PUBLIC        IE
  D:00B8H         PUBLIC        IP
  C:0003H         PUBLIC        main
  D:0098H         PUBLIC        SCON
  D:0089H         PUBLIC        TMOD
  D:0088H         PUBLIC        TCON
  B:0090H.0       PUBLIC        Wave1
  B:0090H.1       PUBLIC        Wave2
  B:0088H.5       PUBLIC        TF0
BL51 BANKED LINKER/LOCATER V6.22                                                      04/27/2026  06:38:51  PAGE 2


  B:0088H.7       PUBLIC        TF1
  D:008CH         PUBLIC        TH0
  D:008DH         PUBLIC        TH1
  D:008AH         PUBLIC        TL0
  D:008BH         PUBLIC        TL1
  B:0088H.4       PUBLIC        TR0
  B:0088H.6       PUBLIC        TR1
  D:00C8H         PUBLIC        T2CON
  D:00D0H         PUBLIC        PSW
  -------         PROC          MAIN
  C:0003H         LINE#         6
  C:0003H         LINE#         7
  C:0003H         LINE#         8
  C:0006H         LINE#         10
  C:0009H         LINE#         11
  C:000CH         LINE#         12
  C:000FH         LINE#         13
  C:0011H         LINE#         15
  C:0013H         LINE#         16
  C:0015H         LINE#         18
  C:0015H         LINE#         19
  C:0015H         LINE#         20
  C:0018H         LINE#         21
  C:0018H         LINE#         22
  C:001AH         LINE#         23
  C:001DH         LINE#         24
  C:0020H         LINE#         25
  C:0022H         LINE#         26
  C:0022H         LINE#         28
  C:0025H         LINE#         29
  C:0025H         LINE#         30
  C:0027H         LINE#         31
  C:002AH         LINE#         32
  C:002DH         LINE#         33
  C:002FH         LINE#         34
  C:002FH         LINE#         35
  -------         ENDPROC       MAIN
  -------         ENDMOD        EX3_TIMER

Program Size: data=9.0 xdata=0 code=61
LINK/LOCATE RUN COMPLETE.  0 WARNING(S),  0 ERROR(S)
