BL51 BANKED LINKER/LOCATER V6.22                                                        04/27/2026  07:13:18  PAGE 1


BL51 BANKED LINKER/LOCATER V6.22, INVOKED BY:
D:\C51\BIN\BL51.EXE .\Objects\EX3_Sound.obj TO .\Objects\EX3_3 PRINT (.\Listings\EX3_3.m51) RAMSIZE (256)


MEMORY MODEL: SMALL


INPUT MODULES INCLUDED:
  .\Objects\EX3_Sound.obj (EX3_SOUND)
  D:\C51\LIB\C51S.LIB (?C_STARTUP)
  D:\C51\LIB\C51S.LIB (?C?ULDIV)
  D:\C51\LIB\C51S.LIB (?C?LIMUL)
  D:\C51\LIB\C51S.LIB (?C_INIT)


LINK MAP OF MODULE:  .\Objects\EX3_3 (EX3_SOUND)


            TYPE    BASE      LENGTH    RELOCATION   SEGMENT NAME
            -----------------------------------------------------

            * * * * * * *   D A T A   M E M O R Y   * * * * * * *
            REG     0000H     0008H     ABSOLUTE     "REG BANK 0"
            DATA    0008H     0005H     UNIT         _DATA_GROUP_
            DATA    000DH     0002H     UNIT         ?DT?EX3_SOUND
            IDATA   000FH     0001H     UNIT         ?STACK

            * * * * * * *   C O D E   M E M O R Y   * * * * * * *
            CODE    0000H     0003H     ABSOLUTE     
            CODE    0003H     0007H     UNIT         ?C_INITSEG
                    000AH     0001H                  *** GAP ***
            CODE    000BH     0003H     ABSOLUTE     
            CODE    000EH     00FBH     UNIT         ?C?LIB_CODE
            CODE    0109H     008CH     UNIT         ?C_C51STARTUP
            CODE    0195H     0059H     UNIT         ?CO?EX3_SOUND
            CODE    01EEH     0041H     UNIT         ?PR?_SET_TONE?EX3_SOUND
            CODE    022FH     0032H     UNIT         ?PR?MAIN?EX3_SOUND
            CODE    0261H     001BH     UNIT         ?PR?_DELAY_UNIT?EX3_SOUND
            CODE    027CH     0009H     UNIT         ?PR?TIMER0_ISR?EX3_SOUND



OVERLAY MAP OF MODULE:   .\Objects\EX3_3 (EX3_SOUND)


SEGMENT                             DATA_GROUP 
  +--> CALLED SEGMENT             START    LENGTH
-------------------------------------------------
?C_C51STARTUP                     -----    -----
  +--> ?PR?MAIN?EX3_SOUND
  +--> ?C_INITSEG

?PR?MAIN?EX3_SOUND                0008H    0001H
  +--> ?CO?EX3_SOUND
  +--> ?PR?_SET_TONE?EX3_SOUND
  +--> ?PR?_DELAY_UNIT?EX3_SOUND

?PR?_SET_TONE?EX3_SOUND           0009H    0004H
BL51 BANKED LINKER/LOCATER V6.22                                                      04/27/2026  07:13:18  PAGE 2





SYMBOL TABLE OF MODULE:  .\Objects\EX3_3 (EX3_SOUND)

  VALUE           TYPE          NAME
  ----------------------------------

  -------         MODULE        EX3_SOUND
  C:0000H         SYMBOL        _ICE_DUMMY_
  D:0080H         PUBLIC        P0
  D:000DH         PUBLIC        tone_h
  D:0090H         PUBLIC        P1
  D:00B0H         PUBLIC        P3
  C:027CH         PUBLIC        timer0_isr
  D:000EH         PUBLIC        tone_l
  B:00A8H.7       PUBLIC        EA
  D:00A8H         PUBLIC        IE
  D:00B8H         PUBLIC        IP
  C:022FH         PUBLIC        main
  D:0098H         PUBLIC        SCON
  C:0261H         PUBLIC        _delay_unit
  D:0089H         PUBLIC        TMOD
  D:0088H         PUBLIC        TCON
  B:00A8H.1       PUBLIC        ET0
  B:0088H.5       PUBLIC        TF0
  D:008CH         PUBLIC        TH0
  C:0195H         PUBLIC        freq_list
  C:01D1H         PUBLIC        time_list
  D:008AH         PUBLIC        TL0
  B:0088H.4       PUBLIC        TR0
  C:01EEH         PUBLIC        _set_tone
  D:00C8H         PUBLIC        T2CON
  B:0080H.0       PUBLIC        SPK
  D:00D0H         PUBLIC        PSW
  -------         PROC          TIMER0_ISR
  C:027CH         LINE#         24
  C:027CH         LINE#         26
  C:027FH         LINE#         27
  C:0282H         LINE#         28
  C:0284H         LINE#         29
  -------         ENDPROC       TIMER0_ISR
  -------         PROC          _DELAY_UNIT
  D:0007H         SYMBOL        cnt
  -------         DO            
  D:0006H         SYMBOL        i
  D:0004H         SYMBOL        j
  -------         ENDDO         
  C:0261H         LINE#         31
  C:0261H         LINE#         32
  C:0261H         LINE#         36
  C:0268H         LINE#         37
  C:0268H         LINE#         38
  C:026BH         LINE#         39
  C:026BH         LINE#         40
  C:0278H         LINE#         41
  C:027BH         LINE#         42
BL51 BANKED LINKER/LOCATER V6.22                                                      04/27/2026  07:13:18  PAGE 3


  -------         ENDPROC       _DELAY_UNIT
  -------         PROC          _SET_TONE
  D:0006H         SYMBOL        freq
  -------         DO            
  D:0009H         SYMBOL        counts
  D:0004H         SYMBOL        reload
  -------         ENDDO         
  C:01EEH         LINE#         44
  C:01EEH         LINE#         45
  C:01EEH         LINE#         49
  C:01F2H         LINE#         50
  C:01F2H         LINE#         51
  C:01F4H         LINE#         52
  C:01F7H         LINE#         54
  C:01F7H         LINE#         56
  C:0219H         LINE#         57
  C:021FH         LINE#         58
  C:0221H         LINE#         59
  C:0224H         LINE#         61
  C:0227H         LINE#         62
  C:022AH         LINE#         63
  C:022CH         LINE#         64
  C:022EH         LINE#         65
  -------         ENDPROC       _SET_TONE
  -------         PROC          MAIN
  -------         DO            
  D:0008H         SYMBOL        i
  -------         ENDDO         
  C:022FH         LINE#         67
  C:022FH         LINE#         68
  C:022FH         LINE#         71
  C:0232H         LINE#         72
  C:0234H         LINE#         73
  C:0236H         LINE#         75
  C:0236H         LINE#         76
  C:0236H         LINE#         77
  C:0239H         LINE#         78
  C:0250H         LINE#         79
  C:0250H         LINE#         80
  C:0253H         LINE#         81
  C:025DH         LINE#         82
  C:025FH         LINE#         83
  -------         ENDPROC       MAIN
  -------         ENDMOD        EX3_SOUND

  -------         MODULE        ?C?ULDIV
  C:004AH         PUBLIC        ?C?ULDIV
  -------         ENDMOD        ?C?ULDIV

  -------         MODULE        ?C?LIMUL
  C:00DCH         PUBLIC        ?C?LIMUL
  -------         ENDMOD        ?C?LIMUL

Program Size: data=16.0 xdata=0 code=644
LINK/LOCATE RUN COMPLETE.  0 WARNING(S),  0 ERROR(S)
