BL51 BANKED LINKER/LOCATER V6.22                                                        04/25/2026  00:38:28  PAGE 1


BL51 BANKED LINKER/LOCATER V6.22, INVOKED BY:
D:\C51\BIN\BL51.EXE .\Objects\EX3_Timer_LED_Sound_Advanced.obj TO .\Objects\EX3_Timer_LED_Sound_Advanced PRINT (.\Listin
>> gs\EX3_Timer_LED_Sound_Advanced.m51) RAMSIZE (256)


MEMORY MODEL: SMALL


INPUT MODULES INCLUDED:
  .\Objects\EX3_Timer_LED_Sound_Advanced.obj (EX3_TIMER_LED_SOUND_ADVANCED)
  D:\C51\LIB\C51S.LIB (?C_STARTUP)
  D:\C51\LIB\C51S.LIB (?C?ULDIV)
  D:\C51\LIB\C51S.LIB (?C?LIMUL)
  D:\C51\LIB\C51S.LIB (?C_INIT)


LINK MAP OF MODULE:  .\Objects\EX3_Timer_LED_Sound_Advanced (EX3_TIMER_LED_SOUND_ADVANCED)


            TYPE    BASE      LENGTH    RELOCATION   SEGMENT NAME
            -----------------------------------------------------

            * * * * * * *   D A T A   M E M O R Y   * * * * * * *
            REG     0000H     0008H     ABSOLUTE     "REG BANK 0"
            DATA    0008H     0008H     UNIT         ?DT?EX3_TIMER_LED_SOUND_ADVANCED
            DATA    0010H     0006H     UNIT         _DATA_GROUP_
            IDATA   0016H     0001H     UNIT         ?STACK

            * * * * * * *   C O D E   M E M O R Y   * * * * * * *
            CODE    0000H     0003H     ABSOLUTE     
                    0003H     0008H                  *** GAP ***
            CODE    000BH     0003H     ABSOLUTE     
            CODE    000EH     000AH     UNIT         ?PR?DISPLAY_SECOND?EX3_TIMER_LED_SOUND_ADVANCED
                    0018H     0003H                  *** GAP ***
            CODE    001BH     0003H     ABSOLUTE     
            CODE    001EH     00FBH     UNIT         ?C?LIB_CODE
            CODE    0119H     008CH     UNIT         ?C_C51STARTUP
            CODE    01A5H     0072H     UNIT         ?CO?EX3_TIMER_LED_SOUND_ADVANCED
            CODE    0217H     004AH     UNIT         ?PR?TIMER1_ISR?EX3_TIMER_LED_SOUND_ADVANCED
            CODE    0261H     0046H     UNIT         ?PR?LOAD_NOTE?EX3_TIMER_LED_SOUND_ADVANCED
            CODE    02A7H     0041H     UNIT         ?PR?_SET_TONE?EX3_TIMER_LED_SOUND_ADVANCED
            CODE    02E8H     002FH     UNIT         ?PR?MAIN?EX3_TIMER_LED_SOUND_ADVANCED
            CODE    0317H     001AH     UNIT         ?PR?NEXT_NOTE?EX3_TIMER_LED_SOUND_ADVANCED
            CODE    0331H     0019H     UNIT         ?C_INITSEG
            CODE    034AH     0011H     UNIT         ?PR?MUSIC_TICK?EX3_TIMER_LED_SOUND_ADVANCED
            CODE    035BH     0009H     UNIT         ?PR?TIMER0_ISR?EX3_TIMER_LED_SOUND_ADVANCED



OVERLAY MAP OF MODULE:   .\Objects\EX3_Timer_LED_Sound_Advanced (EX3_TIMER_LED_SOUND_ADVANCED)


SEGMENT                                            DATA_GROUP 
  +--> CALLED SEGMENT                            START    LENGTH
----------------------------------------------------------------
?PR?TIMER1_ISR?EX3_TIMER_LED_SOUND_AD...         -----    -----
  +--> ?CO?EX3_TIMER_LED_SOUND_ADVANCED
  +--> ?PR?DISPLAY_SECOND?EX3_TIMER_LED_SOUN...
BL51 BANKED LINKER/LOCATER V6.22                                                      04/25/2026  00:38:28  PAGE 2



?PR?DISPLAY_SECOND?EX3_TIMER_LED_SOUN...         -----    -----
  +--> ?CO?EX3_TIMER_LED_SOUND_ADVANCED

*** NEW ROOT ***************************************************

?C_C51STARTUP                                    -----    -----
  +--> ?PR?MAIN?EX3_TIMER_LED_SOUND_ADVANCED
  +--> ?C_INITSEG

?PR?MAIN?EX3_TIMER_LED_SOUND_ADVANCED            -----    -----
  +--> ?CO?EX3_TIMER_LED_SOUND_ADVANCED
  +--> ?PR?DISPLAY_SECOND?EX3_TIMER_LED_SOUN...
  +--> ?PR?LOAD_NOTE?EX3_TIMER_LED_SOUND_ADV...
  +--> ?PR?MUSIC_TICK?EX3_TIMER_LED_SOUND_AD...

?PR?LOAD_NOTE?EX3_TIMER_LED_SOUND_ADV...         0010H    0002H
  +--> ?CO?EX3_TIMER_LED_SOUND_ADVANCED
  +--> ?PR?_SET_TONE?EX3_TIMER_LED_SOUND_ADV...

?PR?_SET_TONE?EX3_TIMER_LED_SOUND_ADV...         0012H    0004H

?PR?MUSIC_TICK?EX3_TIMER_LED_SOUND_AD...         -----    -----
  +--> ?PR?NEXT_NOTE?EX3_TIMER_LED_SOUND_ADV...

?PR?NEXT_NOTE?EX3_TIMER_LED_SOUND_ADV...         -----    -----
  +--> ?PR?LOAD_NOTE?EX3_TIMER_LED_SOUND_ADV...



SYMBOL TABLE OF MODULE:  .\Objects\EX3_Timer_LED_Sound_Advanced (EX3_TIMER_LED_SOUND_ADVANCED)

  VALUE           TYPE          NAME
  ----------------------------------

  -------         MODULE        EX3_TIMER_LED_SOUND_ADVANCED
  C:0000H         SYMBOL        _ICE_DUMMY_
  D:0008H         PUBLIC        tone_h
  D:0090H         PUBLIC        P1
  D:00A0H         PUBLIC        P2
  D:00B0H         PUBLIC        P3
  C:035BH         PUBLIC        timer0_isr
  D:0009H         PUBLIC        tone_l
  C:0217H         PUBLIC        timer1_isr
  B:00A8H.7       PUBLIC        EA
  D:00A8H         PUBLIC        IE
  D:000AH         PUBLIC        pending_50ms
  D:00B8H         PUBLIC        IP
  C:01A5H         PUBLIC        led_pattern
  C:02E8H         PUBLIC        main
  C:034AH         PUBLIC        music_tick
  D:000BH         PUBLIC        note_index
  D:0098H         PUBLIC        SCON
  D:0089H         PUBLIC        TMOD
  D:0088H         PUBLIC        TCON
  C:0261H         PUBLIC        load_note
  D:000CH         PUBLIC        note_ticks_left
BL51 BANKED LINKER/LOCATER V6.22                                                      04/25/2026  00:38:28  PAGE 3


  B:00A8H.1       PUBLIC        ET0
  B:00A8H.3       PUBLIC        ET1
  B:0088H.5       PUBLIC        TF0
  D:008CH         PUBLIC        TH0
  D:008DH         PUBLIC        TH1
  D:008AH         PUBLIC        TL0
  D:008BH         PUBLIC        TL1
  D:000DH         PUBLIC        tick_50ms
  B:0088H.4       PUBLIC        TR0
  B:0088H.6       PUBLIC        TR1
  C:0317H         PUBLIC        next_note
  C:000EH         PUBLIC        display_second
  C:02A7H         PUBLIC        _set_tone
  C:01ADH         PUBLIC        seg_cc
  D:00C8H         PUBLIC        T2CON
  B:00B0H.7       PUBLIC        SPK
  D:000EH         PUBLIC        song_no
  D:00D0H         PUBLIC        PSW
  D:000FH         PUBLIC        second_index
  C:01B7H         PUBLIC        song1_freq
  C:01E7H         PUBLIC        song2_freq
  C:01D7H         PUBLIC        song1_time
  C:0207H         PUBLIC        song2_time
  -------         PROC          DISPLAY_SECOND
  C:000EH         LINE#         76
  C:000EH         LINE#         77
  C:000EH         LINE#         78
  C:0017H         LINE#         79
  -------         ENDPROC       DISPLAY_SECOND
  -------         PROC          _SET_TONE
  D:0006H         SYMBOL        freq
  -------         DO            
  D:0012H         SYMBOL        counts
  D:0004H         SYMBOL        reload
  -------         ENDDO         
  C:02A7H         LINE#         81
  C:02A7H         LINE#         82
  C:02A7H         LINE#         86
  C:02ABH         LINE#         87
  C:02ABH         LINE#         88
  C:02ADH         LINE#         89
  C:02B0H         LINE#         91
  C:02B0H         LINE#         93
  C:02D2H         LINE#         94
  C:02D8H         LINE#         96
  C:02DAH         LINE#         97
  C:02DDH         LINE#         99
  C:02E0H         LINE#         100
  C:02E3H         LINE#         101
  C:02E5H         LINE#         102
  C:02E7H         LINE#         103
  -------         ENDPROC       _SET_TONE
  -------         PROC          LOAD_NOTE
  -------         DO            
  D:0010H         SYMBOL        freq
  -------         ENDDO         
  C:0261H         LINE#         105
BL51 BANKED LINKER/LOCATER V6.22                                                      04/25/2026  00:38:28  PAGE 4


  C:0261H         LINE#         106
  C:0261H         LINE#         109
  C:0265H         LINE#         110
  C:0265H         LINE#         111
  C:027BH         LINE#         112
  C:0280H         LINE#         113
  C:0282H         LINE#         115
  C:0282H         LINE#         116
  C:0298H         LINE#         117
  C:02A0H         LINE#         118
  C:02A0H         LINE#         120
  -------         ENDPROC       LOAD_NOTE
  -------         PROC          NEXT_NOTE
  C:0317H         LINE#         123
  C:0317H         LINE#         124
  C:0317H         LINE#         125
  C:0319H         LINE#         127
  C:0320H         LINE#         128
  C:0320H         LINE#         129
  C:0323H         LINE#         130
  C:0325H         LINE#         131
  C:032BH         LINE#         132
  C:032BH         LINE#         133
  C:032EH         LINE#         134
  C:032EH         LINE#         135
  C:032EH         LINE#         137
  -------         ENDPROC       NEXT_NOTE
  -------         PROC          MUSIC_TICK
  C:034AH         LINE#         140
  C:034AH         LINE#         141
  C:034AH         LINE#         142
  C:0351H         LINE#         143
  C:0351H         LINE#         144
  C:0353H         LINE#         145
  C:0353H         LINE#         147
  C:0357H         LINE#         148
  C:0357H         LINE#         149
  C:035AH         LINE#         150
  C:035AH         LINE#         151
  -------         ENDPROC       MUSIC_TICK
  -------         PROC          TIMER0_ISR
  C:035BH         LINE#         153
  C:035BH         LINE#         155
  C:035EH         LINE#         156
  C:0361H         LINE#         157
  C:0363H         LINE#         158
  -------         ENDPROC       TIMER0_ISR
  -------         PROC          TIMER1_ISR
  C:0217H         LINE#         160
  C:0224H         LINE#         162
  C:0227H         LINE#         163
  C:022AH         LINE#         165
  C:0231H         LINE#         166
  C:0231H         LINE#         167
  C:0233H         LINE#         168
  C:0233H         LINE#         170
  C:0235H         LINE#         171
BL51 BANKED LINKER/LOCATER V6.22                                                      04/25/2026  00:38:28  PAGE 5


  C:023CH         LINE#         172
  C:023CH         LINE#         173
  C:023FH         LINE#         174
  C:0241H         LINE#         175
  C:0247H         LINE#         176
  C:0247H         LINE#         177
  C:024AH         LINE#         178
  C:024AH         LINE#         180
  C:0253H         LINE#         181
  C:0256H         LINE#         182
  C:0256H         LINE#         183
  -------         ENDPROC       TIMER1_ISR
  -------         PROC          MAIN
  C:02E8H         LINE#         185
  C:02E8H         LINE#         186
  C:02E8H         LINE#         187
  C:02EFH         LINE#         188
  C:02F2H         LINE#         189
  C:02F5H         LINE#         191
  C:02F8H         LINE#         193
  C:02FBH         LINE#         194
  C:02FEH         LINE#         196
  C:0301H         LINE#         198
  C:0303H         LINE#         199
  C:0305H         LINE#         200
  C:0307H         LINE#         202
  C:0309H         LINE#         204
  C:0309H         LINE#         205
  C:0309H         LINE#         206
  C:0310H         LINE#         207
  C:0310H         LINE#         208
  C:0312H         LINE#         209
  C:0315H         LINE#         210
  C:0315H         LINE#         211
  -------         ENDPROC       MAIN
  -------         ENDMOD        EX3_TIMER_LED_SOUND_ADVANCED

  -------         MODULE        ?C?ULDIV
  C:005AH         PUBLIC        ?C?ULDIV
  -------         ENDMOD        ?C?ULDIV

  -------         MODULE        ?C?LIMUL
  C:00ECH         PUBLIC        ?C?LIMUL
  -------         ENDMOD        ?C?LIMUL

Program Size: data=23.0 xdata=0 code=857
LINK/LOCATE RUN COMPLETE.  0 WARNING(S),  0 ERROR(S)
