C51 COMPILER V9.54   EX3_TIMER                                                             04/27/2026 06:38:51 PAGE 1   


C51 COMPILER V9.54, COMPILATION OF MODULE EX3_TIMER
OBJECT MODULE PLACED IN .\Objects\EX3_Timer.obj
COMPILER INVOKED BY: D:\C51\BIN\C51.EXE EX3_Timer.c OPTIMIZE(8,SPEED) BROWSE DEBUG OBJECTEXTEND PRINT(.\Listings\EX3_Tim
                    -er.lst) TABS(2) OBJECT(.\Objects\EX3_Timer.obj)

line level    source

   1          #include "SST89x5x4.h"
   2          
   3          sbit Wave1 = P1^0;
   4          sbit Wave2 = P1^1;
   5          
   6          void main(void)
   7          {
   8   1          TMOD = 0x11;      /* T1 and T0: mode 1, 16-bit timer */
   9   1      
  10   1          TH0 = 0xF8;
  11   1          TL0 = 0x00;
  12   1          TH1 = 0xF8;
  13   1          TL1 = 0x00;
  14   1      
  15   1          TR0 = 1;
  16   1          TR1 = 1;
  17   1      
  18   1          while (1)
  19   1          {
  20   2              if (TF0)
  21   2              {
  22   3                  TF0 = 0;
  23   3                  TH0 = 0xF8;
  24   3                  TL0 = 0x00;
  25   3                  Wave1 = ~Wave1;
  26   3              }
  27   2      
  28   2              if (TF1)
  29   2              {
  30   3                  TF1 = 0;
  31   3                  TH1 = 0xF8;
  32   3                  TL1 = 0x00;
  33   3                  Wave2 = ~Wave2;
  34   3              }
  35   2          }
  36   1      }


MODULE INFORMATION:   STATIC OVERLAYABLE
   CODE SIZE        =     46    ----
   CONSTANT SIZE    =   ----    ----
   XDATA SIZE       =   ----    ----
   PDATA SIZE       =   ----    ----
   DATA SIZE        =   ----    ----
   IDATA SIZE       =   ----    ----
   BIT SIZE         =   ----    ----
END OF MODULE INFORMATION.


C51 COMPILATION COMPLETE.  0 WARNING(S),  0 ERROR(S)
