BL51 BANKED LINKER/LOCATER V6.22                                                        04/27/2026  06:56:01  PAGE 1


BL51 BANKED LINKER/LOCATER V6.22, INVOKED BY:
D:\C51\BIN\BL51.EXE .\Objects\EX3_Count.obj TO .\Objects\EX3_2 PRINT (.\Listings\EX3_2.m51) RAMSIZE (256)


MEMORY MODEL: SMALL


INPUT MODULES INCLUDED:
  .\Objects\EX3_Count.obj (EX3_COUNT)
  D:\C51\LIB\C51S.LIB (?C_STARTUP)


LINK MAP OF MODULE:  .\Objects\EX3_2 (EX3_COUNT)


            TYPE    BASE      LENGTH    RELOCATION   SEGMENT NAME
            -----------------------------------------------------

            * * * * * * *   D A T A   M E M O R Y   * * * * * * *
            REG     0000H     0008H     ABSOLUTE     "REG BANK 0"
            IDATA   0008H     0001H     UNIT         ?STACK

            * * * * * * *   C O D E   M E M O R Y   * * * * * * *
            CODE    0000H     0003H     ABSOLUTE     
            CODE    0003H     0014H     UNIT         ?PR?MAIN?EX3_COUNT
            CODE    0017H     000CH     UNIT         ?C_C51STARTUP



OVERLAY MAP OF MODULE:   .\Objects\EX3_2 (EX3_COUNT)


SEGMENT
  +--> CALLED SEGMENT
---------------------
?C_C51STARTUP
  +--> ?PR?MAIN?EX3_COUNT



SYMBOL TABLE OF MODULE:  .\Objects\EX3_2 (EX3_COUNT)

  VALUE           TYPE          NAME
  ----------------------------------

  -------         MODULE        EX3_COUNT
  C:0000H         SYMBOL        _ICE_DUMMY_
  D:0090H         PUBLIC        P1
  D:00B0H         PUBLIC        P3
  D:00A8H         PUBLIC        IE
  D:00B8H         PUBLIC        IP
  C:0003H         PUBLIC        main
  B:0090H.0       PUBLIC        P10Value
  D:0098H         PUBLIC        SCON
  D:0089H         PUBLIC        TMOD
  D:0088H         PUBLIC        TCON
  B:0088H.7       PUBLIC        TF1
  D:008DH         PUBLIC        TH1
BL51 BANKED LINKER/LOCATER V6.22                                                      04/27/2026  06:56:01  PAGE 2


  D:008BH         PUBLIC        TL1
  B:0088H.6       PUBLIC        TR1
  D:00C8H         PUBLIC        T2CON
  D:00D0H         PUBLIC        PSW
  -------         PROC          MAIN
  C:0003H         LINE#         5
  C:0003H         LINE#         6
  C:0003H         LINE#         12
  C:0006H         LINE#         13
  C:0009H         LINE#         14
  C:000CH         LINE#         15
  C:000EH         LINE#         17
  C:000EH         LINE#         18
  C:000EH         LINE#         19
  C:0011H         LINE#         20
  C:0011H         LINE#         21
  C:0011H         LINE#         22
  C:0013H         LINE#         23
  C:0015H         LINE#         24
  -------         ENDPROC       MAIN
  -------         ENDMOD        EX3_COUNT

Program Size: data=9.0 xdata=0 code=35
LINK/LOCATE RUN COMPLETE.  0 WARNING(S),  0 ERROR(S)
