C51 COMPILER V9.54   EX5_SERIAL                                                            05/05/2026 03:53:01 PAGE 1   


C51 COMPILER V9.54, COMPILATION OF MODULE EX5_SERIAL
OBJECT MODULE PLACED IN .\Objects\EX5_Serial.obj
COMPILER INVOKED BY: D:\C51\BIN\C51.EXE EX5_Serial.c OPTIMIZE(8,SPEED) BROWSE DEBUG OBJECTEXTEND PRINT(.\Listings\EX5_Se
                    -rial.lst) TABS(2) OBJECT(.\Objects\EX5_Serial.obj)

line level    source

   1          #include "SST89x5x4.h"
   2          
   3          void uart_init(void)
   4          {
   5   1          SCON = 0x50;
   6   1          TMOD = (TMOD & 0x0F) | 0x20;
   7   1          PCON = 0x80;
   8   1          TH1 = 0xFD;
   9   1          TL1 = 0xFD;
  10   1          TR1 = 1;
  11   1          TI = 1;
  12   1      }
  13          
  14          void uart_putc(unsigned char c)
  15          {
  16   1          SBUF = c;
  17   1          while (!TI)
  18   1          {
  19   2          }
  20   1          TI = 0;
  21   1      }
  22          
  23          void uart_puts(char *s)
  24          {
  25   1          while (*s)
  26   1          {
  27   2              uart_putc(*s++);
  28   2          }
  29   1      }
  30          
  31          void delay(void)
  32          {
  33   1          unsigned int i;
  34   1          for (i = 0; i < 35000; i++)
  35   1          {
  36   2          }
  37   1      }
  38          
  39          void main(void)
  40          {
  41   1          uart_init();
  42   1      
  43   1          while (1)
  44   1          {
  45   2              uart_puts("Xi'an Tangdu Corp.\r\n");
  46   2              delay();
  47   2          }
  48   1      }


MODULE INFORMATION:   STATIC OVERLAYABLE
   CODE SIZE        =    113    ----
   CONSTANT SIZE    =     21    ----
   XDATA SIZE       =   ----    ----
C51 COMPILER V9.54   EX5_SERIAL                                                            05/05/2026 03:53:01 PAGE 2   

   PDATA SIZE       =   ----    ----
   DATA SIZE        =   ----       3
   IDATA SIZE       =   ----    ----
   BIT SIZE         =   ----    ----
END OF MODULE INFORMATION.


C51 COMPILATION COMPLETE.  0 WARNING(S),  0 ERROR(S)
