BL51 BANKED LINKER/LOCATER V6.22                                                        05/06/2026  12:05:00  PAGE 1


BL51 BANKED LINKER/LOCATER V6.22, INVOKED BY:
D:\C51\BIN\BL51.EXE .\Objects\EX5_ADC0804_Serial_Advanced_Proteus.obj TO .\Objects\EX_5.5 PRINT (.\Listings\EX_5.m51) RA
>> MSIZE (256)


MEMORY MODEL: SMALL


INPUT MODULES INCLUDED:
  .\Objects\EX5_ADC0804_Serial_Advanced_Proteus.obj (EX5_ADC0804_SERIAL_ADVANCED_PROTEUS)
  D:\C51\LIB\C51S.LIB (?C_STARTUP)
  D:\C51\LIB\C51S.LIB (?C?CLDPTR)
  D:\C51\LIB\C51S.LIB (?C?UIDIV)
  D:\C51\LIB\C51S.LIB (?C?ULDIV)
  D:\C51\LIB\C51S.LIB (?C?LIMUL)
  D:\C51\LIB\C51S.LIB (?C_INIT)


LINK MAP OF MODULE:  .\Objects\EX_5.5 (EX5_ADC0804_SERIAL_ADVANCED_PROTEUS)


            TYPE    BASE      LENGTH    RELOCATION   SEGMENT NAME
            -----------------------------------------------------

            * * * * * * *   D A T A   M E M O R Y   * * * * * * *
            REG     0000H     0008H     ABSOLUTE     "REG BANK 0"
            DATA    0008H     0008H     UNIT         _DATA_GROUP_
            DATA    0010H     0005H     UNIT         ?DT?EX5_ADC0804_SERIAL_ADVANCED_PROTEUS
            IDATA   0015H     0001H     UNIT         ?STACK

            * * * * * * *   C O D E   M E M O R Y   * * * * * * *
            CODE    0000H     0003H     ABSOLUTE     
            CODE    0003H     0169H     UNIT         ?C?LIB_CODE
            CODE    016CH     008CH     UNIT         ?C_C51STARTUP
            CODE    01F8H     0087H     UNIT         ?PR?_UART_PUT_VOLTAGE?EX5_ADC0804_SERIAL_ADVANCED_PROTEUS
            CODE    027FH     004BH     UNIT         ?PR?_UART_PUT_UINT?EX5_ADC0804_SERIAL_ADVANCED_PROTEUS
            CODE    02CAH     0040H     UNIT         ?PR?MAIN?EX5_ADC0804_SERIAL_ADVANCED_PROTEUS
            CODE    030AH     0032H     UNIT         ?PR?HANDLE_UART_COMMAND?EX5_ADC0804_SERIAL_ADVANCED_PROTEUS
            CODE    033CH     0027H     UNIT         ?PR?SEND_SAMPLE?EX5_ADC0804_SERIAL_ADVANCED_PROTEUS
            CODE    0363H     0025H     UNIT         ?PR?_UART_PUTS?EX5_ADC0804_SERIAL_ADVANCED_PROTEUS
            CODE    0388H     0022H     UNIT         ?PR?DISPLAY_SCAN_ONCE?EX5_ADC0804_SERIAL_ADVANCED_PROTEUS
            CODE    03AAH     0022H     UNIT         ?CO?EX5_ADC0804_SERIAL_ADVANCED_PROTEUS
            CODE    03CCH     001CH     UNIT         ?PR?_UPDATE_DISPLAY_BUF?EX5_ADC0804_SERIAL_ADVANCED_PROTEUS
            CODE    03E8H     001BH     UNIT         ?PR?READ_ADC0804?EX5_ADC0804_SERIAL_ADVANCED_PROTEUS
            CODE    0403H     0019H     UNIT         ?PR?UART_INIT?EX5_ADC0804_SERIAL_ADVANCED_PROTEUS
            CODE    041CH     0013H     UNIT         ?PR?_UART_PUTC?EX5_ADC0804_SERIAL_ADVANCED_PROTEUS
            CODE    042FH     0012H     UNIT         ?PR?DELAY_SHORT?EX5_ADC0804_SERIAL_ADVANCED_PROTEUS
            CODE    0441H     000CH     UNIT         ?C_INITSEG



OVERLAY MAP OF MODULE:   .\Objects\EX_5.5 (EX5_ADC0804_SERIAL_ADVANCED_PROTEUS)


SEGMENT                                            DATA_GROUP 
  +--> CALLED SEGMENT                            START    LENGTH
----------------------------------------------------------------
?C_C51STARTUP                                    -----    -----
BL51 BANKED LINKER/LOCATER V6.22                                                      05/06/2026  12:05:00  PAGE 2


  +--> ?PR?MAIN?EX5_ADC0804_SERIAL_ADVANCED_...
  +--> ?C_INITSEG

?PR?MAIN?EX5_ADC0804_SERIAL_ADVANCED_...         0008H    0002H
  +--> ?PR?UART_INIT?EX5_ADC0804_SERIAL_ADVA...
  +--> ?PR?HANDLE_UART_COMMAND?EX5_ADC0804_S...
  +--> ?PR?READ_ADC0804?EX5_ADC0804_SERIAL_A...
  +--> ?PR?_UPDATE_DISPLAY_BUF?EX5_ADC0804_S...
  +--> ?PR?DISPLAY_SCAN_ONCE?EX5_ADC0804_SER...
  +--> ?PR?SEND_SAMPLE?EX5_ADC0804_SERIAL_AD...

?PR?HANDLE_UART_COMMAND?EX5_ADC0804_S...         -----    -----
  +--> ?CO?EX5_ADC0804_SERIAL_ADVANCED_PROTEUS
  +--> ?PR?_UART_PUTS?EX5_ADC0804_SERIAL_ADV...
  +--> ?PR?_UART_PUT_UINT?EX5_ADC0804_SERIAL...

?PR?_UART_PUTS?EX5_ADC0804_SERIAL_ADV...         000AH    0003H
  +--> ?PR?_UART_PUTC?EX5_ADC0804_SERIAL_ADV...

?PR?_UART_PUT_UINT?EX5_ADC0804_SERIAL...         -----    -----
  +--> ?PR?_UART_PUTC?EX5_ADC0804_SERIAL_ADV...

?PR?READ_ADC0804?EX5_ADC0804_SERIAL_A...         -----    -----
  +--> ?PR?DELAY_SHORT?EX5_ADC0804_SERIAL_AD...

?PR?DISPLAY_SCAN_ONCE?EX5_ADC0804_SER...         -----    -----
  +--> ?CO?EX5_ADC0804_SERIAL_ADVANCED_PROTEUS
  +--> ?PR?DELAY_SHORT?EX5_ADC0804_SERIAL_AD...

?PR?SEND_SAMPLE?EX5_ADC0804_SERIAL_AD...         -----    -----
  +--> ?CO?EX5_ADC0804_SERIAL_ADVANCED_PROTEUS
  +--> ?PR?_UART_PUTS?EX5_ADC0804_SERIAL_ADV...
  +--> ?PR?_UART_PUT_UINT?EX5_ADC0804_SERIAL...
  +--> ?PR?_UART_PUT_VOLTAGE?EX5_ADC0804_SER...

?PR?_UART_PUT_VOLTAGE?EX5_ADC0804_SER...         000AH    0006H
  +--> ?PR?_UART_PUT_UINT?EX5_ADC0804_SERIAL...
  +--> ?PR?_UART_PUTC?EX5_ADC0804_SERIAL_ADV...



SYMBOL TABLE OF MODULE:  .\Objects\EX_5.5 (EX5_ADC0804_SERIAL_ADVANCED_PROTEUS)

  VALUE           TYPE          NAME
  ----------------------------------

  -------         MODULE        EX5_ADC0804_SERIAL_ADVANCED_PROTEUS
  C:0000H         SYMBOL        _ICE_DUMMY_
  D:0080H         PUBLIC        P0
  D:0090H         PUBLIC        P1
  C:03CCH         PUBLIC        _update_display_buf
  D:00A0H         PUBLIC        P2
  D:00B0H         PUBLIC        P3
  C:0388H         PUBLIC        display_scan_once
  D:00A8H         PUBLIC        IE
  C:033CH         PUBLIC        send_sample
  D:00B8H         PUBLIC        IP
BL51 BANKED LINKER/LOCATER V6.22                                                      05/06/2026  12:05:00  PAGE 3


  D:0010H         PUBLIC        display_buf
  B:0098H.0       PUBLIC        RI
  C:027FH         PUBLIC        _uart_put_uint
  B:0098H.1       PUBLIC        TI
  C:0432H         PUBLIC        delay_short
  C:02CAH         PUBLIC        main
  D:0099H         PUBLIC        SBUF
  D:0087H         PUBLIC        PCON
  D:0098H         PUBLIC        SCON
  D:0089H         PUBLIC        TMOD
  D:0088H         PUBLIC        TCON
  B:00B0H.6       PUBLIC        ADC_RD
  B:00B0H.4       PUBLIC        ADC_CS
  D:0013H         PUBLIC        ad_value
  D:008DH         PUBLIC        TH1
  C:01F8H         PUBLIC        _uart_put_voltage
  D:008BH         PUBLIC        TL1
  D:0014H         PUBLIC        precision
  B:00B0H.5       PUBLIC        ADC_WR
  C:030AH         PUBLIC        handle_uart_command
  C:0403H         PUBLIC        uart_init
  B:0088H.6       PUBLIC        TR1
  C:0427H         PUBLIC        _uart_putc
  C:03C2H         PUBLIC        seg_cc
  B:00B0H.3       PUBLIC        ADC_INTR
  D:00C8H         PUBLIC        T2CON
  C:0363H         PUBLIC        _uart_puts
  C:03E8H         PUBLIC        read_adc0804
  D:00D0H         PUBLIC        PSW
  -------         PROC          L?0042
  -------         ENDPROC       L?0042
  -------         PROC          DELAY_SHORT
  -------         DO            
  D:0006H         SYMBOL        i
  -------         ENDDO         
  C:0432H         LINE#         36
  C:0432H         LINE#         37
  C:0432H         LINE#         39
  C:0435H         LINE#         40
  C:0435H         LINE#         41
  C:0440H         LINE#         42
  -------         ENDPROC       DELAY_SHORT
  -------         PROC          UART_INIT
  C:0403H         LINE#         44
  C:0403H         LINE#         45
  C:0403H         LINE#         46
  C:0406H         LINE#         47
  C:040EH         LINE#         48
  C:0411H         LINE#         49
  C:0414H         LINE#         50
  C:0417H         LINE#         51
  C:0419H         LINE#         52
  C:041BH         LINE#         53
  -------         ENDPROC       UART_INIT
  -------         PROC          L?0041
  -------         ENDPROC       L?0041
  -------         PROC          _UART_PUTC
BL51 BANKED LINKER/LOCATER V6.22                                                      05/06/2026  12:05:00  PAGE 4


  D:0007H         SYMBOL        c
  C:0427H         LINE#         55
  C:0427H         LINE#         56
  C:0427H         LINE#         57
  C:0429H         LINE#         58
  C:042CH         LINE#         59
  C:042CH         LINE#         60
  C:042CH         LINE#         61
  C:042EH         LINE#         62
  -------         ENDPROC       _UART_PUTC
  -------         PROC          _UART_PUTS
  D:000AH         SYMBOL        s
  C:0363H         LINE#         64
  C:0369H         LINE#         65
  C:0369H         LINE#         66
  C:0374H         LINE#         67
  C:0374H         LINE#         68
  C:0385H         LINE#         69
  C:0387H         LINE#         70
  -------         ENDPROC       _UART_PUTS
  -------         PROC          _UART_PUT_UINT
  D:0004H         SYMBOL        v
  -------         DO            
  D:0007H         SYMBOL        hundreds
  D:0006H         SYMBOL        tens
  -------         ENDDO         
  C:027FH         LINE#         72
  C:0283H         LINE#         73
  C:0283H         LINE#         74
  C:0285H         LINE#         75
  C:0286H         LINE#         77
  C:028FH         LINE#         78
  C:028FH         LINE#         79
  C:0297H         LINE#         80
  C:0298H         LINE#         81
  C:029AH         LINE#         82
  C:02A3H         LINE#         83
  C:02A3H         LINE#         84
  C:02ABH         LINE#         85
  C:02ACH         LINE#         86
  C:02AEH         LINE#         88
  C:02B1H         LINE#         89
  C:02B1H         LINE#         90
  C:02B7H         LINE#         91
  C:02B8H         LINE#         92
  C:02BAH         LINE#         93
  C:02BDH         LINE#         94
  C:02BDH         LINE#         95
  C:02C3H         LINE#         96
  C:02C3H         LINE#         97
  -------         ENDPROC       _UART_PUT_UINT
  -------         PROC          _UART_PUT_VOLTAGE
  D:0007H         SYMBOL        value
  -------         DO            
  D:000AH         SYMBOL        mv
  D:000EH         SYMBOL        v_int
  D:0002H         SYMBOL        v_frac
BL51 BANKED LINKER/LOCATER V6.22                                                      05/06/2026  12:05:00  PAGE 5


  -------         ENDDO         
  C:01F8H         LINE#         100
  C:01F8H         LINE#         101
  C:01F8H         LINE#         106
  C:0212H         LINE#         107
  C:0220H         LINE#         108
  C:0232H         LINE#         110
  C:0239H         LINE#         111
  C:0240H         LINE#         112
  C:0240H         LINE#         113
  C:0245H         LINE#         114
  C:0257H         LINE#         115
  C:025EH         LINE#         116
  C:025EH         LINE#         117
  C:026CH         LINE#         118
  C:026CH         LINE#         119
  C:0273H         LINE#         120
  C:0273H         LINE#         121
  C:027AH         LINE#         122
  C:027AH         LINE#         123
  C:027AH         LINE#         124
  -------         ENDPROC       _UART_PUT_VOLTAGE
  -------         PROC          READ_ADC0804
  -------         DO            
  D:0007H         SYMBOL        value
  -------         ENDDO         
  C:03E8H         LINE#         127
  C:03E8H         LINE#         128
  C:03E8H         LINE#         131
  C:03EBH         LINE#         132
  C:03EDH         LINE#         133
  C:03EFH         LINE#         135
  C:03F1H         LINE#         136
  C:03F4H         LINE#         137
  C:03F6H         LINE#         139
  C:03F9H         LINE#         140
  C:03F9H         LINE#         141
  C:03F9H         LINE#         143
  C:03FBH         LINE#         144
  C:03FEH         LINE#         145
  C:0400H         LINE#         146
  C:0402H         LINE#         148
  C:0402H         LINE#         149
  -------         ENDPROC       READ_ADC0804
  -------         PROC          _UPDATE_DISPLAY_BUF
  D:0007H         SYMBOL        value
  C:03CCH         LINE#         151
  C:03CCH         LINE#         152
  C:03CCH         LINE#         153
  C:03D3H         LINE#         154
  C:03DFH         LINE#         155
  C:03E7H         LINE#         156
  -------         ENDPROC       _UPDATE_DISPLAY_BUF
  -------         PROC          DISPLAY_SCAN_ONCE
  C:0388H         LINE#         158
  C:0388H         LINE#         159
  C:0388H         LINE#         160
BL51 BANKED LINKER/LOCATER V6.22                                                      05/06/2026  12:05:00  PAGE 6


  C:038BH         LINE#         161
  C:0390H         LINE#         162
  C:0393H         LINE#         163
  C:0396H         LINE#         164
  C:0398H         LINE#         165
  C:039BH         LINE#         166
  C:039EH         LINE#         167
  C:03A3H         LINE#         168
  C:03A6H         LINE#         169
  C:03A9H         LINE#         170
  -------         ENDPROC       DISPLAY_SCAN_ONCE
  -------         PROC          HANDLE_UART_COMMAND
  -------         DO            
  D:0007H         SYMBOL        c
  -------         ENDDO         
  C:030AH         LINE#         172
  C:030AH         LINE#         173
  C:030AH         LINE#         176
  C:030DH         LINE#         177
  C:030DH         LINE#         178
  C:030FH         LINE#         179
  C:0311H         LINE#         180
  C:031DH         LINE#         181
  C:031DH         LINE#         182
  C:0322H         LINE#         183
  C:032BH         LINE#         184
  C:0332H         LINE#         185
  C:033BH         LINE#         186
  C:033BH         LINE#         187
  C:033BH         LINE#         188
  -------         ENDPROC       HANDLE_UART_COMMAND
  -------         PROC          SEND_SAMPLE
  C:033CH         LINE#         190
  C:033CH         LINE#         191
  C:033CH         LINE#         192
  C:0345H         LINE#         193
  C:034CH         LINE#         194
  C:0355H         LINE#         195
  C:035AH         LINE#         196
  -------         ENDPROC       SEND_SAMPLE
  -------         PROC          MAIN
  -------         DO            
  D:0008H         SYMBOL        loop_count
  -------         ENDDO         
  C:02CAH         LINE#         199
  C:02CAH         LINE#         200
  C:02CAH         LINE#         201
  C:02CFH         LINE#         203
  C:02D2H         LINE#         204
  C:02D5H         LINE#         205
  C:02D8H         LINE#         206
  C:02DBH         LINE#         207
  C:02DDH         LINE#         208
  C:02DFH         LINE#         209
  C:02E1H         LINE#         211
  C:02E1H         LINE#         212
  C:02E1H         LINE#         213
BL51 BANKED LINKER/LOCATER V6.22                                                      05/06/2026  12:05:00  PAGE 7


  C:02E4H         LINE#         214
  C:02E9H         LINE#         215
  C:02ECH         LINE#         216
  C:02EFH         LINE#         218
  C:02F7H         LINE#         219
  C:0300H         LINE#         220
  C:0300H         LINE#         221
  C:0305H         LINE#         222
  C:0308H         LINE#         223
  C:0308H         LINE#         224
  -------         ENDPROC       MAIN
  -------         ENDMOD        EX5_ADC0804_SERIAL_ADVANCED_PROTEUS

  -------         MODULE        ?C?CLDPTR
  C:0003H         PUBLIC        ?C?CLDPTR
  -------         ENDMOD        ?C?CLDPTR

  -------         MODULE        ?C?UIDIV
  C:001CH         PUBLIC        ?C?UIDIV
  -------         ENDMOD        ?C?UIDIV

  -------         MODULE        ?C?ULDIV
  C:00ADH         PUBLIC        ?C?ULDIV
  -------         ENDMOD        ?C?ULDIV

  -------         MODULE        ?C?LIMUL
  C:013FH         PUBLIC        ?C?LIMUL
  -------         ENDMOD        ?C?LIMUL

Program Size: data=22.0 xdata=0 code=1101
LINK/LOCATE RUN COMPLETE.  0 WARNING(S),  0 ERROR(S)
