main.c:98:13:IC_GPIO_Init	8	static
main.c:116:13:IC_TIM2_Init	4	static
main.c:125:13:IC_DelayUs	24	static
main.c:138:16:IC_WaitPinLevel	32	static
main.c:151:13:IC_UART_Init	16	static
main.c:165:13:IC_UART_WriteChar	16	static
main.c:172:13:IC_UART_WriteString	16	static
main.c:180:13:IC_UART_WriteUnsigned	32	static
main.c:200:13:IC_UART_WriteSignedTenths	24	static
main.c:216:13:IC_I2C_Start	8	static
main.c:225:13:IC_I2C_Stop	8	static
main.c:235:16:IC_I2C_WriteByte	24	static
main.c:262:16:IC_I2C_ReadByte	24	static
main.c:293:16:IC_LM75_ToTenths	24	static
main.c:304:16:IC_LM75_ReadTenths	24	static
main.c:333:13:IC_DHT22_PinOutput	4	static
main.c:339:13:IC_DHT22_PinInput	4	static
main.c:346:16:IC_DHT22_Read	32	static
main.c:413:13:IC_PrintSensorLine	24	static
main.c:450:5:main	32	static
main.c:507:6:SystemClock_Config	72	static
main.c:546:6:Error_Handler	4	static,ignoring_inline_asm
